07-17 14:14:14.120  1279  3891 D SettingsProvider: PUT_ret(/secure/accessibility_enabled), callingPackage:android
07-17 14:14:14.120  1279  3891 D MagnificationConnectionManager: requestConnection :false mConnectionState : 3
07-17 14:14:14.120  1279  3891 W MagnificationConnectionManager: requestConnection duplicated request: connect=false, mConnectionState=DISCONNECTED
07-17 14:14:14.120  1279  3891 D AccessibilityManagerService: restoreCurrentUserForTestAutomationIfNeededLocked(): ignoring because device doesn't support visible background users
07-17 14:14:14.121  1279  1354 D KNOX_MDM_SettingsProvider: isChangeAllowed() : name = accelerometer_rotation
07-17 14:14:14.121  1279  1354 D KNOX_MDM_SettingsProvider: isChangeAllowed() : name = user_rotation
07-17 14:14:14.121  1279  1354 V WindowManager: Computed rotation=ROTATION_0 (0) for display id=0 based on lastOrientation=SCREEN_ORIENTATION_PORTRAIT (1) and oldRotation=ROTATION_0 (0), caller=com.android.server.wm.WindowManagerService.updateRotationUnchecked:84 com.android.server.wm.WindowManagerService.thawDisplayRotation:125 com.android.server.wm.WindowManagerService.thawRotation:2 android.view.IWindowManager$Stub.onTransact:2874 com.android.server.wm.WindowManagerService.onTransact:1 android.os.Binder.execTransactInternal:1536 
07-17 14:14:14.121 31010 31010 I CalendarProvider$CalendarProvider2: Created a.a@55cf1ce(com.android.providers.calendar.CalendarProvider2@d93e8ef)
07-17 14:14:14.123 30958 30958 I [WEATHER]: {[D318FEE09F4EDB9DDF92BE16BCBDD8A38974A7016903490443092F30E0559EFDEFA3A2EC87DD726952B14FAC29AF55B6A680510F75FC529A3F3F30A381B90ED7]}
07-17 14:14:14.124 31010 31010 I CalendarProvider$CalendarProvider2: startContactBirthdaySync
07-17 14:14:14.124 31010 31010 I CalendarProvider$CalendarProvider2: Success to Start CalendarProvider.
07-17 14:14:14.124 31010 31010 I CalendarProvider$ShadowCalendarProvider: ShadowCalendarProvider started.
07-17 14:14:14.124  1279  1279 D BatterySaverPolicy: accessibility changed to false, updating policy.
07-17 14:14:14.124 31010 31040 I CalendarProvider$CalendarProvider2: Run PostInitializeThread
07-17 14:14:14.125 30958 30958 I [WEATHER]: {[E1621FD313E13754D1C1F9D2BE67650BB85F1DB1A1A2159D8BCF0C06E1FD2C4C2820713610D1E5129CE711B7445AB307566F0811233F9B54FBAB78623D7A559006C19E2C6FD81A8EC29EDA57BAAE8540E9D3CFE6F3BAAD19D85941D4258E6FB5BB5DD0D6572D5D3368B255AC0D3A4F468AE1EE6C720795944A86DE7CE33206150F55D90F5FF5847E3E40DB71E43EF09EF3EC41BFBB5FF0B260203927654E1D9C07C8375888A97918E9B7142E1D6B6C722463CD1D913E2A4577D11C425CFDFC19]}
07-17 14:14:14.126  1279  2167 I ActivityManager: Force stopping io.appium.uiautomator2.server appid=10644 user=0: finished inst
07-17 14:14:14.127 30958 30958 I [WEATHER]: {[C87F748D3E09D031296D0B45C9728D50E6E611C2848A5D4F37A9C61625D94C7CE896C16FFCA4DD4559A2DB0D0AE9846E]}
07-17 14:14:14.128  1279  2167 I ActivityManager: Killing 30575:io.appium.uiautomator2.server/u0a644 (adj 0): stop io.appium.uiautomator2.server due to finished inst
07-17 14:14:14.128 30958 30958 W [WEATHER]: {[7D9BC303D97E3EC4DB89DC0CC5B72DDD6E3F4DB67313F83A17CAC797F1DAD11221F1BDFFDDFA10165BC8C44B2DF8B2606F799D9506A5DA57693FE160ABC66A4F]}
07-17 14:14:14.128  1279  1491 D DisplayManagerService: Drop pending events for gone uid 10644
07-17 14:14:14.129  1279  2167 D ActivityManager: proc ProcessRecord{8c75f61 30575:io.appium.uiautomator2.server/u0a644} already removed. so we skip next process.
07-17 14:14:14.130 30564 30564 I app_process: System.exit called, status: 0
07-17 14:14:14.130 30564 30564 I AndroidRuntime: VM exiting with result code 0.
07-17 14:14:14.135  1279  1512 V GrammaticalInflectionUtils: AttributionSource: AttributionSource { uid = 10341, packageName = null, attributionTag = null, token = android.os.Binder@a6325b9, deviceId = 0, next = null } does not have READ_SYSTEM_GRAMMATICAL_GENDER permission.
07-17 14:14:14.136 18917 30957 I GOS:DataUpdater: addInstalledSecureFolderPkgList(). There is no SecureFolder.
07-17 14:14:14.138   673   673 D io_stats: !@   8,0 r 5127620 225798668 w 4555121 66862372 d 867056 105110192 f 0 0 iot 4259216 0 th 0 0 0 pt 0 inp 0 0 77832.548
07-17 14:14:14.138 31010 31010 I CalendarProvider$CalendarProviderBroadcastReceiver: Received intent : com.android.providers.calendar.intent.CalendarProvider2
07-17 14:14:14.140  2596 23397 I HoneySpace.GlobalSettingDataSourceImpl: Setting accessibility_enabled changed to 0
07-17 14:14:14.146 30958 30958 I [WEATHER]: {[C255C216F41F42AB0833D50CEE540DAE9C7BE77478CCC0525A7F18EA4DDCDB060CC6346DDB92DCAB2A60699962DD6399F8D99898007B519615AD3B7540219D0224FD98ED98494044E03D5D37E3C6543E]}
07-17 14:14:14.147  1100  1100 I SurfaceFlinger: [LayerHierarchy{RequestedLayerState{WindowToken{503d528 type=2032 android.os.Binder@58e774b}#16354 z=1} no children}] reparent to OffscreenRoot
07-17 14:14:14.147  1100  1100 I SurfaceFlinger: [LayerHierarchy{RequestedLayerState{WindowToken{503d528 type=2032 android.os.Binder@58e774b}#16354 z=1} no children}] RelativeParent to null
07-17 14:14:14.147  1100  1100 I SurfaceFlinger: id=16354 Removed WindowToken{503d528 type=2032 android.os.Binder@58e774b}#16354 (132)
07-17 14:14:14.148  1279  1753 I ActivityManager: Killing 28589:com.samsung.android.app.aodservice:provider/u0a42 (adj 985): empty #33
07-17 14:14:14.150  1279  4385 I AppWidgetServiceImpl: getInstalledProvidersForProfiles() 
07-17 14:14:14.150  1279  4385 I AppWidgetServiceImpl: getInstalledProvidersForProfiles lock in
07-17 14:14:14.151  1279  4385 I AppWidgetServiceImpl: getInstalledProvidersForProfiles lock exit
07-17 14:14:14.155   963   963 D Zygote  : Forked child process 31053
07-17 14:14:14.156  1279  1513 I ActivityManager: Start proc 31053:com.whatsapp/u0a341 for broadcast {com.whatsapp/com.whatsapp.alarmservice.AlarmBroadcastReceiver}
07-17 14:14:14.160  1279  1753 W ParceledListSlice: Element #21 is 22452 bytes.
07-17 14:14:14.160  1279  1753 W ParceledListSlice: Element #22 is 22624 bytes.
07-17 14:14:14.160  1279  1753 W ParceledListSlice: Element #23 is 22716 bytes.
07-17 14:14:14.161 21056 21072 I alvy    : NGA enabled in interactor.
07-17 14:14:14.162 21056 21072 I alvy    : (REDACTED) Nga state changed to %s
07-17 14:14:14.162 21056 21072 I alvy    : (REDACTED) isTngActive=%s
07-17 14:14:14.162 21056 21072 W ahqh    : (REDACTED) Queue length for executor %s is now %d. Perhaps some tasks are too long, or the pool is too small.
07-17 14:14:14.163 30958 31004 I RunestoneSDK: [1.3.11]Called module : V15RunestoneStateModule -> getRunestoneState(Unknown Source:20)
07-17 14:14:14.163  1100  1100 I SurfaceFlinger: destroyed WindowToken{503d528 type=2032 android.os.Binder@58e774b}#16354
07-17 14:14:14.164  1100  1100 I Layer   : id=16354 Destroyed WindowToken{503d528 type=2032 android.os.Binder@58e774b}#16354
07-17 14:14:14.164 31053 31053 I com.whatsapp: Using CollectorTypeCC GC.
07-17 14:14:14.165  1279  3891 W ParceledListSlice: Element #24 is 22372 bytes.
07-17 14:14:14.166  1279  2167 D CompatChangeReporter: Compat change id reported: 151861875; UID 5010; state: ENABLED
07-17 14:14:14.166  1279  2167 V GrammaticalInflectionUtils: AttributionSource: AttributionSource { uid = 5010, packageName = null, attributionTag = null, token = android.os.Binder@a6325b9, deviceId = 0, next = null } does not have READ_SYSTEM_GRAMMATICAL_GENDER permission.
07-17 14:14:14.167 31053 31053 E com.whatsapp: Not starting debugger since process cannot load the jdwp agent.
07-17 14:14:14.167 31010 31045 I CalendarProvider$CalendarProviderBroadcastReceiver: Run schedule next alarm.
07-17 14:14:14.168 18917 30957 I GOS:FilteredPmAppCategoryGetter: getCategoryCode(). categoryCode:undefined, packageName:com.touchtype.swiftkey
07-17 14:14:14.170  1279  1753 W ParceledListSlice: Element #63 is 17024 bytes.
07-17 14:14:14.175 31053 31053 D nativeloader: Load libframework-connectivity-tiramisu-jni.so using APEX ns com_android_tethering for caller /apex/com.android.tethering/javalib/framework-connectivity-t.jar: ok
07-17 14:14:14.176   963   963 D Zygote  : Forked child process 31066
07-17 14:14:14.176 31168 31177 I uks     : Initializing all components
07-17 14:14:14.176 31053 31053 D ActivityThread: setConscryptValidator
07-17 14:14:14.177 31053 31053 D ActivityThread: setConscryptValidator - put
07-17 14:14:14.177 18917 30957 I GOS:FilteredPmAppCategoryGetter: getCategoryCode(). categoryCode:undefined, packageName:ru.sberbankmobile_alpha
07-17 14:14:14.178  1279  1513 I ActivityManager: Start proc 31066:com.samsung.android.rubin.app/5010 for content provider {com.samsung.android.rubin.app/com.samsung.android.rubin.controller.provider.RubinStateProvider}
07-17 14:14:14.179 31168 31195 I yjw     : (REDACTED) onIsEnabledChanged, isEnabled: %s
07-17 14:14:14.179 31168 31195 W aaoc    : Disposing empty manager. Did you forgot to subscribe observables?
07-17 14:14:14.179 31168 31195 W aaoc    : Disposing empty manager. Did you forgot to subscribe observables?
07-17 14:14:14.179 31168 31195 W aaoc    : Disposing empty manager. Did you forgot to subscribe observables?
07-17 14:14:14.179 31168 31195 W aaoc    : Disposing empty manager. Did you forgot to subscribe observables?
07-17 14:14:14.179 31168 31195 W aaoc    : Disposing empty manager. Did you forgot to subscribe observables?
07-17 14:14:14.179 31168 31199 I vhg     : (REDACTED) on opa visibility changed %s
07-17 14:14:14.179 31168 31195 W aaoc    : Disposing empty manager. Did you forgot to subscribe observables?
07-17 14:14:14.179 31168 31195 W aaoc    : Disposing empty manager. Did you forgot to subscribe observables?
07-17 14:14:14.179 31168 31195 W aaoc    : Disposing empty manager. Did you forgot to subscribe observables?
07-17 14:14:14.179 31168 31195 W aaoc    : Disposing empty manager. Did you forgot to subscribe observables?
07-17 14:14:14.179 31168 31195 W aaoc    : Disposing empty manager. Did you forgot to subscribe observables?
07-17 14:14:14.179 31168 31199 I vhg     : (REDACTED) on opa visibility changed %s
07-17 14:14:14.180 31168 31195 W aaoc    : Disposing empty manager. Did you forgot to subscribe observables?
07-17 14:14:14.180 31168 31195 I yyg     : (REDACTED) Setting session to type: %s
07-17 14:14:14.180 31168 31195 W aaoc    : Disposing empty manager. Did you forgot to subscribe observables?
07-17 14:14:14.180 31168 31195 W aaoc    : Disposing empty manager. Did you forgot to subscribe observables?
07-17 14:14:14.180 31168 31195 W aaoc    : Disposing empty manager. Did you forgot to subscribe observables?
07-17 14:14:14.180 31168 31195 W aaoc    : Disposing empty manager. Did you forgot to subscribe observables?
07-17 14:14:14.180 31168 31195 W aaoc    : Disposing empty manager. Did you forgot to subscribe observables?
07-17 14:14:14.180 31168 31199 I uxv     : (REDACTED) Nga on-device enabled based on TNG:MA active state: %b
07-17 14:14:14.180 31168 31199 I wyd     : (REDACTED) State changed: %s => %s by %s and %s with %s
07-17 14:14:14.180 31168 31195 W aaoc    : Disposing empty manager. Did you forgot to subscribe observables?
07-17 14:14:14.180 31168 31195 I yzs     : (REDACTED) setNavBarVisible: %s
07-17 14:14:14.180 31168 31199 I xea     : (REDACTED) Recognizer choice: (recognizer_type: %s, recognizer_mode: %s, choice_reason: %s)
07-17 14:14:14.180 31168 31195 W aaoc    : Disposing empty manager. Did you forgot to subscribe observables?
07-17 14:14:14.180 31168 31195 W aaoc    : Disposing empty manager. Did you forgot to subscribe observables?
07-17 14:14:14.180 31168 31195 W aaoc    : Disposing empty manager. Did you forgot to subscribe observables?
07-17 14:14:14.180 31168 31195 W aaoc    : Disposing empty manager. Did you forgot to subscribe observables?
07-17 14:14:14.180 31168 31195 W aaoc    : Disposing empty manager. Did you forgot to subscribe observables?
07-17 14:14:14.180 31168 31195 W aaoc    : Disposing empty manager. Did you forgot to subscribe observables?
07-17 14:14:14.180 31168 31195 I uxv     : (REDACTED) Nga on-device enabled based on TNG:MA active state: %b
07-17 14:14:14.181 31168 31199 I yur     : (REDACTED) onActiveStateChangeEvent: %s => %s
07-17 14:14:14.181 18917 30957 I GOS:FilteredPmAppCategoryGetter: getCategoryCode(). categoryCode:undefined, packageName:com.android.vending
07-17 14:14:14.181 31168 31199 I wtx     : (REDACTED) #onActiveStateChangeEvent, newState: %s, previousState: %s.
07-17 14:14:14.183 31168 31197 I ycv     : (REDACTED) stopListening(%s, %s)
07-17 14:14:14.184 31168 31202 I engu    : showGestureNav
07-17 14:14:14.184 31168 31202 I engs    : (REDACTED) setUiHints(hints = %s)
07-17 14:14:14.184 18917 30957 I GOS:PackageUtil: isVrApp(). com.android.vending is Daydream app. flags: 0
07-17 14:14:14.185 21056 22770 I adff    : (REDACTED) Successfully received auth token for scope: %s in time %d ms
07-17 14:14:14.185 21056 22764 I adff    : (REDACTED) Successfully received auth token for scope: %s in time %d ms
07-17 14:14:14.185 21056 22769 I adff    : (REDACTED) Successfully received auth token for scope: %s in time %d ms
07-17 14:14:14.185 18917 30957 I GOS:FilteredPmAppCategoryGetter: getCategoryCode(). categoryCode:undefined, packageName:io.appium.settings
07-17 14:14:14.186 18917 30957 I GOS:FilteredPmAppCategoryGetter: getCategoryCode(). categoryCode:undefined, packageName:ru.sberbank.sberstore
07-17 14:14:14.186 21056 22766 I adff    : (REDACTED) Successfully received auth token for scope: %s in time %d ms
07-17 14:14:14.187  2075  2190 D AssistManager: onSetUiHints(action:gesture_nav_bar_visible)
07-17 14:14:14.187 21056 22767 I adff    : (REDACTED) Successfully received auth token for scope: %s in time %d ms
07-17 14:14:14.187 21056 22768 I adff    : (REDACTED) Successfully received auth token for scope: %s in time %d ms
07-17 14:14:14.189 18917 30957 I GOS:FilteredPmAppCategoryGetter: getCategoryCode(). categoryCode:undefined, packageName:com.google.android.apps.maps
07-17 14:14:14.191 21056 31062 W aikw    : isAlwaysOnHotwordAvailable but still checking isVoiceEverywhereEnabled
07-17 14:14:14.191  1279  2167 V ActivityManager: Got obituary of 30575:io.appium.uiautomator2.server
07-17 14:14:14.192   963   963 I Zygote  : Process 28589 exited due to signal 9 (Killed)
07-17 14:14:14.192 31066 31066 I droid.rubin.app: Using CollectorTypeCC GC.
07-17 14:14:14.193   963   963 I Zygote  : Process 30575 exited due to signal 9 (Killed)
07-17 14:14:14.193 18917 30957 I GOS:FilteredPmAppCategoryGetter: getCategoryCode(). categoryCode:non-game, packageName:com.ecs.roboshadow
07-17 14:14:14.193 31168 31199 I engs    : setUiHints: finished successfully
07-17 14:14:14.194 31168 31199 I bjph    : (REDACTED) #FCF: Managed profile check status : %s
07-17 14:14:14.194 31053 31053 I ActivityThread: Relaunch all activities: onCoreSettingsChange
07-17 14:14:14.194 31168 31199 I bjpf    : (REDACTED) #FCF: Demo mode check status : %s
07-17 14:14:14.194 31168 31199 I bjsa    : (REDACTED) #FCF evaluate: %s
07-17 14:14:14.194 30958 30958 I GlanceAppWidgetManager: getGlanceIdByProvider AppWidgetProviderInfo(UserHandle{0}/ComponentInfo{com.sec.android.daemonapp/com.sec.android.daemonapp.appwidget.WeatherAppWidget})
07-17 14:14:14.194 31168 31199 I bjsa    : (REDACTED) TngMaStatusChecker#evaluateInternal completed in %s millis
07-17 14:14:14.194 31168 31199 I bqya    : #getOobeStatus: OptedIn [CONTEXT ratelimit_period="10 SECONDS" ]
07-17 14:14:14.194 31168 31199 I bjro    : Robin is eligible and opted-in
07-17 14:14:14.194 31168 31199 I bjro    : (REDACTED) Headphone Integration status: %s
07-17 14:14:14.194  8591  8591 I adbd    : Remote process closed the socket (on MSG_PEEK)
07-17 14:14:14.194  1279  1514 I libprocessgroup: Removed cgroup /sys/fs/cgroup/uid_10644/pid_30575
07-17 14:14:14.194  1279  1514 I libprocessgroup: Removed cgroup /sys/fs/cgroup/uid_10042/pid_28589
07-17 14:14:14.195 31168 31195 I uvg     : Initialize
07-17 14:14:14.195 21056 22765 I adff    : (REDACTED) Successfully received auth token for scope: %s in time %d ms
07-17 14:14:14.196 31066 31066 E droid.rubin.app: Not starting debugger since process cannot load the jdwp agent.
07-17 14:14:14.198 31053 31053 D ApplicationLoaders: Returning zygote-cached class loader: /system/framework/org.apache.http.legacy.jar
07-17 14:14:14.198 31053 31053 D ApplicationLoaders: Returning zygote-cached class loader: /system_ext/framework/androidx.window.extensions.jar
07-17 14:14:14.198 31053 31053 D ApplicationLoaders: Returning zygote-cached class loader: /system_ext/framework/androidx.window.sidecar.jar
07-17 14:14:14.201 30958 30958 I GlanceAppWidgetManager: widget ids : [I@4f6be1b
07-17 14:14:14.201 18917 30957 I GOS:FilteredPmAppCategoryGetter: getCategoryCode(). categoryCode:undefined, packageName:com.facebook.katana
07-17 14:14:14.201 30958 30958 I GlanceAppWidgetManager: getGlanceIdByProvider null
07-17 14:14:14.202 30958 30958 I GlanceStateDefinition: getDataStore: appWidget-2, file exist: false, PreferenceStateDefinition type: true
07-17 14:14:14.202 30958 30958 I GlanceStateDefinition: create PreferenceDataStore / appWidget-2 , CoroutineScope(coroutineContext=[B0{Active}@edd5bb8, Dispatchers.IO])
07-17 14:14:14.206 18917 30957 I GOS:FilteredPmAppCategoryGetter: getCategoryCode(). categoryCode:undefined, packageName:ru.vk.store
07-17 14:14:14.208 31053 31053 W com.whatsapp: Failed to find entry 'classes.dex': Entry not found
07-17 14:14:14.208 18917 30957 I GOS:FilteredPmAppCategoryGetter: getCategoryCode(). categoryCode:undefined, packageName:com.example.yourapp
07-17 14:14:14.208 31053 31053 D nativeloader: Configuring clns-7 for other apk /data/app/~~6pyo8Q5J9MDmWuSwr2lSQw==/com.whatsapp-3ADhSIj03RTiIZ1usOTJzw==/base.apk:/data/app/~~6pyo8Q5J9MDmWuSwr2lSQw==/com.whatsapp-3ADhSIj03RTiIZ1usOTJzw==/split_config.arm64_v8a.apk. target_sdk_version=35, uses_libraries=, library_path=/data/app/~~6pyo8Q5J9MDmWuSwr2lSQw==/com.whatsapp-3ADhSIj03RTiIZ1usOTJzw==/lib/arm64:/data/app/~~6pyo8Q5J9MDmWuSwr2lSQw==/com.whatsapp-3ADhSIj03RTiIZ1usOTJzw==/base.apk!/lib/arm64-v8a:/data/app/~~6pyo8Q5J9MDmWuSwr2lSQw==/com.whatsapp-3ADhSIj03RTiIZ1usOTJzw==/split_config.arm64_v8a.apk!/lib/arm64-v8a, permitted_path=/data:/mnt/expand:/data/user/0/com.whatsapp
07-17 14:14:14.209 18917 30957 I GOS:DataUpdater: request insert for 10
07-17 14:14:14.210 31053 31053 D CompatChangeReporter: Compat change id reported: 202956589; UID 10341; state: ENABLED
07-17 14:14:14.210 18917 30957 I GOS:DataUpdater: updateGlobalAndPkgData(), isRegisteredDevice: true
07-17 14:14:14.211  1279  2168 D SGM:GameManager: getVersion.
07-17 14:14:14.212 31168 31197 I uks     : Successfully initialized all components
07-17 14:14:14.213 31066 31066 I ActivityThread: Relaunch all activities: onCoreSettingsChange
07-17 14:14:14.215 21056 31062 W aikw    : isAlwaysOnHotwordAvailable but still checking isVoiceEverywhereEnabled
07-17 14:14:14.216 21056 31062 W aikw    : isAlwaysOnHotwordAvailable but still checking isVoiceEverywhereEnabled
07-17 14:14:14.217 31053 31053 V GraphicsEnvironment: Currently set values for:
07-17 14:14:14.217 31053 31053 V GraphicsEnvironment:   angle_gl_driver_selection_pkgs=[]
07-17 14:14:14.217 31053 31053 V GraphicsEnvironment:   angle_gl_driver_selection_values=[]
07-17 14:14:14.217 31053 31053 V GraphicsEnvironment: Global.Settings values are invalid: number of packages: 0, number of values: 0
07-17 14:14:14.217 30958 30958 I [WEATHER]: {[EC915D47CC873AED4624A88621737E348D54A3669E874537B472998C34ECA2190E248B50F54CD630F0BDC115D23E17B753A44B090F07C00A5A606AAEFA0FEEADAF73DC5C4C75B612016C7B34F2D9AEEC75F829E790BF95BBAF50448F232AFF1F]}
07-17 14:14:14.217 31053 31053 V GraphicsEnvironment: App is not on the allowlist for updatable production driver.
07-17 14:14:14.219 21056 31062 W aikw    : isAlwaysOnHotwordAvailable but still checking isVoiceEverywhereEnabled
07-17 14:14:14.220 21056 31062 W aikw    : isAlwaysOnHotwordAvailable but still checking isVoiceEverywhereEnabled
07-17 14:14:14.220 21056 31062 W aikw    : isAlwaysOnHotwordAvailable but still checking isVoiceEverywhereEnabled
07-17 14:14:14.222 31053 31053 I FirebaseApp: Device unlocked: initializing all Firebase APIs for app [DEFAULT]
07-17 14:14:14.223 21056 31062 W aikw    : isAlwaysOnHotwordAvailable but still checking isVoiceEverywhereEnabled
07-17 14:14:14.224 31053 31053 I FirebaseInitProvider: FirebaseApp initialization successful
07-17 14:14:14.225 30958 30958 I [WEATHER]: {[E3F6985AA99C2EC4D644712017BCE575]}
07-17 14:14:14.228 30958 30958 I [WEATHER]SourceFile: {[6B3073A927569A76461F72DF26DD97DB0B43E609F93EAADA7387131BBE4666430F56EC8175967768FE122F970AD5311DF31659F6DB76DAA3DFD6A72CA68605B8]}
07-17 14:14:14.230 30958 30958 I GlanceStateDefinition: getDataStore: appWidget-2, file exist: true, PreferenceStateDefinition type: true
07-17 14:14:14.234 30958 30993 I [WEATHER]: {[614498584ADCFE0FEB2BE2E98670E4389AA0EE0E9B6F44AFE59FB8ADE531296C]}
07-17 14:14:14.234 30958 30993 I [WEATHER]: {[4E44982ECAB13E018DEFD40B844526C70635482395C8D217A7C335ABAB22E4AD]}
07-17 14:14:14.234 31066 31066 I FirebaseApp: Device unlocked: initializing all Firebase APIs for app [DEFAULT]
07-17 14:14:14.234 30958 30993 I [WEATHER]: {[4E44982ECAB13E018DEFD40B844526C7409713FF584F7F9207966D0231B2D1A9]}
07-17 14:14:14.235 30958 30993 I [WEATHER]: {[E34FBBA1B8B74F6B24935E5DDE2B6576F7AA6E01AC5E25B07438389F8C83030205B1253447C2A2927BC375A9499A43E2]}
07-17 14:14:14.235 30958 30993 I [WEATHER]: {[614498584ADCFE0FEB2BE2E98670E438E3D1A4715BA9219F8DCF0C77B5BEFD97C610F58C521F4DA3183E8B40C20AC755]}
07-17 14:14:14.236 31066 31066 I FirebaseInitProvider: FirebaseApp initialization successful
07-17 14:14:14.236 30958 30993 I [WEATHER]: {[65E68E192F39FB0E469B0F807BAF7557750B54B647F92D632D0D84F5B61B136C18EBFA1A6055E866CED8A170D0BA526B]}
07-17 14:14:14.237 30958 30958 I [WEATHER]: {[E82A14B77EEB0EC66040B2C662ACB4B502B2FE59CE7674413189BF51E8D6572B2DD086403A75A98DEED631FA7EE73CA09C288E8E0FD0BF8D5C06D19920723E0E296E4F5117F2164C5C00E3196F863979F9B82A280C51CBA53ACC1B70C30FC295]}
07-17 14:14:14.237  1279  2167 D PackageManager: setEnabledSetting : userId = 0 packageName = com.sec.android.daemonapp cmp = com.sec.android.daemonapp.appwidget.WeatherInsightAppWidget newState = 1 callingPackage = com.sec.android.daemonapp
07-17 14:14:14.238 30958 30993 I [WEATHER]: {[1B2C19D22931CB21294DE7EA545EA1825DE9E3766393AFCFD8C5B9724E16C6B7]}
07-17 14:14:14.238  1279  2167 D ApplicationPolicy: getApplicationStateEnabled : pkg = com.sec.android.daemonapp userId : 0
07-17 14:14:14.239  1279  2167 D ApplicationPolicy: getApplicationComponentState : pkg = com.sec.android.daemonapp userId : 0
07-17 14:14:14.240 31168 31198 I uxv     : (REDACTED) Nga on-device enabled based on TNG:MA active state: %b
07-17 14:14:14.240  1279  4472 D ActivityManager: force stop from com.android.server.am.ActivityManagerService.forceStopPackage:4 com.android.server.am.ActivityManagerShellCommand.runForceStop:106 com.android.server.am.ActivityManagerShellCommand.onCommand:1745 
07-17 14:14:14.240  1279  4472 I ActivityManager: Force stopping io.appium.uiautomator2.server.test appid=10643 user=0: from pid 31096
07-17 14:14:14.242  1279  4472 I AppsFilter: interaction: PackageSetting{f209625 com.example.myapplication/10342} -> PackageSetting{5e3d345 io.appium.uiautomator2.server.test/10643} BLOCKED
07-17 14:14:14.242  1279  4472 I AppsFilter: interaction: PackageSetting{5c2c420 com.example.yourapp/10639} -> PackageSetting{5e3d345 io.appium.uiautomator2.server.test/10643} BLOCKED
07-17 14:14:14.242  1279  4472 I AppsFilter: interaction: PackageSetting{c6f71d9 io.appium.settings/10640} -> PackageSetting{5e3d345 io.appium.uiautomator2.server.test/10643} BLOCKED
07-17 14:14:14.244 30958 30993 I [WEATHER]: {[301763CE618DEF1AA71FD3D7C945DCBE3478E5527AA259C0B795338748C4F506D084153D6B86E536C8ABF198F2867662]}
07-17 14:14:14.244 30958 30993 I [WEATHER]: {[301763CE618DEF1AA71FD3D7C945DCBE3C408BAB348D2B516E2ECF927DF2AF7D2602DB70A115B12888C3BB22B276433C]}
07-17 14:14:14.246 30958 30993 I [WEATHER]: {[2D0B70D783B30825AF6258DF105C4C66EA95D6496579097E283A173058F5E807]}
07-17 14:14:14.247 30958 30993 I [WEATHER]: {[57AA676E759F8AD3CE9C26CFD15D6C46C7149A7DC28C9E25723B889968DB7A51]}
07-17 14:14:14.247 30958 30993 I [WEATHER]: {[57AA676E759F8AD3CE9C26CFD15D6C466F53C1AA0D30425E99F5E996B260CD05A64EB315AC2727104A656234741C2E11]}
07-17 14:14:14.247 30958 30993 I [WEATHER]: {[2A6EBD045D21B0B1ABC7BF888AAA2D983B0A475AC4098C293FB1E8792CBC1DA327560D0011A7FA0CE5A005DA27F56241]}
07-17 14:14:14.248 30958 30993 I [WEATHER]: {[253CC6286118D178D5A4B4839F7B02BBCD5D349D90EB4E959580EE388A194A74969099915DC5C1F0F86A557D8345C6DE]}
07-17 14:14:14.248 30958 30993 I [WEATHER]: {[A5D475AE2B94AC2B54ACC0EF9D07575B24F0ABFA4D3B1EB59A55BFD614E4F1CB]}
07-17 14:14:14.248 30958 30993 I [WEATHER]: {[30FC779556ED46B02AEE27F08D2C6E0EF3C9F8F79F11336A67D3F23D58E70A7AD0C519AEB6B949A63251F4F7B56225A0]}
07-17 14:14:14.248 30958 30993 I [WEATHER]: {[9CEC1FC38BEF76DB3C49CC3E881E81979C1EF579FDB1C13B360C509D924A7249E658CF92E447C7AE68DC55EF66667046]}
07-17 14:14:14.249 30958 30993 I [WEATHER]: {[2B0E7458F4F537095E4A229A32832220423B8F27EA15E3711D2CFF00AE74F9B912CBA710CD1C3D4107BD7D3DA297D71A]}
07-17 14:14:14.249 30958 30993 I [WEATHER]: {[E12421F7E7AAD5E42A251E90A44BA10EAAE4D7F507E76BC254975587AD6E4DF2875D672D618A966A826CD0D44A3DA1E5]}
07-17 14:14:14.249 30958 30993 I [WEATHER]: {[3BED9B2697AA2D5FE8DE28747F270AF1E1E06B2AA673600DA34843D74C78896E6813545C957358CF042F1A3799D30630]}
07-17 14:14:14.250 30958 30993 I [WEATHER]: {[F5EDE423343846345E3A751BBA8BD1F466D5174E63F2AC4E9ACBB36B5B67E079]}
07-17 14:14:14.250 30958 30993 I [WEATHER]: {[614498584ADCFE0FEB2BE2E98670E4389AA0EE0E9B6F44AFE59FB8ADE531296C]}
07-17 14:14:14.250 30958 30993 I [WEATHER]: {[4E44982ECAB13E018DEFD40B844526C70635482395C8D217A7C335ABAB22E4AD]}
07-17 14:14:14.250 30958 30993 I [WEATHER]: {[4E44982ECAB13E018DEFD40B844526C7409713FF584F7F9207966D0231B2D1A9]}
07-17 14:14:14.251 30958 30993 I [WEATHER]: {[E34FBBA1B8B74F6B24935E5DDE2B6576F7AA6E01AC5E25B07438389F8C83030205B1253447C2A2927BC375A9499A43E2]}
07-17 14:14:14.251 30958 30993 I [WEATHER]: {[614498584ADCFE0FEB2BE2E98670E438E3D1A4715BA9219F8DCF0C77B5BEFD97C610F58C521F4DA3183E8B40C20AC755]}
07-17 14:14:14.251 30958 30993 I [WEATHER]: {[65E68E192F39FB0E469B0F807BAF7557750B54B647F92D632D0D84F5B61B136C18EBFA1A6055E866CED8A170D0BA526B]}
07-17 14:14:14.252 30958 30993 I [WEATHER]: {[1B2C19D22931CB21294DE7EA545EA1825DE9E3766393AFCFD8C5B9724E16C6B7]}
07-17 14:14:14.252 30958 30993 I [WEATHER]: {[301763CE618DEF1AA71FD3D7C945DCBE3478E5527AA259C0B795338748C4F506D084153D6B86E536C8ABF198F2867662]}
07-17 14:14:14.252 30958 30993 I [WEATHER]: {[301763CE618DEF1AA71FD3D7C945DCBE3C408BAB348D2B516E2ECF927DF2AF7D2602DB70A115B12888C3BB22B276433C]}
07-17 14:14:14.253 30958 30993 I [WEATHER]: {[614498584ADCFE0FEB2BE2E98670E4389AA0EE0E9B6F44AFE59FB8ADE531296C]}
07-17 14:14:14.253 30958 30993 I [WEATHER]: {[4E44982ECAB13E018DEFD40B844526C70635482395C8D217A7C335ABAB22E4AD]}
07-17 14:14:14.253 30958 30993 I [WEATHER]: {[4E44982ECAB13E018DEFD40B844526C7409713FF584F7F9207966D0231B2D1A9]}
07-17 14:14:14.253 30958 30993 I [WEATHER]: {[E34FBBA1B8B74F6B24935E5DDE2B6576F7AA6E01AC5E25B07438389F8C83030205B1253447C2A2927BC375A9499A43E2]}
07-17 14:14:14.254 30958 30993 I [WEATHER]: {[614498584ADCFE0FEB2BE2E98670E438E3D1A4715BA9219F8DCF0C77B5BEFD97C610F58C521F4DA3183E8B40C20AC755]}
07-17 14:14:14.254 30958 30993 I [WEATHER]: {[65E68E192F39FB0E469B0F807BAF7557750B54B647F92D632D0D84F5B61B136C18EBFA1A6055E866CED8A170D0BA526B]}
07-17 14:14:14.254  1279  1889 D LocationManagerService: package io.appium.uiautomator2.server.test reset
07-17 14:14:14.254 30958 30993 I [WEATHER]: {[1B2C19D22931CB21294DE7EA545EA1825DE9E3766393AFCFD8C5B9724E16C6B7]}
07-17 14:14:14.254 30958 30993 I [WEATHER]: {[301763CE618DEF1AA71FD3D7C945DCBE3478E5527AA259C0B795338748C4F506D084153D6B86E536C8ABF198F2867662]}
07-17 14:14:14.256 31010 31045 I CalendarProvider$CalendarAlarmManager: Scheduled periodic alarm at: 1752836354192
07-17 14:14:14.256 31735 30980 I VkpnsPushProvider:OneTimePushReceiveWorker:OneTimePushReceiveHelper:StateMachine: Consume event: ReceivedPushesFromServer(receivedPushes=[])
07-17 14:14:14.256 31735 30980 I VkpnsPushProvider:OneTimePushReceiveWorker:OneTimePushReceiveHelper:StateMachine: New state is com.vk.push.pushsdk.receiver.n$b$c@db6bb42
07-17 14:14:14.256 31735 30980 W VkpnsPushProvider:MergedReceiver: Received empty messages
07-17 14:14:14.256 30958 30993 I [WEATHER]: {[301763CE618DEF1AA71FD3D7C945DCBE3C408BAB348D2B516E2ECF927DF2AF7D2602DB70A115B12888C3BB22B276433C]}
07-17 14:14:14.256 30958 30993 I [WEATHER]: {[31BB3E905FB011B4331521062EC1FC319F88C99724915368F9096C2E33F4B761C41D5149464DDD2DA1D92CB9D0C3BA94]}
07-17 14:14:14.257 30958 30993 I [WEATHER]: {[2A6EBD045D21B0B1ABC7BF888AAA2D983B0A475AC4098C293FB1E8792CBC1DA327560D0011A7FA0CE5A005DA27F56241]}
07-17 14:14:14.257  2054  2054 D CarrierSvcBindHelper: onHandleForceStop: [io.appium.uiautomator2.server.test]
07-17 14:14:14.257 30958 30993 I [WEATHER]: {[253CC6286118D178D5A4B4839F7B02BBCD5D349D90EB4E959580EE388A194A74969099915DC5C1F0F86A557D8345C6DE]}
07-17 14:14:14.257  2054  2054 D CarrierSvcBindHelper: No carrier app for: 0
07-17 14:14:14.257  2054  2054 D CarrierSvcBindHelper: No carrier app for: 1
07-17 14:14:14.257 30958 30993 I [WEATHER]: {[A5D475AE2B94AC2B54ACC0EF9D07575B24F0ABFA4D3B1EB59A55BFD614E4F1CB]}
07-17 14:14:14.258 31735 16603 I VkpnsPushProvider:OneTimePushReceiveWorker:OneTimePushReceiveHelper: Push sync completed successfully
07-17 14:14:14.258  2054  2252 D EuiccConnector: handleMessage: E msg.what=1
07-17 14:14:14.258 31735 16603 D VkpnsPushProvider:CachingPushMessagesReceiver: Pause receive messages
07-17 14:14:14.258  2054  2252 D EuiccConnector: processMsg: AvailableState
07-17 14:14:14.258 31735 16603 D VkpnsPushProvider:MergedReceiver: Pause receive messages
07-17 14:14:14.258  2054  2252 D EuiccConnector: processMsg: UnavailableState
07-17 14:14:14.258 31735 16603 D VkpnsPushProvider:VkpnsContinuousMessagesReceiver: Pause receive messages
07-17 14:14:14.258  2075  2166 D SecSTQuickControlRequestReceiver: onReceive intent = Intent { act=android.intent.action.PACKAGE_RESTARTED dat=package: flg=0x4000010 (has extras) }
07-17 14:14:14.258  2075  2075 D Navbar.Store: handleEvent(0) OnPackageRemoved(packageName=io.appium.uiautomator2.server.test) [Module] NavBarStoreImpl
07-17 14:14:14.258  2075  2075 D Navbar.Store: --[Band]REMOTE_VIEW_PACK_PACKAGE_REMOVED
07-17 14:14:14.258 30958 30993 I [WEATHER]: {[30FC779556ED46B02AEE27F08D2C6E0EF3C9F8F79F11336A67D3F23D58E70A7AD0C519AEB6B949A63251F4F7B56225A0]}
07-17 14:14:14.258  2075  2075 D SecSTQuickControlRequestReceiver: onReceiveForPackage action = android.intent.action.PACKAGE_RESTARTED, pkgName = io.appium.uiautomator2.server.test
07-17 14:14:14.258 31735 16603 I VkpnsPushProvider:OneTimePushReceiveWorker: Work has finished
07-17 14:14:14.258 30958 30993 I [WEATHER]: {[9CEC1FC38BEF76DB3C49CC3E881E81979C1EF579FDB1C13B360C509D924A7249E658CF92E447C7AE68DC55EF66667046]}
07-17 14:14:14.258  2054  2252 D EuiccConnector: transitionTo: destState=AvailableState
07-17 14:14:14.259 30958 30993 I [WEATHER]: {[2B0E7458F4F537095E4A229A32832220423B8F27EA15E3711D2CFF00AE74F9B912CBA710CD1C3D4107BD7D3DA297D71A]}
07-17 14:14:14.259  2054  2252 D EuiccConnector: handleMessage: new destination call exit/enter
07-17 14:14:14.259  2054  2252 D EuiccConnector: setupTempStateStackWithStatesToEnter: X mTempStateStackCount=1,curStateInfo: state=UnavailableState,active=true,parent=null
07-17 14:14:14.259  2054  2252 D EuiccConnector: invokeExitMethods: AvailableState
07-17 14:14:14.259  2054  2252 D EuiccConnector: moveTempStackToStateStack: i=0,j=1
07-17 14:14:14.259  2054  2252 D EuiccConnector: moveTempStackToStateStack: X mStateStackTop=1,startingIndex=1,Top=AvailableState
07-17 14:14:14.259  2054  2252 D EuiccConnector: invokeEnterMethods: AvailableState
07-17 14:14:14.259  2054  2252 D EuiccConnector: handleMessage: X
07-17 14:14:14.259 30958 30993 I [WEATHER]: {[E12421F7E7AAD5E42A251E90A44BA10EAAE4D7F507E76BC254975587AD6E4DF2875D672D618A966A826CD0D44A3DA1E5]}
07-17 14:14:14.259 31735 31839 I WM-WorkerWrapper: Worker result SUCCESS for Work [ id=8a01e298-a600-448c-b7aa-3a9c0f5e1fca, tags={ com.vk.push.pushsdk.work.OneTimePushReceiveWorker } ]
07-17 14:14:14.260 30958 30993 I [WEATHER]: {[3BED9B2697AA2D5FE8DE28747F270AF1E1E06B2AA673600DA34843D74C78896E6813545C957358CF042F1A3799D30630]}
07-17 14:14:14.260 30958 30993 I [WEATHER]: {[2A6EBD045D21B0B1ABC7BF888AAA2D983B0A475AC4098C293FB1E8792CBC1DA327560D0011A7FA0CE5A005DA27F56241]}
07-17 14:14:14.261  1279  4472 D PackageManager: setEnabledSetting : userId = 0 packageName = com.samsung.android.rubin.app cmp = androidx.work.impl.background.systemjob.SystemJobService newState = 1 callingPackage = com.samsung.android.rubin.app
07-17 14:14:14.261 30958 30993 I [WEATHER]: {[253CC6286118D178D5A4B4839F7B02BBCD5D349D90EB4E959580EE388A194A74969099915DC5C1F0F86A557D8345C6DE]}
07-17 14:14:14.263  1279  4472 D ApplicationPolicy: getApplicationStateEnabled : pkg = com.samsung.android.rubin.app userId : 0
07-17 14:14:14.263  1279  4472 D ApplicationPolicy: getApplicationComponentState : pkg = com.samsung.android.rubin.app userId : 0
07-17 14:14:14.264 30958 30958 I [WEATHER]: {[E82A14B77EEB0EC66040B2C662ACB4B502B2FE59CE7674413189BF51E8D6572B2DD086403A75A98DEED631FA7EE73CA09C288E8E0FD0BF8D5C06D19920723E0EC09AD228D0ED8744824637152602DF93DB4DF2063E8A0FFFDDBF8EBA75D85E76]}
07-17 14:14:14.265 30958 30993 I [WEATHER]: {[A5D475AE2B94AC2B54ACC0EF9D07575B24F0ABFA4D3B1EB59A55BFD614E4F1CB]}
07-17 14:14:14.266 31053 31053 I ProcessNameUtil: getMyProcessName
07-17 14:14:14.266 31053 31053 I ProcessNameUtil: isSecondaryProcess/process name: com.whatsapp/processing time: 1 ms
07-17 14:14:14.266 31735 31735 D WM-Processor: q 8a01e298-a600-448c-b7aa-3a9c0f5e1fca executed; reschedule = false
07-17 14:14:14.268 31053 31053 W SoLoader: Initializing SoLoader: 0
07-17 14:14:14.268 31053 31053 W SoLoader: Recording new base apk path: /data/app/~~6pyo8Q5J9MDmWuSwr2lSQw==/com.whatsapp-3ADhSIj03RTiIZ1usOTJzw==/base.apk
07-17 14:14:14.268 31053 31053 W SoLoader: Previously recorded 0 base apk paths.
07-17 14:14:14.266 31735 31735 D WM-GreedyScheduler: Stopping tracking for WorkGenerationalId(workSpecId=8a01e298-a600-448c-b7aa-3a9c0f5e1fca, generation=0)
07-17 14:14:14.268 31053 31053 D CompatChangeReporter: Compat change id reported: 312399441; UID 10341; state: ENABLED
07-17 14:14:14.268 31053 31053 I SoLoader: Preparing SO source: DirectorySoSource[root = /vendor/lib64 flags = 2]
07-17 14:14:14.268 31735 31735 D WM-SystemJobService: 8a01e298-a600-448c-b7aa-3a9c0f5e1fca executed on JobScheduler
07-17 14:14:14.268 31053 31053 I SoLoader: Preparing SO source: DirectorySoSource[root = /system/lib64 flags = 2]
07-17 14:14:14.269 31053 31053 I SoLoader: Preparing SO source: DirectApkSoSource[root = [/data/app/~~6pyo8Q5J9MDmWuSwr2lSQw==/com.whatsapp-3ADhSIj03RTiIZ1usOTJzw==/split_config.arm64_v8a.apk!/lib/arm64-v8a, /data/app/~~6pyo8Q5J9MDmWuSwr2lSQw==/com.whatsapp-3ADhSIj03RTiIZ1usOTJzw==/base.apk!/lib/arm64-v8a]]
07-17 14:14:14.270  1279  2613 I ActivityManager: Killing 28588:com.samsung.android.lool/1000 (adj 985): empty #33
07-17 14:14:14.271  1279  4472 D PackageManager: setEnabledSetting : userId = 0 packageName = com.sec.android.daemonapp cmp = com.sec.android.daemonapp.appwidget.WeatherNewsAppWidget newState = 2 callingPackage = com.sec.android.daemonapp
07-17 14:14:14.271 30958 30993 I [WEATHER]: {[30FC779556ED46B02AEE27F08D2C6E0EF3C9F8F79F11336A67D3F23D58E70A7AD0C519AEB6B949A63251F4F7B56225A0]}
07-17 14:14:14.271 30958 30993 I [WEATHER]: {[9CEC1FC38BEF76DB3C49CC3E881E81979C1EF579FDB1C13B360C509D924A7249E658CF92E447C7AE68DC55EF66667046]}
07-17 14:14:14.272 30958 30993 I [WEATHER]: {[2B0E7458F4F537095E4A229A32832220423B8F27EA15E3711D2CFF00AE74F9B912CBA710CD1C3D4107BD7D3DA297D71A]}
07-17 14:14:14.272 30958 30993 I [WEATHER]: {[E12421F7E7AAD5E42A251E90A44BA10EAAE4D7F507E76BC254975587AD6E4DF2875D672D618A966A826CD0D44A3DA1E5]}
07-17 14:14:14.273 30958 30993 I [WEATHER]: {[3BED9B2697AA2D5FE8DE28747F270AF1E1E06B2AA673600DA34843D74C78896E6813545C957358CF042F1A3799D30630]}
07-17 14:14:14.273 30958 30993 I [WEATHER]: {[1FBA79542D984E3ABF8E84A0F41E29FC59B961A4052A12D3452B05B44EC9D176FEBC5B64083319AD9DE44F7F3C102826]}
07-17 14:14:14.274 31735 31839 D WM-GreedyScheduler: Cancelling work ID 8a01e298-a600-448c-b7aa-3a9c0f5e1fca
07-17 14:14:14.277 30958 30993 I [WEATHER]: {[2D0B70D783B30825AF6258DF105C4C66EA95D6496579097E283A173058F5E807]}
07-17 14:14:14.277 30958 30993 I [WEATHER]: {[57AA676E759F8AD3CE9C26CFD15D6C46C7149A7DC28C9E25723B889968DB7A51]}
07-17 14:14:14.278 30958 30958 I [WEATHER]: {[E82A14B77EEB0EC66040B2C662ACB4B502B2FE59CE7674413189BF51E8D6572B2DD086403A75A98DEED631FA7EE73CA09781F565237DCCDEF2288C3CF3E7525910A3625CA3A42803213A48D1DE9166B418E7C58E7D05B0331DEE215581BF3C24]}
07-17 14:14:14.278  1279  2613 D PackageManager: setEnabledSetting : userId = 0 packageName = com.sec.android.daemonapp cmp = com.sec.android.daemonapp.complication.receiver.ComplicationAirQualityReceiver newState = 1 callingPackage = com.sec.android.daemonapp
07-17 14:14:14.278  1279  2613 D ApplicationPolicy: getApplicationStateEnabled : pkg = com.sec.android.daemonapp userId : 0
07-17 14:14:14.278 30958 30993 I [WEATHER]: {[57AA676E759F8AD3CE9C26CFD15D6C466F53C1AA0D30425E99F5E996B260CD05A64EB315AC2727104A656234741C2E11]}
07-17 14:14:14.278  1279  2613 D ApplicationPolicy: getApplicationComponentState : pkg = com.sec.android.daemonapp userId : 0
07-17 14:14:14.279 30958 30993 I [WEATHER]: {[2D0B70D783B30825AF6258DF105C4C66EA95D6496579097E283A173058F5E807]}
07-17 14:14:14.279 30958 30958 I [WEATHER]: {[E82A14B77EEB0EC66040B2C662ACB4B502B2FE59CE7674413189BF51E8D6572B2DD086403A75A98DEED631FA7EE73CA09781F565237DCCDEF2288C3CF3E75259B85ECFAFF1668D41D63B062A45E09176EF2CA188D2FE4D17599F8C854D037C89]}
07-17 14:14:14.279  1279  2167 D PackageManager: setEnabledSetting : userId = 0 packageName = com.sec.android.daemonapp cmp = com.sec.android.daemonapp.complication.receiver.ComplicationFineDustReceiver newState = 2 callingPackage = com.sec.android.daemonapp
07-17 14:14:14.280 30958 30993 I [WEATHER]: {[57AA676E759F8AD3CE9C26CFD15D6C46C7149A7DC28C9E25723B889968DB7A51]}
07-17 14:14:14.281 30958 30993 I [WEATHER]: {[57AA676E759F8AD3CE9C26CFD15D6C466F53C1AA0D30425E99F5E996B260CD05A64EB315AC2727104A656234741C2E11]}
07-17 14:14:14.281 30958 30993 I [WEATHER]: {[FD8FF1C5234994CC0BB557DE83B3D2C1E7797D7ACADFC11F8BB1BEECA1BD9AC1FCAA02F1D874DC8898B1B3D64127E500]}
07-17 14:14:14.282  1279  2167 D ActivityManager: force stop from com.android.server.am.ActivityManagerService.forceStopPackage:4 com.android.server.am.ActivityManagerShellCommand.runForceStop:106 com.android.server.am.ActivityManagerShellCommand.onCommand:1745 
07-17 14:14:14.282  1279  2167 I ActivityManager: Force stopping io.appium.uiautomator2.server appid=10644 user=0: from pid 31114
07-17 14:14:14.283 31053 31053 I SoLoader: Preparing SO source: ApplicationSoSource[DirectorySoSource[root = /data/app/~~6pyo8Q5J9MDmWuSwr2lSQw==/com.whatsapp-3ADhSIj03RTiIZ1usOTJzw==/lib/arm64 flags = 0]]
07-17 14:14:14.283 31053 31053 I SoLoader: init finish: 4 SO sources prepared
07-17 14:14:14.283 31053 31053 W SoLoader: SoLoader initialized: 8
07-17 14:14:14.285  1279  2167 I AppsFilter: interaction: PackageSetting{f209625 com.example.myapplication/10342} -> PackageSetting{f8ee71 io.appium.uiautomator2.server/10644} BLOCKED
07-17 14:14:14.285  1279  2167 I AppsFilter: interaction: PackageSetting{5c2c420 com.example.yourapp/10639} -> PackageSetting{f8ee71 io.appium.uiautomator2.server/10644} BLOCKED
07-17 14:14:14.285  1279  2167 I AppsFilter: interaction: PackageSetting{c6f71d9 io.appium.settings/10640} -> PackageSetting{f8ee71 io.appium.uiautomator2.server/10644} BLOCKED
07-17 14:14:14.285 31066 31066 I Rubin   : [2] J4.b.o(Unknown Source) : Reusing the existing key
07-17 14:14:14.286 30958 30958 I [WEATHER]: {[3D9E0655162E9D283348CE35F2ECDAEA9F3655DB299128963EF7A822A65D7BBEA4A67BBE5345295B8FFE7BB46A4583A2205F357ACFA5543E41F7365C928750A5A40CE23DA067CC926DB8E463CB698405]}
07-17 14:14:14.287  1279  2016 D NetdEventListenerService: DNS Requested by 119, 10073(com.samsung.android.game.gos), SUCCESS, 24ms
07-17 14:14:14.287 30958 30958 I [WEATHER]: {[3D9E0655162E9D283348CE35F2ECDAEA93CF1DDDD71D39BADF45A851A36F00B06682DAA9183082B4AE6CBCA0B02128ED67A5EB35BA88DF54E9DE1FAD1E4FC2FA550186A7F05D433146D379AC93C4F073]}
07-17 14:14:14.287 30958 30958 I [WEATHER]: {[3D9E0655162E9D283348CE35F2ECDAEA6A0CA5E75E0789644A0D234B432450A891ABBCD9F493B548C29D2FAF9B6E91095DE7C363E1A992AAF46124D5E5A8F21D9532F82DBB9EBC3FA93BF42DBCCD27BA]}
07-17 14:14:14.288 30958 30993 I [WEATHER]: {[DF604F2FE57637CF1717FE26DFD22E396C7BD6BDC8D6558A39C82F692196975EA1F582B3179D59FE377B020D96BB7807]}
07-17 14:14:14.289  2054  2054 D CarrierSvcBindHelper: onHandleForceStop: [io.appium.uiautomator2.server]
07-17 14:14:14.289  2075  2075 D Navbar.Store: handleEvent(0) OnPackageRemoved(packageName=io.appium.uiautomator2.server) [Module] NavBarStoreImpl
07-17 14:14:14.289  2075  2075 D Navbar.Store: --[Band]REMOTE_VIEW_PACK_PACKAGE_REMOVED
07-17 14:14:14.290  2075  2166 D SecSTQuickControlRequestReceiver: onReceive intent = Intent { act=android.intent.action.PACKAGE_RESTARTED dat=package: flg=0x4000010 (has extras) }
07-17 14:14:14.290  2075  2075 D SecSTQuickControlRequestReceiver: onReceiveForPackage action = android.intent.action.PACKAGE_RESTARTED, pkgName = io.appium.uiautomator2.server
07-17 14:14:14.290  2054  2252 D EuiccConnector: handleMessage: E msg.what=1
07-17 14:14:14.290  2054  2252 D EuiccConnector: processMsg: AvailableState
07-17 14:14:14.290  2054  2252 D EuiccConnector: processMsg: UnavailableState
07-17 14:14:14.291  1279  1889 D LocationManagerService: package io.appium.uiautomator2.server reset
07-17 14:14:14.291  2054  2054 D CarrierSvcBindHelper: No carrier app for: 0
07-17 14:14:14.291  2054  2054 D CarrierSvcBindHelper: No carrier app for: 1
07-17 14:14:14.291  2054  2252 D EuiccConnector: transitionTo: destState=AvailableState
07-17 14:14:14.292  2054  2252 D EuiccConnector: handleMessage: new destination call exit/enter
07-17 14:14:14.292 31053 31053 D nativeloader: Load /data/app/~~6pyo8Q5J9MDmWuSwr2lSQw==/com.whatsapp-3ADhSIj03RTiIZ1usOTJzw==/split_config.arm64_v8a.apk!/lib/arm64-v8a/libsuperpack.so using class loader ns clns-7 (caller=/data/app/~~6pyo8Q5J9MDmWuSwr2lSQw==/com.whatsapp-3ADhSIj03RTiIZ1usOTJzw==/base.apk!classes2.dex): ok
07-17 14:14:14.292  2054  2252 D EuiccConnector: setupTempStateStackWithStatesToEnter: X mTempStateStackCount=1,curStateInfo: state=UnavailableState,active=true,parent=null
07-17 14:14:14.292  2054  2252 D EuiccConnector: invokeExitMethods: AvailableState
07-17 14:14:14.292  2054  2252 D EuiccConnector: moveTempStackToStateStack: i=0,j=1
07-17 14:14:14.292  2054  2252 D EuiccConnector: moveTempStackToStateStack: X mStateStackTop=1,startingIndex=1,Top=AvailableState
07-17 14:14:14.292  2054  2252 D EuiccConnector: invokeEnterMethods: AvailableState
07-17 14:14:14.292  2054  2252 D EuiccConnector: handleMessage: X
07-17 14:14:14.292 31053 31053 W SoLoader: Loading wa_log on the main thread
07-17 14:14:14.293 31053 31053 W SoLoader[NativeDeps]: Falling back to custom ELF parsing when loading libwa_log.so, this can be slow
07-17 14:14:14.293 31053 31053 W SoLoader[NativeDeps]: Falling back to custom ELF parsing when loading libc++_shared.so, this can be slow
07-17 14:14:14.294 31053 31053 W SoLoader[NativeDeps]: Falling back to custom ELF parsing when loading libfortify.so, this can be slow
07-17 14:14:14.294 31735 31839 D WM-SystemJobScheduler: Scheduling work ID 8a01e298-a600-448c-b7aa-3a9c0f5e1fcaJob ID 13963
07-17 14:14:14.294   691   691 W keymaster_tee: [WRN]begin req PARAMS: A32 B2 P64 
07-17 14:14:14.295 31053 31053 D nativeloader: Load /data/data/com.whatsapp/files/decompressed/libs.spo/libfortify.so using class loader ns clns-7 (caller=/data/app/~~6pyo8Q5J9MDmWuSwr2lSQw==/com.whatsapp-3ADhSIj03RTiIZ1usOTJzw==/base.apk!classes2.dex): ok
07-17 14:14:14.296 31053 31053 D nativeloader: Load /data/data/com.whatsapp/files/decompressed/libs.spo/libc++_shared.so using class loader ns clns-7 (caller=/data/app/~~6pyo8Q5J9MDmWuSwr2lSQw==/com.whatsapp-3ADhSIj03RTiIZ1usOTJzw==/base.apk!classes2.dex): ok
07-17 14:14:14.296 31053 31053 D nativeloader: Load /data/data/com.whatsapp/files/decompressed/libs.spo/libwa_log.so using class loader ns clns-7 (caller=/data/app/~~6pyo8Q5J9MDmWuSwr2lSQw==/com.whatsapp-3ADhSIj03RTiIZ1usOTJzw==/base.apk!classes2.dex): ok
07-17 14:14:14.296 31053 31053 W SoLoader: Loading essential on the main thread
07-17 14:14:14.296 31053 31053 W SoLoader[NativeDeps]: Falling back to custom ELF parsing when loading libessential.so, this can be slow
07-17 14:14:14.297 31053 31053 W SoLoader[NativeDeps]: Falling back to custom ELF parsing when loading libfbunwindstack.so, this can be slow
07-17 14:14:14.298 31053 31053 D nativeloader: Load /data/data/com.whatsapp/files/decompressed/libs.spo/libfbunwindstack.so using class loader ns clns-7 (caller=/data/app/~~6pyo8Q5J9MDmWuSwr2lSQw==/com.whatsapp-3ADhSIj03RTiIZ1usOTJzw==/base.apk!classes2.dex): ok
07-17 14:14:14.298 31053 31053 D nativeloader: Load /data/data/com.whatsapp/files/decompressed/libs.spo/libessential.so using class loader ns clns-7 (caller=/data/app/~~6pyo8Q5J9MDmWuSwr2lSQw==/com.whatsapp-3ADhSIj03RTiIZ1usOTJzw==/base.apk!classes2.dex): ok
07-17 14:14:14.298 31053 31053 D SigquitBasedANRDetector: Registered
07-17 14:14:14.299 30958 30958 I [WEATHER]: {[3D9E0655162E9D283348CE35F2ECDAEA7F4966834100A50B4DDA10FB47E080A8D883809B9287CDE3A98F3A6B3E4D5721]}
07-17 14:14:14.299 31066 31107 W FA-Ads  : Disabling data collection. Found google_app_id in strings.xml but Google Analytics for Firebase is missing. Remove this value or add Google Analytics for Firebase to resume data collection.
07-17 14:14:14.300   690  8041 I keystore2: system/security/keystore2/src/security_level.rs:454 - In create_operation. Success to create IKeystoreOperation. 5010, None
07-17 14:14:14.301 30958 30958 I [WEATHER]: {[3D9E0655162E9D283348CE35F2ECDAEA7B21AD610456FEC3C69736365F4A70B8DF8801646EA2168178CC9695038BA8DF]}
07-17 14:14:14.301 30958 30958 W [WEATHER]: {[3D9E0655162E9D283348CE35F2ECDAEAE583D146B2C06D5B83821A84D0DACA67]}
07-17 14:14:14.302  1279  1827 D InputMethodManagerService: isImeSwitcherDisabledPackage : false
07-17 14:14:14.302 31735 31839 D WM-NetworkStateTracker: Unregistering network callback
07-17 14:14:14.302 31735 31839 D ConnectivityManager: StackLog: [android.net.ConnectivityManager.unregisterNetworkCallback(ConnectivityManager.java:5571)] [androidx.work.impl.constraints.trackers.j.d(SourceFile:28)] [androidx.work.impl.constraints.controllers.a$a.invoke(SourceFile:34)] [kotlinx.coroutines.channels.p.a(SourceFile:106)] [kotlinx.coroutines.channels.p$a.invokeSuspend(Unknown Source:10)] [kotlin.coroutines.jvm.internal.a.resumeWith(SourceFile:9)] [kotlinx.coroutines.W.run(SourceFile:103)] [androidx.work.impl.utils.B$a.run(SourceFile:3)] [java.util.concurrent.ThreadPoolExecutor.runWorker(ThreadPoolExecutor.java:1156)] [java.util.concurrent.ThreadPoolExecutor$Worker.run(ThreadPoolExecutor.java:651)] [java.lang.Thread.run(Thread.java:1119)]
07-17 14:14:14.304  1279  1875 D ConnectivityService:  Removing from current network [119 CELLULAR], leaving 148 requests.
07-17 14:14:14.306  1279  1827 D InputMethodManagerService: isImeSwitcherDisabledPackage : false
07-17 14:14:14.308 31053 31053 D SigquitBasedANRDetector: Initialized
07-17 14:14:14.309 31053 31053 I SigquitBasedANRDetector: Function PaletteWriteCrashThreadStacks hooked with result=0
07-17 14:14:14.309 31053 31053 D SigquitBasedANRDetector: Detector started
07-17 14:14:14.309 31053 31053 W SoLoader: Loading rtvip on the main thread
07-17 14:14:14.309 31053 31053 W SoLoader[NativeDeps]: Falling back to custom ELF parsing when loading librtvip.so, this can be slow
07-17 14:14:14.310 31053 31053 W SoLoader[NativeDeps]: Falling back to custom ELF parsing when loading libglog.so, this can be slow
07-17 14:14:14.311 31053 31053 D nativeloader: Load /data/data/com.whatsapp/files/decompressed/libs.spo/libglog.so using class loader ns clns-7 (caller=/data/app/~~6pyo8Q5J9MDmWuSwr2lSQw==/com.whatsapp-3ADhSIj03RTiIZ1usOTJzw==/base.apk!classes2.dex): ok
07-17 14:14:14.311 31053 31053 D nativeloader: Load /data/data/com.whatsapp/files/decompressed/libs.spo/librtvip.so using class loader ns clns-7 (caller=/data/app/~~6pyo8Q5J9MDmWuSwr2lSQw==/com.whatsapp-3ADhSIj03RTiIZ1usOTJzw==/base.apk!classes2.dex): ok
07-17 14:14:14.311 31053 31053 W SoLoader: Loading rtvip on the main thread
07-17 14:14:14.312 31053 31053 I rtvip   : done
07-17 14:14:14.312 31053 31053 W SoLoader: Loading vlc on the main thread
07-17 14:14:14.312 31053 31053 W SoLoader[NativeDeps]: Falling back to custom ELF parsing when loading libvlc.so, this can be slow
07-17 14:14:14.313 31053 31053 D nativeloader: Load /data/data/com.whatsapp/files/decompressed/libs.spo/libvlc.so using class loader ns clns-7 (caller=/data/app/~~6pyo8Q5J9MDmWuSwr2lSQw==/com.whatsapp-3ADhSIj03RTiIZ1usOTJzw==/base.apk!classes2.dex): ok
07-17 14:14:14.313 31053 31053 W SoLoader: Loading native_utils on the main thread
