--------- beginning of main
07-17 14:13:44.360  2075  2075 I LockscreenNotificationIconsOnlyController: onNotificationInfoUpdated 0
07-17 14:13:44.361  2075  2075 I AODNotificationManager: updateNotification() 
07-17 14:13:44.699 31735 23788 I VkpnsPushProvider:CheckServiceAlive: Service is active
07-17 14:13:45.180 31735 23788 D VkpnsPushProvider:NotifierConnection: Can send message to web socket: true
07-17 14:13:45.236  1079  1204 I EDEN    : [Exynos][EDEN][v1.6.23][SERVICE] processAliveMointorMain:253: Try to check pid=(1025)...
07-17 14:13:45.238 31735 23788 D VkpnsPushProvider:Notifier: Parse request response: 753
07-17 14:13:45.415  1011 30925 I HYPER-HAL: [RequestManager.cpp]releaseLocked(): Released ID : 2207050
--------- beginning of system
07-17 14:13:45.919  1279  1543 D PowerManagerService: UserActivityStateListenerState: 0
07-17 14:13:46.097  1100  1195 I VSyncReactor: Current= 120, Period= 120, Distance= 0
07-17 14:13:46.104  1100  1195 I VSyncReactor: Current= 120, Period= 120, Distance= 126
07-17 14:13:46.122   673   673 D io_stats: !@   8,0 r 5127438 225793264 w 4552038 66847908 d 867056 105110192 f 0 0 iot 4257956 0 th 0 0 0 pt 0 inp 0 0 77804.532
07-17 14:13:46.264 29167 29167 W SmApplication: onTrimMemory : 40
07-17 14:13:46.265 29167 29167 I DC.AppIconCache: clear icon cache
07-17 14:13:46.267  1279  1811 D InputReader: Btn_touch(5): value=1 when=77804.676664
07-17 14:13:46.267  1279  1811 I InputReader: Touch event's action is 0x0 (id=7, t=0) [pCnt=1, s=0.2931 ] when=77804.676664
07-17 14:13:46.267 28588 28588 W SmApplication: onTrimMemory : 40
07-17 14:13:46.268 28588 28588 I DC.AppIconCache: clear icon cache
07-17 14:13:46.269  1279  1810 I InputDispatcher: Delivering touch to (2075): action: 0x4, f=0x0, d=0, '2f8596c', t=1 
07-17 14:13:46.269  1279  1810 I InputDispatcher: Delivering touch to (21019): action: 0x0, f=0x0, d=0, '6b3a9db', t=1 
07-17 14:13:46.269  1279  1810 D PowerManagerService: [api] userActivityFromNative : touch displayId=0 eventTime=77804676
07-17 14:13:46.270  1279  1810 D PowerManagerService: UserActivityStateListenerState: 1
07-17 14:13:46.270  1279  1491 I GestureDetector: obtain mCurrentDownEvent. id: 517102514 caller: com.android.server.wm.SystemGesturesPointerEventListener.onPointerEvent:17 com.android.server.wm.PointerEventDispatcher.onInputEvent:51 android.view.InputEventReceiver.dispatchInputEvent:385 
07-17 14:13:46.270  1279  1491 I GestureDetector: obtain mCurrentDownEvent. id: 517102514 caller: com.android.server.wm.SystemPerformancePointerEventListener.onPointerEvent:13 com.android.server.wm.PointerEventDispatcher.onInputEvent:51 android.view.InputEventReceiver.dispatchInputEvent:385 
07-17 14:13:46.271 21019 21019 I VRI[SecuritySettingsRedesignActivity]@d6e81be: ViewPostIme pointer 0
07-17 14:13:46.272 28516 28516 I DWBr    : onTrimMemory(40)
07-17 14:13:46.272 28516 28516 E DWBf    : LocalPkgManager MemoryTrimmable
07-17 14:13:46.272 28516 28516 E DWBs    : UsageDataManager MemoryTrimmable
07-17 14:13:46.273 28516 28516 I DWBs    : Retrieve CLEAR_CACHED_DATA
07-17 14:13:46.273 28516 28516 I DWBs    : No Request Data
07-17 14:13:46.278 21019 21019 I VRI[SecuritySettingsRedesignActivity]@d6e81be: call setFrameRateCategory for touch hint category=high hint, reason=touch, vri=VRI[SecuritySettingsRedesignActivity]@d6e81be
07-17 14:13:46.279  1100  1195 I VSyncReactor: Current= 120, Period= 120, Distance= 5
07-17 14:13:46.279  1100  1100 I SurfaceFlinger: [ru.sberbankmobile_alpha/ru.sberbank.mobile.feature.erib.cybersecuritycabinet.impl.presentation.settings.view.SecuritySettingsRedesignActivity$_21019#16422] setFrameRateCategory: HighHint
07-17 14:13:46.287  1100  1195 I VSyncReactor: Current= 120, Period= 120, Distance= 117
07-17 14:13:46.291  1279  1491 I GestureDetector: obtain mCurrentMotionEventRaw. action: 2 id: 715050937
07-17 14:13:46.292  1279  1491 I GestureDetector: obtain mCurrentMotionEventRaw. action: 2 id: 715050937
07-17 14:13:46.357  1279  1811 D InputReader: Btn_touch(5): value=0 when=77804.767693
07-17 14:13:46.357  1279  1811 I InputReader: Touch event's action is 0x1 (id=7, t=0) [pCnt=1, s=] when=77804.767693
07-17 14:13:46.357  1279  1810 I InputDispatcher: Delivering touch to (21019): action: 0x1, f=0x0, d=0, '6b3a9db', t=1 
07-17 14:13:46.359 21019 21019 I VRI[SecuritySettingsRedesignActivity]@d6e81be: ViewPostIme pointer 1
07-17 14:13:46.362 21019 21019 D AnalyticsGatewayImpl: sending event: "Security Settings CallerID Click" with params: AUTH_TYPE = Pin [sensitive, ordinary]; M_API = null [sensitive, ordinary]; M_API_NODE = mobile-node1.online.sberbank.ru:8543 [sensitive, ordinary]; USER_LOGIN_ID = 25f003957edcf1281c47d4d039b2941c4641a967dae41caf1e1e192dc9460955 [sensitive, ordinary]; external_source = organic [sensitive, ordinary]; internal_source = profile [sensitive, ordinary]; timed = false, mFlags = [NORMAL]
07-17 14:13:46.364 21019 21019 D DiTimeLogger: CallerIdApi 	0 ms
07-17 14:13:46.365  1279  1753 D ActivityTaskManager: startActivityAsUser: callingPid=21019, callingUid=10144, caller=com.android.server.wm.ActivityTaskManagerService.startActivity:120 android.app.IActivityTaskManager$Stub.onTransact:1356 com.android.server.wm.ActivityTaskManagerService.onTransact:1 android.os.Binder.execTransactInternal:1541 android.os.Binder.execTransact:1480 <bottom of call stack> <bottom of call stack> 
07-17 14:13:46.366  1279  1753 D ActivityTaskManager: TaskLaunchParamsModifier:task=null activity=null display-area-from-source=DefaultTaskDisplayArea_d0@258491001 display-id=0 task-display-area-windowing-mode=1 suggested-display-area=DefaultTaskDisplayArea_d0@258491001
07-17 14:13:46.366  1279  1753 W OptProp : Cannot read opt property android.window.PROPERTY_COMPAT_ALLOW_ORIENTATION_OVERRIDE
07-17 14:13:46.367  1279  1753 V GrammaticalInflectionUtils: AttributionSource: AttributionSource { uid = 10144, packageName = null, attributionTag = null, token = android.os.Binder@a6325b9, deviceId = 0, next = null } does not have READ_SYSTEM_GRAMMATICAL_GENDER permission.
07-17 14:13:46.367  1279  1753 W OptProp : Cannot read opt property android.window.PROPERTY_COMPAT_ALLOW_RESIZEABLE_ACTIVITY_OVERRIDES
07-17 14:13:46.367  1279  1753 W OptProp : Cannot read opt property android.window.PROPERTY_COMPAT_ALLOW_MIN_ASPECT_RATIO_OVERRIDE
07-17 14:13:46.368  1279  1753 D WindowManager: Transition is created, t=TransitionRecord{3cfdf62 id=-1 type=OPEN flags=0x0}, caller=com.android.server.wm.Transition.<init>:170 com.android.server.wm.ActivityStarter.startActivityUnchecked:330 com.android.server.wm.ActivityStarter.executeRequest:3361 com.android.server.wm.ActivityStarter.execute:1122 com.android.server.wm.ActivityTaskManagerService.startActivityAsUser:88 
07-17 14:13:46.368  1279  1753 D BLASTSyncEngine: SyncGroup is created, id=1391, name=Transition-OPEN, caller=com.android.server.wm.BLASTSyncEngine$SyncGroup.<init>:51 com.android.server.wm.TransitionController.moveToCollecting:78 com.android.server.wm.ActivityStarter.startActivityUnchecked:333 com.android.server.wm.ActivityStarter.executeRequest:3361 com.android.server.wm.ActivityStarter.execute:1122 com.android.server.wm.ActivityTaskManagerService.startActivityAsUser:88 com.android.server.wm.ActivityTaskManagerService.startActivity:120 
07-17 14:13:46.368  1279  1753 W BLASTSyncEngine: setSyncMethod, id=1391, method=0, caller=com.android.server.wm.TransitionController.moveToCollecting:90 com.android.server.wm.ActivityStarter.startActivityUnchecked:333 com.android.server.wm.ActivityStarter.executeRequest:3361 
07-17 14:13:46.368  1279  1753 V WindowManager: Start collecting in Transition: TransitionRecord{3cfdf62 id=1391 type=OPEN flags=0x0}, caller=com.android.server.wm.ActivityStarter.startActivityUnchecked:333 com.android.server.wm.ActivityStarter.executeRequest:3361 com.android.server.wm.ActivityStarter.execute:1122 com.android.server.wm.ActivityTaskManagerService.startActivityAsUser:88 com.android.server.wm.ActivityTaskManagerService.startActivity:120 
07-17 14:13:46.368  1279  1753 V WindowManager: Collecting in transition 1391: ActivityRecord{d5e28f3 u0 ru.sberbankmobile_alpha/ru.sberbank.mobile.feature.bizone.callerid.impl.presentation.activity.CallerIdActivity, caller=com.android.server.wm.TransitionController.collect:7 com.android.server.wm.ActivityStarter.startActivityUnchecked:626 com.android.server.wm.ActivityStarter.executeRequest:3361 com.android.server.wm.ActivityStarter.execute:1122 com.android.server.wm.ActivityTaskManagerService.startActivityAsUser:88 
07-17 14:13:46.368  1279  1753 D ActivityTaskManager: TaskLaunchParamsModifier:task=null activity=ActivityRecord{d5e28f3 u0 ru.sberbankmobile_alpha/ru.sberbank.mobile.feature.bizone.callerid.impl.presentation.activity.CallerIdActivity t-1} display-area-from-source=DefaultTaskDisplayArea_d0@258491001 display-id=0 task-display-area-windowing-mode=1 suggested-display-area=DefaultTaskDisplayArea_d0@258491001
07-17 14:13:46.369  1279  1753 D ActivityTaskManager: TaskLaunchParamsModifier:task=Task{b097692 #197 type=standard A=10144:ru.sberbankmobile_alpha} activity=ActivityRecord{d5e28f3 u0 ru.sberbankmobile_alpha/ru.sberbank.mobile.feature.bizone.callerid.impl.presentation.activity.CallerIdActivity t-1} display-area-from-source=DefaultTaskDisplayArea_d0@258491001 display-id=0 task-display-area-windowing-mode=1 suggested-display-area=DefaultTaskDisplayArea_d0@258491001 inherit-from-source=fullscreen non-freeform-task-display-area display-area=DefaultTaskDisplayArea_d0@258491001 activity-requested-portrait freeform-size-mismatch=Rect(108, 761 - 1332, 2361)
07-17 14:13:46.369  1279  1753 I SemDvfsHyPerManager: acquire hyper - AMS_ACT_START/1279@18, type = -999
07-17 14:13:46.369  1279  1753 D ActivityManagerPerformance: AMP_acquire() ACT_START
07-17 14:13:46.369  1279  1753 V WindowManager: Collecting in transition 1391: ActivityRecord{a5da160 u0 ru.sberbankmobile_alpha/ru.sberbank.mobile.feature.erib.cybersecuritycabinet.impl.presentation.settings.view.SecuritySettingsRedesignActivity t197}, caller=com.android.server.wm.TransitionController.collect:7 com.android.server.wm.ActivityStarter.startActivityInner:235 com.android.server.wm.ActivityStarter.startActivityUnchecked:639 com.android.server.wm.ActivityStarter.executeRequest:3361 com.android.server.wm.ActivityStarter.execute:1122 
07-17 14:13:46.370  1279  1753 D WindowManager: prepareSync <SYNC_STATE_WAITING_FOR_DRAW>, mPrepareSyncSeqId=0, win=Window{6b3a9db u0 ru.sberbankmobile_alpha/ru.sberbank.mobile.feature.erib.cybersecuritycabinet.impl.presentation.settings.view.SecuritySettingsRedesignActivity}
07-17 14:13:46.370  1011  1058 I HYPER-HAL: [RequestManager.cpp]acquire(): Acquired ID : 841771  [1279 / 18]    HINT : AMS_ACT_START    list : 
07-17 14:13:46.370  1100  1144 I SurfaceFlinger: id=16428 createSurf, flag=84004, ActivityRecord{d5e28f3 u0 ru.sberbankmobile_alpha/ru.sberbank.mobile.feature.bizone.callerid.impl.presentation.activity.CallerIdActivity t197}#16428
07-17 14:13:46.372  1011  1058 I HYPER-HAL: [ResourceManager.cpp]updateResource(): [CPUMinFreq] UpdateResource Request ID : 841771    Value : 1768000
07-17 14:13:46.372  1279  5504 I BatteryService_BatteryPropertiesRegistrar: [getProperty]id:4
07-17 14:13:46.373  1279  5504 I BatteryService_BatteryPropertiesRegistrar: [getProperty]prop.long:-9223372036854775808 ,prop.string:null
07-17 14:13:46.373  1279  1753 V WindowManager: Checking theme of starting window: 0x7f1507d3
07-17 14:13:46.373  1279  1753 V WindowManager: Translucent=false Floating=false ShowWallpaper=false Disable=false
07-17 14:13:46.373  1279  1753 D ActivityTaskManager: addStartingWindow: type=0 typeParameter=2c
07-17 14:13:46.373  1279  1753 D ActivityTaskManager: scheduleTopResumedActivityChanged, onTop=false, r=ActivityRecord{a5da160 u0 ru.sberbankmobile_alpha/ru.sberbank.mobile.feature.erib.cybersecuritycabinet.impl.presentation.settings.view.SecuritySettingsRedesignActivity t197}, caller=com.android.server.wm.ActivityTaskSupervisor.scheduleTopResumedActivityStateLossIfNeeded:11 com.android.server.wm.ActivityTaskSupervisor.updateTopResumedActivityIfNeeded:19 com.android.server.wm.TaskFragment.setResumedActivity:29 com.android.server.wm.ActivityRecord.setState:95 com.android.server.wm.TaskFragment.startPausing$1:210 com.android.server.wm.TaskFragment.resumeTopActivity:698 
07-17 14:13:46.374  1279  1753 V WindowManager: Collecting in transition 1391: ActivityRecord{d5e28f3 u0 ru.sberbankmobile_alpha/ru.sberbank.mobile.feature.bizone.callerid.impl.presentation.activity.CallerIdActivity t197}, caller=com.android.server.wm.Transition.collectExistenceChange:42 com.android.server.wm.ActivityStarter.handleStartResult:523 com.android.server.wm.ActivityStarter.startActivityUnchecked:653 com.android.server.wm.ActivityStarter.executeRequest:3361 com.android.server.wm.ActivityStarter.execute:1122 
07-17 14:13:46.374  1279  1753 V WindowManager: Requesting StartTransition: TransitionRecord{3cfdf62 id=1391 type=OPEN flags=0x0}, caller=com.android.server.wm.ActivityStarter.handleStartResult:677 com.android.server.wm.ActivityStarter.startActivityUnchecked:653 com.android.server.wm.ActivityStarter.executeRequest:3361 com.android.server.wm.ActivityStarter.execute:1122 com.android.server.wm.ActivityTaskManagerService.startActivityAsUser:88 
07-17 14:13:46.375  1279  1753 I Pageboost: stop alp
07-17 14:13:46.375  1279  1753 I ActivityTaskManager: START u0 {cmp=ru.sberbankmobile_alpha/ru.sberbank.mobile.feature.bizone.callerid.impl.presentation.activity.CallerIdActivity (has extras)} with LAUNCH_MULTIPLE from uid 10144 (BAL_ALLOW_VISIBLE_WINDOW) result code=0
07-17 14:13:46.376  2075  2121 V WindowManagerShell: Transition requested (#1391): android.os.BinderProxy@e766707 TransitionRequestInfo { type = OPEN, triggerTask = TaskInfo{userId=0 taskId=197 displayId=0 isRunning=true baseIntent=Intent { act=android.intent.action.MAIN cat=[android.intent.category.LAUNCHER] flg=0x10200000 cmp=ru.sberbankmobile_alpha/ru.sberbank.mobile.auth.presentation.splash.SplashActivity } baseActivity=ComponentInfo{ru.sberbankmobile_alpha/ru.sberbank.mobile.entry.maincontainer.presentation.MainContainerActivity} topActivity=ComponentInfo{ru.sberbankmobile_alpha/ru.sberbank.mobile.feature.bizone.callerid.impl.presentation.activity.CallerIdActivity} origActivity=null realActivity=ComponentInfo{ru.sberbankmobile_alpha/ru.sberbank.mobile.auth.presentation.splash.SplashActivity} numActivities=5 lastActiveTime=280995508 supportsMultiWindow=true resizeMode=1 isResizeable=true minWidth=-1 minHeight=-1 maxWidth=-1 maxHeight=-1 defaultMinSize=220 token=WCT{android.window.IWindowContainerToken$Stub$Proxy@2383034} topActivityType=1 pictureInPictureParams=null shouldDockBigOverlays=false launchIntoPipHostTaskId=-1 lastParentTaskIdBeforePip=-1 displayCutoutSafeInsets=Rect(0, 100 - 0, 0) topActivityInfo=ActivityInfo{cd48e5d ru.sberbank.mobile.feature.bizone.callerid.impl.presentation.activity.CallerIdActivity} launchCookies=[] positionInParent=Point(0, 0) parentTaskId=-1 isFocused=true isVisible=true isVisibleRequested=true isSleeping=false topActivityInSizeCompat=false locusId=null displayAreaFeatureId=1 isTopActivityTransparent=false isTopActivityStyleFloating=false appCompatTaskInfo=AppCompatTaskInfo { topActivityInSizeCompat=false eligibleForLetterboxEducation= false isLetterboxEducationEnabled= false isLetterboxDoubleTapEnabled= false eligibleForUserAspectRatioButton= false topActivityBoundsLetterboxed= false isFromLetterboxDoubleTap= false topActivityLetterboxVerticalPosition= -1 topActivityLetterboxHorizontalPosition= -1 topActivityLetterboxWidth=1440 topActivityLetterboxHeight=3200 topActivityLetterboxAppWidth=1440 topActivityLetterboxAppHeight=2920 isUserFullscreenOverrideEnabled=false isSystemFullscreenOverrideEnabled=false hasMinAspectRatioOverride=false cameraCompatTaskInfo=CameraCompatTaskInfo { freeformCameraCompatMode=inactive} topActivityBounds=null topActivityInDisplayCompat=false} originallySupportedMultiWindow=true hasWallpaper=false rootAffinity=10144:ru.sberbankmobile_alpha isTopTaskInStage=false topActivityUiMode=17 CoverLauncherWidgetTask=false isAllowedSeamlessRotation=false isTopTransparentActivity=false snappingGuideBounds=Rect(108, 761 - 1332, 2361) isAliasManaged=false hasConfigChanged=false isAiKeyRemoveAppTask=false}, pipTask = null, remoteTransition = null, displayChange = null, flags = 0, debugId = 1391 }
07-17 14:13:46.376  3119  3119 E pageboostd: Received HALT command code 2
07-17 14:13:46.377  1279  5504 V WindowManager: Starting Transition 1391, caller=com.android.server.wm.WindowOrganizerController.startTransition:37 com.android.server.wm.WindowOrganizerController.startTransition:1 android.window.IWindowOrganizerController$Stub.onTransact:271 
07-17 14:13:46.380  1100  1100 I SurfaceFlinger: [ActivityRecord{d5e28f3 u0 ru.sberbankmobile_alpha/ru.sberbank.mobile.feature.bizone.callerid.impl.presentation.activity.CallerIdActivity t197}#16428] attach to parent LayerHierarchy{RequestedLayerState{Task=197#16355 parentId=11 z=3} 5 children}
07-17 14:13:46.381 21019 21019 D AuthActivityCallback: onActivityPaused: SecuritySettingsRedesignActivity266381869
07-17 14:13:46.382  1001  1001 I Sensors : batch(0) - accelerometer_sensor try to batching with 180000000
07-17 14:13:46.382 21019 21054 D SessionLifecycleClient: Sending lifecycle 2 to service
07-17 14:13:46.382 21019 21204 D SessionLifecycleService: Activity backgrounding at 77804793
07-17 14:13:46.384 21019 21019 D SensorManager: unregisterListener
07-17 14:13:46.386  1279  1937 I CocktailBarManagerServiceContainer: handleMessage: entry what = 6
07-17 14:13:46.386  1279  1937 I CocktailBarManagerServiceImpl: notePauseComponent : no active host
07-17 14:13:46.387  1279  5504 V WindowManager: Collecting in transition 1391: ActivityRecord{d5e28f3 u0 ru.sberbankmobile_alpha/ru.sberbank.mobile.feature.bizone.callerid.impl.presentation.activity.CallerIdActivity t197}, caller=com.android.server.wm.TransitionController.collect:7 com.android.server.wm.ActivityRecord.setVisibility:189 com.android.server.wm.EnsureActivitiesVisibleHelper.process:561 com.android.server.wm.TaskFragment.updateActivityVisibilities:12 com.android.server.wm.Task$$ExternalSyntheticLambda3.accept:399 
07-17 14:13:46.387  1279  5504 V WindowManager: Collecting in transition 1391: ActivityRecord{a5da160 u0 ru.sberbankmobile_alpha/ru.sberbank.mobile.feature.erib.cybersecuritycabinet.impl.presentation.settings.view.SecuritySettingsRedesignActivity t197}, caller=com.android.server.wm.TransitionController.collect:7 com.android.server.wm.ActivityRecord.setVisibility:189 com.android.server.wm.ActivityRecord.makeInvisible:39 com.android.server.wm.EnsureActivitiesVisibleHelper.process:637 com.android.server.wm.TaskFragment.updateActivityVisibilities:12 
07-17 14:13:46.388  1279  5504 V WindowManager: rotationForOrientation(orient=SCREEN_ORIENTATION_PORTRAIT (1), last=ROTATION_0 (0)); user=ROTATION_0 (0) 
07-17 14:13:46.388  1279  5504 D WindowManager: rotationForOrientation, orientationSource=ActivityRecord{d5e28f3 u0 ru.sberbankmobile_alpha/ru.sberbank.mobile.feature.bizone.callerid.impl.presentation.activity.CallerIdActivity t197}
07-17 14:13:46.388  1279  5504 V WindowManager: Computed rotation=ROTATION_0 (0) for display id=0 based on lastOrientation=SCREEN_ORIENTATION_PORTRAIT (1) and oldRotation=ROTATION_0 (0), caller=com.android.server.wm.DisplayRotation.updateOrientation:25 com.android.server.wm.DisplayContent.updateOrientation:65 com.android.server.wm.DisplayContent.updateOrientation:11 com.android.server.wm.RootWindowContainer.ensureVisibilityAndConfig:7 com.android.server.wm.ActivityTaskSupervisor.realStartActivityLocked:213 com.android.server.wm.ActivityTaskSupervisor.startSpecificActivity:27 
07-17 14:13:46.388  1279  5504 V WindowManager: Collecting in transition 1391: ActivityRecord{d5e28f3 u0 ru.sberbankmobile_alpha/ru.sberbank.mobile.feature.bizone.callerid.impl.presentation.activity.CallerIdActivity t197}, caller=com.android.server.wm.TransitionController.collect:7 com.android.server.wm.ActivityRecord.setVisibility:189 com.android.server.wm.ActivityTaskSupervisor.realStartActivityLocked:234 com.android.server.wm.ActivityTaskSupervisor.startSpecificActivity:27 com.android.server.wm.TaskFragment.resumeTopActivity:2204 
07-17 14:13:46.389  1279  5504 D SGM:FgCheckThread: notifyAppCreated(), packageName: ru.sberbankmobile_alpha, userId: 0, sendRet: true
07-17 14:13:46.389  1279  1832 D SGM:FgCheckThread: onLooperPrepared(), msg: MSG_APP_CREATE, pkgName: ru.sberbankmobile_alpha, userId: 0
07-17 14:13:46.389  1279  5504 D InputDispatcher: Focused application(0): ActivityRecord{d5e28f3 u0 ru.sberbankmobile_alpha/ru.sberbank.mobile.feature.bizone.callerid.impl.presentation.activity.CallerIdActivity t197}
07-17 14:13:46.390  1279  5504 D WindowManager: Changing focus from Window{6b3a9db u0 ru.sberbankmobile_alpha/ru.sberbank.mobile.feature.erib.cybersecuritycabinet.impl.presentation.settings.view.SecuritySettingsRedesignActivity} to null displayId=0 Callers=com.android.server.wm.ActivityTaskManagerService.setLastResumedActivityUncheckLocked:264 com.android.server.wm.ActivityTaskSupervisor.updateTopResumedActivityIfNeeded:50 com.android.server.wm.TaskFragment.setResumedActivity:29 com.android.server.wm.ActivityRecord.setState:104 
07-17 14:13:46.390  1279  5504 V SystemKeyManager: updateFocusedWindow() is called, 
07-17 14:13:46.391  1279  5504 D ActivityTaskManager: scheduleTopResumedActivityChanged, onTop=true, r=ActivityRecord{d5e28f3 u0 ru.sberbankmobile_alpha/ru.sberbank.mobile.feature.bizone.callerid.impl.presentation.activity.CallerIdActivity t197}, caller=com.android.server.wm.ActivityTaskSupervisor.updateTopResumedActivityIfNeeded:62 com.android.server.wm.TaskFragment.setResumedActivity:29 com.android.server.wm.ActivityRecord.setState:104 com.android.server.wm.ActivityTaskSupervisor.realStartActivityLocked:949 com.android.server.wm.ActivityTaskSupervisor.startSpecificActivity:27 com.android.server.wm.TaskFragment.resumeTopActivity:2204 
07-17 14:13:46.391  1279  5504 D WindowManagerServiceExt: updateTaskbarTargetIfNeeded: cn=ComponentInfo{ru.sberbankmobile_alpha/ru.sberbank.mobile.feature.bizone.callerid.impl.presentation.activity.CallerIdActivity} occludesParent=true isInSplitScreenMode=false styleFloating=false
07-17 14:13:46.392  1279  5504 D BLASTSyncEngine: SyncGroup 1391:  Unfinished container: ActivityRecord{d5e28f3 u0 ru.sberbankmobile_alpha/ru.sberbank.mobile.feature.bizone.callerid.impl.presentation.activity.CallerIdActivity t197} mSyncState=2
07-17 14:13:46.392  1279  1493 D SGM:FgCheckThread: notePauseComponent(), received pkgName: ru.sberbankmobile_alpha, userId: 0
07-17 14:13:46.392  1279  1493 D SGM:FgCheckThread: notePauseComponent(), received pkgName: ru.sberbankmobile_alpha, userId: 0
07-17 14:13:46.392  1279  1493 D SGM:FgCheckThread: notifyFocusInOut(). of pkg: ru.sberbankmobile_alpha, type: 20, isSecGameFamily: false, userId: 0
07-17 14:13:46.393  1100  1100 I BpBinder: onLastStrongRef automatically unlinking death recipients: 
07-17 14:13:46.393  1279  1493 D SGM:GameManager: identifyGamePackage. ru.sberbankmobile_alpha, mCurrentUserId: 0, callerUserId: 0, callingMethodInfo: com.samsung.android.game.SemGameManager.isGamePackage(SemGameManager.java:105)
07-17 14:13:46.393  1279  1493 D SGM:SemGameManager: isGamePackage(), pkgName=ru.sberbankmobile_alpha, ret=false
07-17 14:13:46.393  1279  1493 D SGM:FgCheckThread:   notifyFocusInOut(). unexpected type. 20
07-17 14:13:46.396  1279  1937 I CocktailBarManagerServiceContainer: handleMessage: entry what = 5
07-17 14:13:46.396  1279  1937 I CocktailBarManagerServiceImpl: noteResumeComponent : no active host
07-17 14:13:46.397  1279  5504 D GraphicsStatsService: requestRenderEngineFor(ru.sberbankmobile_alpha)
07-17 14:13:46.397  1279  1493 D SGM:FgCheckThread: noteResumeComponent(), received pkgName: ru.sberbankmobile_alpha, userId: 0
07-17 14:13:46.398  1279  1832 D SGM:FgCheckThread: onLooperPrepared(), msg: MSG_APP_RESUME, pkgName: ru.sberbankmobile_alpha, userid: 0
07-17 14:13:46.398  1279  1832 D SGM:FgCheckThread: handleResume().
07-17 14:13:46.398 21019 21019 D ActivityThread: ru.sberbankmobile_alpha will use render engine as VK
07-17 14:13:46.398  1279  1832 D SGM:FgCheckThread:   handleResume(). same package with Prev KILL_YOURSELF. ignore
07-17 14:13:46.399  4389 12952 I SDHMS:l : handleResumeComponent : put = ru.sberbankmobile_alpha, userid = 0 instanceid =8628656
07-17 14:13:46.403 21019 21019 D DiTimeLogger: ClientAppApi 	0 ms
07-17 14:13:46.403 21019 21019 D DiTimeLogger: SessionCoreApi 	0 ms
07-17 14:13:46.403 21019 21019 D DiTimeLogger: ScreenLockCoreApi 	0 ms
07-17 14:13:46.403 21019 21019 D DiTimeLogger: IdlingCoreApi 	0 ms
07-17 14:13:46.404  1100  1100 I SurfaceFlinger: [LayerHierarchy{RequestedLayerState{ImeContainer#16 parentId=16400 relativeParentId=16400 z=1} 1 children}] RelativeParent to null
07-17 14:13:46.404 21019 21019 D DefaultSessionStateManager: checkSessionNow, from = onCreate
07-17 14:13:46.406 21019 21019 D AuthActivityCallback: onActivityCreated: CallerIdActivity31939921
07-17 14:13:46.407 21019 21019 D DiTimeLogger: ActivityCheckerApi 	0 ms
07-17 14:13:46.407 21019 21019 D DiTimeLogger: SmartSecurityFeatureApi 	0 ms
07-17 14:13:46.409  1100  1229 D SurfaceFlinger: [input] setFocusedWindow: <null>
07-17 14:13:46.409  1279  5504 D InputDispatcher: Focus left window (0): 6b3a9db ru.sberbankmobile_alpha/ru.sberbank.mobile.feature.erib.cybersecuritycabinet.impl.presentation.settings.view.SecuritySettingsRedesignActivity
07-17 14:13:46.410  1279  1753 D InputDispatcher: Once focus requested (0): <null>
07-17 14:13:46.410 21019 21019 D CreatedActivityProviderImpl: adding to stack 197 ru.sberbank.mobile.feature.bizone.callerid.impl.presentation.activity.CallerIdActivity@1e75d51 stacks = {197=[ru.sberbank.mobile.entry.maincontainer.presentation.MainContainerActivity@2a23e31, ru.sberbank.mobile.feature.profile.impl.presentation.ProfileActivity@5ac6654, ru.sberbank.mobile.feature.settings.impl.presentation.views.activities.SettingsMainActivity@8d48d16, ru.sberbank.mobile.feature.erib.cybersecuritycabinet.impl.presentation.settings.view.SecuritySettingsRedesignActivity@fe0aa2d, ru.sberbank.mobile.feature.bizone.callerid.impl.presentation.activity.CallerIdActivity@1e75d51]}
07-17 14:13:46.411 21019 21019 D DiTimeLogger: CallerIdInnerReleasableApi 	0 ms
07-17 14:13:46.413 16694 30908 I NetworkScheduler: (REDACTED) Error inserting %s
07-17 14:13:46.413 21019 21019 I DecorView: setWindowBackground: isPopOver=false color=ffffffff d=android.graphics.drawable.ColorDrawable@1bac9a8
07-17 14:13:46.418 21019 21019 E ankmobile_alpha: Invalid resource ID 0x00000000.
07-17 14:13:46.418 21019 21019 D BmsCallerId: InnerStorageContentProvider:Not found optional file name for the SharedPreference, use the default name..
07-17 14:13:46.418 21019 21019 I CallerIdViewModel: CallerIdScreen setup started:
07-17 14:13:46.418 21019 21019 I CallerIdViewModel: SavedUserChoice: true
07-17 14:13:46.418 21019 21019 I CallerIdViewModel: AllRequirementsAreGranted: true
07-17 14:13:46.418 21019 21019 I CallerIdViewModel: CallerIdEnabled: true
07-17 14:13:46.419 21019 21019 I CallerIdViewModel: Direction: Main(showSnackbar=false)
07-17 14:13:46.420 21019 21019 D AuthActivityCallback: onActivityStarted: CallerIdActivity31939921
07-17 14:13:46.420 21019 21019 D SecurityModule: OverlapMonitor: enableOverlapMonitor() called with: activity = [ru.sberbank.mobile.feature.bizone.callerid.impl.presentation.activity.CallerIdActivity@1e75d51], antivirusEnabled = [false], appMonitorEnabled = [true]
07-17 14:13:46.422 21019 21019 D DiTimeLogger: IdlingCoreApi 	0 ms
07-17 14:13:46.423 21019 21019 D DiTimeLogger: CallerIdInnerReleasableApi 	0 ms
07-17 14:13:46.425 21019 21019 E ankmobile_alpha: Invalid resource ID 0x00000000.
07-17 14:13:46.425 21019 21019 D BmsCallerId: InnerStorageContentProvider:Not found optional file name for the SharedPreference, use the default name..
07-17 14:13:46.426 21019 21019 E ankmobile_alpha: Invalid resource ID 0x00000000.
07-17 14:13:46.426 21019 21019 D BmsCallerId: InnerStorageContentProvider:Not found optional file name for the SharedPreference, use the default name..
07-17 14:13:46.427 21019 21019 E ankmobile_alpha: Invalid resource ID 0x00000000.
07-17 14:13:46.427 21019 21019 D BmsCallerId: InnerStorageContentProvider:Not found optional file name for the SharedPreference, use the default name..
07-17 14:13:46.428 21019 21019 E ankmobile_alpha: Invalid resource ID 0x00000000.
07-17 14:13:46.428 21019 21019 D BmsCallerId: InnerStorageContentProvider:Not found optional file name for the SharedPreference, use the default name..
07-17 14:13:46.429 21019 21019 E ankmobile_alpha: Invalid resource ID 0x00000000.
07-17 14:13:46.429 21019 21019 D BmsCallerId: InnerStorageContentProvider:Not found optional file name for the SharedPreference, use the default name..
07-17 14:13:46.431 21019 21019 E ankmobile_alpha: Invalid resource ID 0x00000000.
07-17 14:13:46.431 21019 21019 D BmsCallerId: InnerStorageContentProvider:Not found optional file name for the SharedPreference, use the default name..
07-17 14:13:46.432 21019 21019 E ankmobile_alpha: Invalid resource ID 0x00000000.
07-17 14:13:46.432 21019 21019 D BmsCallerId: InnerStorageContentProvider:Not found optional file name for the SharedPreference, use the default name..
07-17 14:13:46.433 21019 21019 D AnalyticsGatewayImpl: sending event: "Security CheckBlockCalls Show" with params: AUTH_TYPE = Pin [sensitive, ordinary]; M_API = null [sensitive, ordinary]; M_API_NODE = mobile-node1.online.sberbank.ru:8543 [sensitive, ordinary]; USER_LOGIN_ID = 25f003957edcf1281c47d4d039b2941c4641a967dae41caf1e1e192dc9460955 [sensitive, ordinary]; external_source = organic [sensitive, ordinary]; internal_source = profile [sensitive, ordinary]; source = SecuritySettings [sensitive, ordinary]; statusDB = NU [sensitive, ordinary]; timed = false, mFlags = [NORMAL]
07-17 14:13:46.434  1279  5504 I BatteryService_BatteryPropertiesRegistrar: [getProperty]id:4
07-17 14:13:46.434  1279  5504 I BatteryService_BatteryPropertiesRegistrar: [getProperty]prop.long:-9223372036854775808 ,prop.string:null
07-17 14:13:46.434 21019 21019 W WindowOnBackDispatcher: OnBackInvokedCallback is not enabled for the application.
07-17 14:13:46.434 21019 21019 W WindowOnBackDispatcher: Set 'android:enableOnBackInvokedCallback="true"' in the application manifest.
07-17 14:13:46.435 21019 21019 D AuthActivityCallback: onActivityResumed: CallerIdActivity31939921
07-17 14:13:46.436 21019 21019 D DiTimeLogger: ActivityCheckerApi 	0 ms
07-17 14:13:46.436 21019 21050 D SessionLifecycleClient: Sending lifecycle 1 to service
07-17 14:13:46.436 21019 21204 D SessionLifecycleService: Activity foregrounding at 77804846.
07-17 14:13:46.437  1001  1001 I Sensors : flush accelerometer_sensor
07-17 14:13:46.441 21019 21019 D SensorManager: registerListener :: 1, LSM6DSO Accelerometer, 200000, 0, 
07-17 14:13:46.441 21019 21019 D DefaultSessionStateManager: checkSessionNow, from = onResume
07-17 14:13:46.441 21019 13221 W Settings: Setting development_settings_enabled has moved from android.provider.Settings.Secure to android.provider.Settings.Global.
07-17 14:13:46.444 21019 21019 I ViewRootImpl: dVRR is disabled
07-17 14:13:46.445 21019 13196 D NativeCustomFrequencyManager: [NativeCFMS] BpCustomFrequencyManager::BpCustomFrequencyManager()
07-17 14:13:46.446  1279  5504 D InputTransport: Input channel constructed: '419f8ba', fd=1185
07-17 14:13:46.446  1279  5504 D InputTransport: Input channel constructed: '419f8ba', fd=1205
07-17 14:13:46.446  1279  5504 D InputTransport: Input channel constructed: '419f8ba', fd=1231
07-17 14:13:46.446  1279  5504 D WindowManager: prepareSync <SYNC_STATE_WAITING_FOR_DRAW>, mPrepareSyncSeqId=0, win=Window{419f8ba u0 ru.sberbankmobile_alpha/ru.sberbank.mobile.feature.bizone.callerid.impl.presentation.activity.CallerIdActivity}
07-17 14:13:46.447  1100  1144 I SurfaceFlinger: id=16429 createSurf, flag=84004, 419f8ba ru.sberbankmobile_alpha/ru.sberbank.mobile.feature.bizone.callerid.impl.presentation.activity.CallerIdActivity#16429
07-17 14:13:46.448  1279  5504 D InputTransport: Input channel destroyed: '419f8ba', fd=1231
07-17 14:13:46.448 21019 21019 D InputTransport: Input channel constructed: '419f8ba', fd=342
07-17 14:13:46.448 21019 21019 I InsetsController: onStateChanged: host=ru.sberbankmobile_alpha/ru.sberbank.mobile.feature.bizone.callerid.impl.presentation.activity.CallerIdActivity, from=android.view.ViewRootImpl.setView:1999, state=InsetsState: {mDisplayFrame=Rect(0, 0 - 1440, 3200), mDisplayCutout=DisplayCutout{insets=Rect(0, 100 - 0, 0) waterfall=Insets{left=0, top=0, right=0, bottom=0} boundingRect={Bounds=[Rect(0, 0 - 0, 0), Rect(681, 0 - 759, 100), Rect(0, 0 - 0, 0), Rect(0, 0 - 0, 0)]} cutoutPathParserInfo={CutoutPathParserInfo{displayWidth=1440 displayHeight=3200 physicalDisplayWidth=1440 physicalDisplayHeight=3200 density={3.75} cutoutSpec={M 0, 0 H -10.4 V 26.66666666666667 H 10.4 V 0 H 0 Z @dp} rotation={0} scale={1.0} physicalPixelDisplaySizeRatio={1.0}}} sideOverrides={}}, mRoundedCorners=RoundedCorners{[RoundedCorner{position=TopLeft, radius=143, center=Point(143, 143)}, RoundedCorner{position=TopRight, radius=143, center=Point(1297, 143)}, RoundedCorner{position=BottomRight, radius=143, center=Point(1297, 3057)}, RoundedCorner{position=BottomLeft, radius=143, center=Point(143, 3057)}]}  mRoundedCornerFrame=Rect(0, 0 - 1440, 3200), mPrivacyIndicatorBounds=PrivacyIndicatorBounds {static bounds=Rect(1275, 0 - 1440, 102) rotation=0}, mDisplayShape=DisplayShape{ spec=-311912193 displayWidth=1440 displayHeight=3200 physicalPixelDisplaySizeRatio=1.0 rotation=0 offsetX=0 offsetY=0 scale=1.0}, mSources= { InsetsSource: {c8960000 mType=statusBars mFrame=[0,0][1440,102] mVisible=true mFlags= mSideHint=TOP mBoundingRects=null}, InsetsSource: {c8960005 mType=mandatorySystemGestures mFrame=[0,0][1440,145] mVisible=true mFlags= mSideHint=TOP mBoundingRects=null}, InsetsSource: {c8960006 mType=tappableElement mFrame=[0,0][1440,102] mVisible=true mFlags= mSideHint=TOP mBoundingRects=null}, InsetsSource: {3 mType=ime mFrame=[0,0][0,0] mVisible=false mFlags= mSideHint=NONE mBoundingRects=null}, InsetsSource: {27 mType=displayCutout mFrame=[0,0][1440,100] mVisible=true mFlags= mSideHint=TOP mBoundingRects=null}, InsetsSource: {5f670001 mType=navigationBars mFrame=[0,3020][1440,3200] mVisible=true mFlags= mSideHint=BOTTOM mBoundingRects=null}, InsetsSource: {5f670004 mType=systemGestures mFrame=[0,0][0,0] mVisible=true mFlags= mSideHint=NONE mBoundingRects=null}, InsetsSource: {5f670005 mType=mandatorySystemGestures mFrame=[0,3020][1440,3200] mVisible=true mFlags= mSideHint=BOTTOM mBoundingRects=null}, InsetsSource: {5f670006 mType=tappableElement mFrame=[0,3020][1440,3200] mVisible=true mFlags= mSideHint=BOTTOM mBoundingRects=null}, InsetsSource: {5f670024 mType=systemGestures mFrame=[0,0][0,0] mVisible=true mFlags= mSideHint=NONE mBoundingRects=null} }
07-17 14:13:46.449 21019 21019 I VRI[CallerIdActivity]@24455bd: synced displayState. AttachInfo displayState=2
07-17 14:13:46.450 21019 21019 I VRI[CallerIdActivity]@24455bd: setView = com.android.internal.policy.DecorView@d949280 IsHRR=false TM=true
07-17 14:13:46.451 16694 30922 I NetworkScheduler: (REDACTED) Error inserting %s
07-17 14:13:46.452  2054  2808 W TelephonyPermissions: reportAccessDeniedToReadIdentifiers:ru.sberbankmobile_alpha:getActiveSubscriptionInfoList:2
07-17 14:13:46.454  1100  1100 I SurfaceFlinger: [419f8ba ru.sberbankmobile_alpha/ru.sberbank.mobile.feature.bizone.callerid.impl.presentation.activity.CallerIdActivity#16429] attach to parent LayerHierarchy{RequestedLayerState{ActivityRecord{d5e28f3 u0 ru.sberbankmobile_alpha/ru.sberbank.mobile.feature.bizone.callerid.impl.presentation.activity.CallerIdActivity t197}#16428 parentId=16355 z=4} 1 children}
07-17 14:13:46.457 21019 21019 D DiTimeLogger: CustomerSurveyCommonApi 	0 ms
07-17 14:13:46.460  1279  5504 D CoreBackPreview: Window{419f8ba u0 ru.sberbankmobile_alpha/ru.sberbank.mobile.feature.bizone.callerid.impl.presentation.activity.CallerIdActivity}: Setting back callback OnBackInvokedCallbackInfo{mCallback=android.window.IOnBackInvokedCallback$Stub$Proxy@23f534b, mPriority=0, mIsAnimationCallback=false}
07-17 14:13:46.465  1001  1764 E Sensors : Sensor : Meta event
07-17 14:13:46.480 21019 21019 D CustomerSurveyFeatureToggleGeneratedImpl: Launcher CustomerSurvey/GettingViewModelForRestProcesses/2.0 : true
07-17 14:13:46.480 21019 21019 D CustomerSurveyFeatureToggleGeneratedImpl: Launcher CustomerSurvey/GettingViewModelForRestProcesses/3.0 : true
07-17 14:13:46.480 21019 21019 D CustomerSurveyFeatureToggleGeneratedImpl: Launcher CustomerSurvey/GettingViewModelForRestProcesses/2.0 : true
07-17 14:13:46.480 21019 21019 D CustomerSurveyFeatureToggleGeneratedImpl: Launcher CustomerSurvey/SurveyStarsWidgetV2/2.0 : true
07-17 14:13:46.480 21019 21019 D DiTimeLogger: CustomerSurveyCommonApi 	0 ms
07-17 14:13:46.491  4389 12952 I SDHMS:l : onTaskStackChanged
07-17 14:13:46.492  2596 30776 I HoneySpace.RecentTasks: onRecentTasksChanged
07-17 14:13:46.494  1279  1753 V WindowManager: Relayout Window{419f8ba u0 ru.sberbankmobile_alpha/ru.sberbank.mobile.feature.bizone.callerid.impl.presentation.activity.CallerIdActivity}: viewVisibility=0 req=1440x3200 ty=1 d0
07-17 14:13:46.494  1100  1144 I SurfaceFlinger: id=16430 createSurf, flag=44004, ru.sberbankmobile_alpha/ru.sberbank.mobile.feature.bizone.callerid.impl.presentation.activity.CallerIdActivity$_21019#16430
07-17 14:13:46.494  2596 30776 I HoneySpace.HistoryViewModel@77669615@OneUI: Illegal access. Unknown type. skip load history items
07-17 14:13:46.495  1279  1753 D WindowManager: makeSurface duration=1 name=ru.sberbankmobile_alpha/ru.sberbank.mobile.feature.bizone.callerid.impl.presentation.activity.CallerIdActivity$_21019
07-17 14:13:46.496  1279  1753 D BLASTSyncEngine: SyncGroup 1391:  Unfinished container: ActivityRecord{d5e28f3 u0 ru.sberbankmobile_alpha/ru.sberbank.mobile.feature.bizone.callerid.impl.presentation.activity.CallerIdActivity t197} mSyncState=2
07-17 14:13:46.496  1279  1753 D WindowManager: Changing focus from null to Window{419f8ba u0 ru.sberbankmobile_alpha/ru.sberbank.mobile.feature.bizone.callerid.impl.presentation.activity.CallerIdActivity} displayId=0 Callers=com.android.server.wm.WindowManagerService.relayoutWindowInner:142 com.android.server.wm.WindowManagerService.relayoutWindow:6 com.android.server.wm.Session.relayout:27 android.view.IWindowSession$Stub.onTransact:861 
07-17 14:13:46.496  1279  1753 I WindowManager: Cancelling animation restarting=true, leash=Surface(name=Surface(name=2f8596c NavigationBar0)/@0xe40d3dc - animation-leash of insets_animation)/@0xc1dbefe
07-17 14:13:46.496  1279  1753 I WindowManager: Reparenting to original parent: Surface(name=WindowToken{a9fff2f type=2019 android.os.BinderProxy@93949a4})/@0xa4f6ce5, destroy=false, syncState=0, syncCommitDepth=0, surface=Surface(name=2f8596c NavigationBar0)/@0xe40d3dc
07-17 14:13:46.496  1279  1753 I WindowManager: Reparenting to leash, surface=Surface(name=2f8596c NavigationBar0)/@0xe40d3dc, syncState=0, syncCommitDepth=0, leashParent=Surface(name=WindowToken{a9fff2f type=2019 android.os.BinderProxy@93949a4})/@0xa4f6ce5
07-17 14:13:46.496  1100  1144 I SurfaceFlinger: id=16431 createSurf, flag=24000, Surface(name=2f8596c NavigationBar0)/@0xe40d3dc - animation-leash of insets_animation#16431
07-17 14:13:46.497  1279  1753 D WindowManager: makeSurface duration=1 leash=Surface(name=Surface(name=2f8596c NavigationBar0)/@0xe40d3dc - animation-leash of insets_animation)/@0x8278fb0
07-17 14:13:46.498  1279  1753 D InsetsSourceProvider: updateControlForTarget: control=InsetsSourceControl: {5f670001 mType=navigationBars initiallyVisible mSurfacePosition=Point(0, 3020) mInsetsHint=Insets{left=0, top=0, right=0, bottom=180}}, target=Window{419f8ba u0 ru.sberbankmobile_alpha/ru.sberbank.mobile.feature.bizone.callerid.impl.presentation.activity.CallerIdActivity}, from=com.android.server.wm.InsetsStateController.onControlTargetChanged:81 com.android.server.wm.InsetsPolicy.updateBarControlTarget:188 com.android.server.wm.DisplayPolicy.updateSystemBarAttributes:269 com.android.server.wm.WindowManagerService.updateFocusedWindowLocked:375 com.android.server.wm.WindowManagerService.relayoutWindowInner:142 
07-17 14:13:46.498  1279  1753 I WindowManager: Cancelling animation restarting=true, leash=Surface(name=Surface(name=a9e90ef StatusBar)/@0x8db826b - animation-leash of insets_animation)/@0x9b038ac
07-17 14:13:46.498  1279  1753 I WindowManager: Reparenting to original parent: Surface(name=WindowToken{3245f0f type=2000 android.os.BinderProxy@722c658})/@0xf551c8, destroy=false, syncState=0, syncCommitDepth=0, surface=Surface(name=a9e90ef StatusBar)/@0x8db826b
07-17 14:13:46.498  1279  1753 I WindowManager: Reparenting to leash, surface=Surface(name=a9e90ef StatusBar)/@0x8db826b, syncState=0, syncCommitDepth=0, leashParent=Surface(name=WindowToken{3245f0f type=2000 android.os.BinderProxy@722c658})/@0xf551c8
07-17 14:13:46.498  1100  1144 I SurfaceFlinger: id=16432 createSurf, flag=24000, Surface(name=a9e90ef StatusBar)/@0x8db826b - animation-leash of insets_animation#16432
07-17 14:13:46.498  1279  1753 D WindowManager: makeSurface duration=1 leash=Surface(name=Surface(name=a9e90ef StatusBar)/@0x8db826b - animation-leash of insets_animation)/@0x5e5e5ae
07-17 14:13:46.499  1279  1753 D InsetsSourceProvider: updateControlForTarget: control=InsetsSourceControl: {c8960000 mType=statusBars initiallyVisible mSurfacePosition=Point(0, 0) mInsetsHint=Insets{left=0, top=102, right=0, bottom=0}}, target=Window{419f8ba u0 ru.sberbankmobile_alpha/ru.sberbank.mobile.feature.bizone.callerid.impl.presentation.activity.CallerIdActivity}, from=com.android.server.wm.InsetsStateController.onControlTargetChanged:81 com.android.server.wm.InsetsPolicy.updateBarControlTarget:175 com.android.server.wm.DisplayPolicy.updateSystemBarAttributes:269 com.android.server.wm.WindowManagerService.updateFocusedWindowLocked:375 com.android.server.wm.WindowManagerService.relayoutWindowInner:142 
07-17 14:13:46.499  1279  1753 V SystemKeyManager: updateFocusedWindow() is called, ru.sberbankmobile_alpha/ru.sberbank.mobile.feature.bizone.callerid.impl.presentation.activity.CallerIdActivity
07-17 14:13:46.499  1279  1753 V WindowManager: Relayout hash=419f8ba, pid=21019, syncId=-1: mAttrs={(0,0)(fillxfill) sim={adjust=pan forwardNavigation} ty=BASE_APPLICATION wanim=0x1030312
07-17 14:13:46.499  1279  1753 V WindowManager:   fl=81812100
07-17 14:13:46.499  1279  1753 V WindowManager:   pfl=100080c0
07-17 14:13:46.499  1279  1753 V WindowManager:   vsysui=2010
07-17 14:13:46.499  1279  1753 V WindowManager:   apr=18
07-17 14:13:46.499  1279  1753 V WindowManager:   bhv=1
07-17 14:13:46.499  1279  1753 V WindowManager:   fitSides=0
07-17 14:13:46.499  1279  1753 V WindowManager:   frameRateBoostOnTouch=true
07-17 14:13:46.499  1279  1753 V WindowManager:   dvrrWindowFrameRateHint=true naviIconColor=0}
07-17 14:13:46.500 21019 21019 I BLASTBufferQueue_Java: new BLASTBufferQueue, mName= VRI[CallerIdActivity]@24455bd mNativeObject= 0xb4000079c5cae450 sc.mNativeObject= 0xb4000078f5c57a10 caller= android.view.ViewRootImpl.updateBlastSurfaceIfNeeded:3397 android.view.ViewRootImpl.relayoutWindow:11361 android.view.ViewRootImpl.performTraversals:4544 android.view.ViewRootImpl.doTraversal:3708 android.view.ViewRootImpl$TraversalRunnable.run:12542 android.view.Choreographer$CallbackRecord.run:1751 android.view.Choreographer$CallbackRecord.run:1760 android.view.Choreographer.doCallbacks:1216 android.view.Choreographer.doFrame:1142 android.view.Choreographer$FrameDisplayEventReceiver.run:1707 
07-17 14:13:46.500 21019 21019 I BLASTBufferQueue_Java: update, w= 1440 h= 3200 mName = VRI[CallerIdActivity]@24455bd mNativeObject= 0xb4000079c5cae450 sc.mNativeObject= 0xb4000078f5c57a10 format= -1 caller= android.graphics.BLASTBufferQueue.<init>:88 android.view.ViewRootImpl.updateBlastSurfaceIfNeeded:3397 android.view.ViewRootImpl.relayoutWindow:11361 android.view.ViewRootImpl.performTraversals:4544 android.view.ViewRootImpl.doTraversal:3708 android.view.ViewRootImpl$TraversalRunnable.run:12542 
07-17 14:13:46.500  1279  1753 D BiometricService: canAuthenticate: User=0, Caller=0, Authenticators=255
07-17 14:13:46.500  1279  1753 D BiometricService: false false true false
07-17 14:13:46.500 21019 21019 I VRI[CallerIdActivity]@24455bd: Relayout returned: old=(0,0,1440,3200) new=(0,0,1440,3200) relayoutAsync=false req=(1440,3200)0 dur=8 res=0x3 s={true 0xb4000078b5e1b540} ch=true seqId=0
07-17 14:13:46.500  1279  1753 D BiometricService/PreAuthInfo: create: false, true, false, ff, 0
07-17 14:13:46.500  1279  1753 I FaceService: isHardwareDetected called from pid=1279[1] 
07-17 14:13:46.500  1279  1753 I FaceService: hasEnrolledFaces called from pid=1279[0][1] , size = 0
07-17 14:13:46.500  1279  1753 D BiometricService/PreAuthInfo: Package: ru.sberbankmobile_alpha Sensor ID: 1 Modality: 8 Status: 7
07-17 14:13:46.500  1279  1753 D BiometricService/PreAuthInfo: Package: ru.sberbankmobile_alpha Sensor ID: 0 Modality: 2 Status: 7
07-17 14:13:46.500  1279  1753 D BiometricService/PreAuthInfo: getCanAuthenticateInternal Modality: 2 AuthenticatorStatus: 7
07-17 14:13:46.500  1279  1753 D AuthService: canAuthenticate, userId: 0, callingUserId: 0, authenticators: 255, result: 11
07-17 14:13:46.501 21019 21019 I VRI[CallerIdActivity]@24455bd: performConfigurationChange setNightDimText nightDimLevel=0
07-17 14:13:46.501 21019 21019 D VRI[CallerIdActivity]@24455bd: mThreadedRenderer.initialize() mSurface={isValid=true 0xb4000078b5e1b540} hwInitialized=true
07-17 14:13:46.503  2054  2808 W TelephonyPermissions: reportAccessDeniedToReadIdentifiers:ru.sberbankmobile_alpha:getImeiForSlot:2
07-17 14:13:46.504  1100  1100 I SurfaceFlinger: [ru.sberbankmobile_alpha/ru.sberbank.mobile.feature.bizone.callerid.impl.presentation.activity.CallerIdActivity$_21019#16430] attach to parent LayerHierarchy{RequestedLayerState{419f8ba ru.sberbankmobile_alpha/ru.sberbank.mobile.feature.bizone.callerid.impl.presentation.activity.CallerIdActivity#16429 parentId=16428} 1 children}
07-17 14:13:46.504  1100  1100 I SurfaceFlinger: [Surface(name=2f8596c NavigationBar0)/@0xe40d3dc - animation-leash of insets_animation#16431] attach to parent LayerHierarchy{RequestedLayerState{WindowToken{a9fff2f type=2019 android.os.BinderProxy@93949a4}#78 parentId=31} 2 children}
07-17 14:13:46.504  1100  1100 I SurfaceFlinger: [Surface(name=a9e90ef StatusBar)/@0x8db826b - animation-leash of insets_animation#16432] attach to parent LayerHierarchy{RequestedLayerState{WindowToken{3245f0f type=2000 android.os.BinderProxy@722c658}#82 parentId=19} 2 children}
07-17 14:13:46.504  2054  2808 W TelephonyPermissions: reportAccessDeniedToReadIdentifiers:ru.sberbankmobile_alpha:getSubscriberIdForSubscriber:2
07-17 14:13:46.505  2054  2808 W TelephonyPermissions: reportAccessDeniedToReadIdentifiers:ru.sberbankmobile_alpha:getActiveSubscriptionInfoList:2
07-17 14:13:46.506 21019 21019 D VRI[CallerIdActivity]@24455bd: reportNextDraw android.view.ViewRootImpl.performTraversals:5193 android.view.ViewRootImpl.doTraversal:3708 android.view.ViewRootImpl$TraversalRunnable.run:12542 android.view.Choreographer$CallbackRecord.run:1751 android.view.Choreographer$CallbackRecord.run:1760 
07-17 14:13:46.506 21019 21019 D VRI[CallerIdActivity]@24455bd: Setup new sync=wmsSync-VRI[CallerIdActivity]@24455bd#62
07-17 14:13:46.506 21019 21019 I VRI[CallerIdActivity]@24455bd: Creating new active sync group VRI[CallerIdActivity]@24455bd#63
07-17 14:13:46.506 21019 21019 D VRI[CallerIdActivity]@24455bd: registerCallbacksForSync syncBuffer=false
07-17 14:13:46.506  2054  2808 W TelephonyPermissions: reportAccessDeniedToReadIdentifiers:ru.sberbankmobile_alpha:getActiveSubscriptionInfoList:2
07-17 14:13:46.512  1100  1100 I SurfaceFlinger: [LayerHierarchy{RequestedLayerState{2f8596c NavigationBar0#79 parentId=16431} 1 children}] reparent to LayerHierarchy{RequestedLayerState{Surface(name=2f8596c NavigationBar0)/@0xe40d3dc - animation-leash of insets_animation#16431 parentId=78} 1 children}
07-17 14:13:46.512  1100  1100 I SurfaceFlinger: [LayerHierarchy{RequestedLayerState{a9e90ef StatusBar#83 parentId=16432} 1 children}] reparent to LayerHierarchy{RequestedLayerState{Surface(name=a9e90ef StatusBar)/@0x8db826b - animation-leash of insets_animation#16432 parentId=82} 1 children}
07-17 14:13:46.512  1100  1100 I SurfaceFlinger: [LayerHierarchy{RequestedLayerState{Surface(name=2f8596c NavigationBar0)/@0xe40d3dc - animation-leash of insets_animation#16423} no children}] reparent to OffscreenRoot
07-17 14:13:46.512  1100  1100 I SurfaceFlinger: [LayerHierarchy{RequestedLayerState{Surface(name=2f8596c NavigationBar0)/@0xe40d3dc - animation-leash of insets_animation#16423} no children}] RelativeParent to null
07-17 14:13:46.512  1100  1100 I SurfaceFlinger: [LayerHierarchy{RequestedLayerState{Surface(name=a9e90ef StatusBar)/@0x8db826b - animation-leash of insets_animation#16424} no children}] reparent to OffscreenRoot
07-17 14:13:46.512  1100  1100 I SurfaceFlinger: [LayerHierarchy{RequestedLayerState{Surface(name=a9e90ef StatusBar)/@0x8db826b - animation-leash of insets_animation#16424} no children}] RelativeParent to null
07-17 14:13:46.513 21019 13283 D VRI[CallerIdActivity]@24455bd: Received frameDrawingCallback syncResult=0 frameNum=1.
