07-17 14:13:49.032  5806  5806 I LatencyConfiguration: void SPen::LatencyConfiguration::UpdateRefreshRate(float) RefreshRateCallback 0xb400007835c60390
07-17 14:13:49.032  5806  5806 I PredictorBase: virtual void SPen::PredictorBase::SetRefreshRate(float) Refresh rate: 60.000
07-17 14:13:49.032  5806  5806 I spe_log : virtual void SPen::FbrDrawPad::SetRefreshRate(float) = 60.000
07-17 14:13:49.032  5806  5806 I spe_log : virtual void SPen::FbrDrawPad::SetRefreshRate(float) mFrameDurationNano=16666667, mDisplayRefreshDurationNano: 16666667
07-17 14:13:49.032  5806  5806 I spe_log : virtual void SPen::LowLatencyStrokeView::SetRefreshRate(float) refresh rate=60.000
07-17 14:13:49.032  1279  1493 D RefreshRateModeManager: updateDefaultDisplayToken: android.os.BinderProxy@656220c, isChanged: false
07-17 14:13:49.032  2075  2075 D DisplayLifecycle: updateDisplay id = 0
07-17 14:13:49.033  2075  2075 I VRI[LockscreenShortcutBlur]@3e02e03: onDisplayChanged oldDisplayState=2 newDisplayState=2
07-17 14:13:49.033  2075  2075 I VRI[NavigationBar0]@73cd45f: onDisplayChanged oldDisplayState=2 newDisplayState=2
07-17 14:13:49.033  2075  2075 I VRI[NotificationShade]@21a7740: onDisplayChanged oldDisplayState=2 newDisplayState=2
07-17 14:13:49.033  2075  2075 I VRI[StatusBar]@bc04c17: onDisplayChanged oldDisplayState=2 newDisplayState=2
07-17 14:13:49.033  2075  2075 I VRI[Bouncer]@4b987d5: onDisplayChanged oldDisplayState=2 newDisplayState=2
07-17 14:13:49.034  1279  2095 D WifiDisplayAdapter: isFitToActiveDisplayLocked : false
07-17 14:13:49.034  2075  2166 D StackScroller: onDisplayChanged for predraw skip to 2
07-17 14:13:49.272  1279  1543 D PowerManagerService: UserActivityStateListenerState: 0
07-17 14:13:49.538  1279  2055 I Pageboost: Launcher App Execution
07-17 14:13:49.978 31168 31201 I bboy    : (REDACTED) getHotwordActive::active query: %s, watch: %s, devices connected: %s
07-17 14:13:50.240  1079  1204 I EDEN    : [Exynos][EDEN][v1.6.23][SERVICE] processAliveMointorMain:253: Try to check pid=(1025)...
07-17 14:13:51.241  4389  4900 I SDHMS:x : SIOP:: AP:367 BAT:329 USB:315 CHG:356 PA:356 CP:353 WIFI:353 CF:336 BLK:0 SUBBAT:0 SKIN:339 SKINF:332 SKINB:329 LRP:332 LRP2:339 LRF:332 LRB:329 LRF2:339 LRB2:337 AP2:339 CHG2:336 MEM2:334 WIFI2:338 RCV2:334 SPK2:318 FCAM:317 UPSPK:338 DNSPK:319 AVGCUR:-4 AVGSYS:450 POWER:-17
07-17 14:13:51.251  1279  1279 D SemWifiP2pGoPowerSave: GopsReceiver : received : com.samsung.intent.action.CHECK_SIOP_LEVEL
07-17 14:13:51.251  1279  1279 I SemWifiP2pGoPowerSave: siop_level = -2
07-17 14:13:51.251  1001  1001 I Sensors : batch(6) - uncal_light_sensor try to batching with 200000000
07-17 14:13:51.253  1001  1001 I Sensors : UncalLightSensor old sensor_state 16385, new sensor_state : 1586612458766337 en : 1
07-17 14:13:51.255  1001  1001 I Sensors : enable:: uncal_light_sensor(6)
07-17 14:13:51.260  1001  1001 D SensorsFlicker: Als_common::setDelay, handle : 1 time : 10000000ns
07-17 14:13:51.261  1001  1001 D SensorsFlicker: Als_common::enable, handle : 1, mode : 1, en : 1
07-17 14:13:51.261  1001  1001 D SensorsFlicker: Als_common::sendCommand, send enable command
07-17 14:13:51.281  1279  2095 D SemContextService: lock : registerCallback
07-17 14:13:51.281  1279  2095 W CAE     : registerCallback(ContextAwareService.java:188) - [regi 01] Mutex is locked for TEST_FLAT_MOTION
07-17 14:13:51.281  1279  2095 W CAE     : registerCallback(ContextAwareService.java:195) - [regi 04]  com.samsung.android.contextaware.ContextAwareManager$CaListenerDelegate@e6cbdfb
07-17 14:13:51.282  1279  2095 W CAE     : getListener(ListenerListManager.java:127) - [getListener1]  com.samsung.android.contextaware.ContextAwareManager$CaListenerDelegate@e6cbdfb
07-17 14:13:51.282  1279  2095 W CAE     : getListener(ListenerListManager.java:128) - [getListener2]  com.samsung.android.contextaware.manager.ContextAwareService$Listener@427038a
07-17 14:13:51.282  1279  2095 V CAE     : start(ContextProvider.java:128)
07-17 14:13:51.282  1279  2095 V CAE     : clear(TestFlatMotionRunner.java:126)
07-17 14:13:51.283  1279  2095 V CAE     : enable(TestFlatMotionRunner.java:102)
07-17 14:13:51.283  1279  1853 D SensorService: setSContextDataLocked ints length 2 , byte length 4
07-17 14:13:51.284  1279  1853 D SensorService: setSContextDataLocked 17b1
07-17 14:13:51.284  1001  1001 D Sensors : b1 17 00 00  
07-17 14:13:51.284  1001  1001 E Sensors : inject_scontext_data: New ssp_data_injection_fd(44)
07-17 14:13:51.289  1001  1001 D Sensors : SContext Data Injection return 4
07-17 14:13:51.290  1279  2095 D CAE     : getFaultDetectionResult(TestFlatMotionRunner.java:139) - true
07-17 14:13:51.291  1279  2095 I CAE     : notifyCmdProcessResultObserver(ContextProvider.java:627) - CheckResult = 0, Cause = Success
07-17 14:13:51.294  1279  2095 D CAE     : doCommendProcess(ContextAwareService.java:396) - complete notify the operation result.
07-17 14:13:51.294  1279  2095 I CAE     : displayUsedCountForService(ContextAwareService.java:460) - totalCnt = 1, serviceCount = 1, subCollectionCount = 0
07-17 14:13:51.294  1001  1764 I Sensors : Uncalibrated lux = 86, CCT = 0, r = 2071, g = 211, b = 6880, c = 782, atime = 350, again = 0, time = 281000424849530
07-17 14:13:51.294  1001  1764 I Sensors : luminance 223
07-17 14:13:51.295  1279  2095 D CAE     : showListenerList(ContextAwareService.java:325) - ===== Context Aware Service List =====
07-17 14:13:51.295  1279  2095 I CAE     : showListenerList(ContextAwareService.java:334) - Listener : com.samsung.android.contextaware.manager.ContextAwareService$Listener@427038a, Service : ACTIVITY_TRACKER_INTERRUPT(1)
07-17 14:13:51.296  1279  2095 I CAE     : showListenerList(ContextAwareService.java:334) - Listener : com.samsung.android.contextaware.manager.ContextAwareService$Listener@427038a, Service : ACTIVITY_TRACKER_CURRENT_INFO(1)
07-17 14:13:51.296  1279  2095 I CAE     : showListenerList(ContextAwareService.java:334) - Listener : com.samsung.android.contextaware.manager.ContextAwareService$Listener@427038a, Service : FREE_FALL_DETECTION(1)
07-17 14:13:51.296  1279  2095 I CAE     : showListenerList(ContextAwareService.java:334) - Listener : com.samsung.android.contextaware.manager.ContextAwareService$Listener@427038a, Service : TEST_FLAT_MOTION(1)
07-17 14:13:51.296  1279  2095 W CAE     : registerCallback(ContextAwareService.java:209) - [regi 02] Mutex is unlocked for TEST_FLAT_MOTION
07-17 14:13:51.296  1279  2095 E SemContext.CaeProvider: setAttribute() : attribute is null!
07-17 14:13:51.297  1279  2095 D SemContextService: 	.registerCallback : 3, client= com.sec.android.sdhms
07-17 14:13:51.298  1279  2095 D SemContextService: unlock : registerCallback
07-17 14:13:51.301  1279  2095 E SensorService: BigData:Pakage) 5 already enabled. 
07-17 14:13:51.314  1001  1764 I Sensors : Uncalibrated lux = 86, CCT = 0, r = 2048, g = 188, b = 6880, c = 782, atime = 350, again = 0, time = 281000446849530
07-17 14:13:51.315  1001  1764 I Sensors : luminance 223
07-17 14:13:51.316  1001  1001 I Sensors : batch(6) - uncal_light_sensor try to batching with 200000000
07-17 14:13:51.317  1279  2168 E SensorService: BigData:Pakage) 5 already disabled. 
07-17 14:13:51.318  1001  1001 I Sensors : UncalLightSensor old sensor_state 16385, new sensor_state : 1585512947138561 en : 0
07-17 14:13:51.322  1001  1001 I Sensors : disable:: uncal_light_sensor(6)
07-17 14:13:51.478  1001  1001 D SensorsFlicker: Als_common::setDelay, handle : 1 time : 10000000ns
07-17 14:13:51.483  1001  1001 D SensorsFlicker: Als_common::enable, handle : 1, mode : 1, en : 0
07-17 14:13:51.483  1001  1001 D SensorsFlicker: Als_common::sendCommand, send disable command
07-17 14:13:51.503 21277 23820 D HttpConnectionLogging: Sending request; url = https://psiclickstream.testonline.sberbank.ru:8097/metrics/sbol; method = POST
07-17 14:13:51.504 21277 23820 D HttpConnectionLogging: Request headers start
07-17 14:13:51.505 21277 23820 D HttpConnectionLogging:     User-Agent:[Mobile Device]
07-17 14:13:51.505 21277 23820 D HttpConnectionLogging:     Referer:[Android/15/16.11.0.5300]
07-17 14:13:51.505 21277 23820 D HttpConnectionLogging:     Content-Type:[application/json; charset=utf-8]
07-17 14:13:51.506 21277 23820 D HttpConnectionLogging:     Content-Length:[3140]
07-17 14:13:51.506 21277 23820 D HttpConnectionLogging:     Host:[psiclickstream.testonline.sberbank.ru:8097]
07-17 14:13:51.506 21277 23820 D HttpConnectionLogging:     Connection:[Keep-Alive]
07-17 14:13:51.506 21277 23820 D HttpConnectionLogging:     Accept-Encoding:[gzip]
07-17 14:13:51.507 21277 23820 D HttpConnectionLogging: Request headers end
07-17 14:13:51.507 21277 23820 D HttpConnectionLogging: Request body start
07-17 14:13:51.507 21277 23820 D HttpConnectionLogging: LogPart[1/2]: {"meta":{"apiKey":"4faa2e69c853f26b144e0eaa06a6b5793df461bf439b68cfe856289510f850ef","sdkVersion":"2.5.0","deviceVendor":"samsung","deviceModel":"SM-G998B","deviceMemorySize":"113428639744","operationSystemVersion":"35","systemLanguage":"ru_RU","screenSize":"3200x1440","deviceAbi":"arm64-v8a","operationSystem":"Android","browser":"Android","platform":"MOBILE","timeStamp":"2025-07-17T14:13:51.495+03:00"},"profile":{"deviceId":"5e9bbf8c89f4261894085ce9c101f920197e3cbb58f5f9b571784fed2d82f707","sessionId":"2025-07-17T13:56:21.009+03:00 5e9bbf8c89f4261894085ce9c101f920197e3cbb58f5f9b571784fed2d82f707","hashUserLoginId":"25f003957edcf1281c47d4d039b2941c4641a967dae41caf1e1e192dc9460955","appBuild":"16.11.0_custom_5300_notSet_7d4c59c4-438e-42de-849c-902ea50b82c0","appDistributor":"notSet","clientBlock":"mobile-node1","appVersion":"16.11.0.5300","applicationLanguage":"ru","appVersionNumber":"2025060915"},"data":[{"timeStamp":"2025-07-17T14:13:43.019+03:00","eventType":"business","cellularProvider":"MTS RUS","batteryLevel":"100","connectionType":"CELLULAR","internalIP":"11.38.164.205","properties":[{"key":"external_source","value":"organic"},{"key":"internal_source","value":"profile"}],"eventAction":"Security CheckBlockCalls Back Click"},{"timeStamp":"2025-07-17T14:13:46.364+03:00","eventType":"business","cellularProvider":"MTS RUS","batteryLevel":"100","connectionType":"CELLULAR","internalIP":"11.38.164.205","properties":[{"key":"external_source","value":"organic"},{"key":"internal_source","value":"profile"}],"eventAction":"Security Settings CallerID Click"},{"timeStamp":"2025-07-17T14:13:46.434+03:00","eventType":"business","cellularProvider":"MTS RUS","batteryLevel":"100","connectionType":"CELLULAR","internalIP":"11.38.164.205","properties":[{"key":"external_source","value":"organic"},{"key":"internal_source","value":"profile"},{"key":"source","value":"SecuritySettings"},{"key":"statusDB","value":"NU"}],"eventAction":"Security CheckBlockCalls Show"},{"timeStamp":"2025-07-17T14:13:46.526+03:00","eventType":"business","cellularProvider":"MTS RUS","batteryLevel":"100","connectionType":"CELLULAR","internalIP":"11.38.164.205","properties":[{"key":"eventTypeId","value":"295"},{"key":"external_source","value":"organic"},{"key":"internal_source","value":"profile"}],"eventAction":"SurveyModule CommPolicy Start"},{"timeStamp":"2025-07-17T14:13:46.988+03:00","eventType":"business","cellularProvider":"MTS RUS","batteryLevel":"100","connectionType":"CELLULAR","internalIP":"1
07-17 14:13:51.507 21277 23820 D HttpConnectionLogging: LogPart[2/2]: 1.38.164.205","properties":[{"key":"eventTypeId","value":"295"},{"key":"external_source","value":"organic"},{"key":"internal_source","value":"profile"}],"eventAction":"SurveyModule CommPolicy Success"},{"timeStamp":"2025-07-17T14:13:46.990+03:00","eventType":"business","cellularProvider":"MTS RUS","batteryLevel":"100","connectionType":"CELLULAR","internalIP":"11.38.164.205","properties":[{"key":"external_source","value":"organic"},{"key":"internal_source","value":"profile"},{"key":"product","value":"BottomSheetEntryPoint"},{"key":"widgetType","value":"SurveyStarsRestEntryPoint"}],"eventAction":"SurveyModule WidgetEntryPoint Show"}]}
07-17 14:13:51.507 21277 23820 D HttpConnectionLogging: Request body end
07-17 14:13:51.508 21277 23820 D HttpConnectionLogging: End request
07-17 14:13:51.510 21277 23820 I Chucker : Decoding with: com.chuckerteam.chucker.internal.support.PlainTextDecoder@8eba5cc
07-17 14:13:51.520 21277 21277 I NotificationManager: ru.sberbankmobile_alpha: notify(1138, null, Notification(channel=chucker_transactions shortcut=null contentView=null vibrate=null sound=null defaults=0 flags=AUTO_CANCEL|LOCAL_ONLY color=0xff01579b actions=1 vis=PRIVATE semFlags=0x0 semPriority=0 semMissedCount=0)) as user
07-17 14:13:51.537  1279  1851 D CAE     : onGetSensorHubData(SensorHubParserProvider.java:92) - onGetSensorHubData Event [event buffer len :4], AP_WAKEUP
07-17 14:13:51.537  1279  1851 I CAE     : parse(SensorHubParserProvider.java:188) - buffer size = 4
07-17 14:13:51.538  1279  1851 I CAE     : parse(SensorHubParserProvider.java:199) - 1, 1, 23, 1,
07-17 14:13:51.538  1279  1851 D CAE     : display(ContextProvider.java:375) - ================= TEST_FLAT_MOTION =================
07-17 14:13:51.539  1279  1851 I CAE     : display(ContextProvider.java:391) - Action=[1]
07-17 14:13:51.539  1279  1848 D SemContextService: Service.updateContext() : service = Device Position
07-17 14:13:51.540  1279  2095 D SemContextService: lock : unregisterCallback
07-17 14:13:51.540  1279  2095 D SemContextService: Service.removeListenerLocked() : listener = com.samsung.android.hardware.context.SemContextService$Listener@4b54e55, service = Device Position, used = 0
07-17 14:13:51.540  1279  2095 W CAE     : unregisterCallback(ContextAwareService.java:230) - [unregi 01] Mutex is locked for TEST_FLAT_MOTION
07-17 14:13:51.541  1279  2095 W CAE     : getListener(ListenerListManager.java:127) - [getListener1]  com.samsung.android.contextaware.ContextAwareManager$CaListenerDelegate@e6cbdfb
07-17 14:13:51.541  1279  2095 W CAE     : getListener(ListenerListManager.java:128) - [getListener2]  com.samsung.android.contextaware.manager.ContextAwareService$Listener@427038a
07-17 14:13:51.541  1279  2095 V CAE     : stop(ContextProvider.java:155)
07-17 14:13:51.541  1279  2095 V CAE     : clear(TestFlatMotionRunner.java:126)
07-17 14:13:51.541  1279  2095 V CAE     : disable(TestFlatMotionRunner.java:115)
07-17 14:13:51.541  1279  1853 D SensorService: setSContextDataLocked ints length 2 , byte length 4
07-17 14:13:51.541  1279  1853 D SensorService: setSContextDataLocked 17b2
07-17 14:13:51.541  1001  1001 D Sensors : b2 17 00 00  
07-17 14:13:51.542  1001  1001 E Sensors : inject_scontext_data: New ssp_data_injection_fd(44)
07-17 14:13:51.544  1001  1001 D Sensors : SContext Data Injection return 4
07-17 14:13:51.544  1279  2095 D CAE     : getFaultDetectionResult(TestFlatMotionRunner.java:139) - true
07-17 14:13:51.544  1279  2095 I CAE     : notifyCmdProcessResultObserver(ContextProvider.java:627) - CheckResult = 0, Cause = Success
07-17 14:13:51.544  1279  2095 D CAE     : doCommendProcess(ContextAwareService.java:396) - complete notify the operation result.
07-17 14:13:51.544  1279  2095 I CAE     : displayUsedCountForService(ContextAwareService.java:460) - totalCnt = 0, serviceCount = 0, subCollectionCount = 0
07-17 14:13:51.545  1279  2095 D CAE     : showListenerList(ContextAwareService.java:325) - ===== Context Aware Service List =====
07-17 14:13:51.545  1279  2095 I CAE     : showListenerList(ContextAwareService.java:334) - Listener : com.samsung.android.contextaware.manager.ContextAwareService$Listener@427038a, Service : ACTIVITY_TRACKER_INTERRUPT(1)
07-17 14:13:51.545  1279  2095 I CAE     : showListenerList(ContextAwareService.java:334) - Listener : com.samsung.android.contextaware.manager.ContextAwareService$Listener@427038a, Service : ACTIVITY_TRACKER_CURRENT_INFO(1)
07-17 14:13:51.545  1279  2095 I CAE     : showListenerList(ContextAwareService.java:334) - Listener : com.samsung.android.contextaware.manager.ContextAwareService$Listener@427038a, Service : FREE_FALL_DETECTION(1)
07-17 14:13:51.545  1279  2095 W CAE     : unregisterCallback(ContextAwareService.java:251) - [unregi 02] Mutex is unlocked for TEST_FLAT_MOTION
07-17 14:13:51.545  1279  2095 D SemContextService: 	.unregisterCallback : 3, client= com.sec.android.sdhms
07-17 14:13:51.545  1279  2095 D SemContextService: unlock : unregisterCallback
07-17 14:13:51.579 21277 23820 D HttpConnectionLogging: Response for url https://psiclickstream.testonline.sberbank.ru:8097/metrics/sbol; response code = 204; response message = No Content
07-17 14:13:51.580 21277 23820 D HttpConnectionLogging: Response headers start
07-17 14:13:51.581 21277 23820 D HttpConnectionLogging:     Date: |Thu, 17 Jul 2025 11:13:51 GMT|
07-17 14:13:51.582 21277 23820 D HttpConnectionLogging:     Connection: |keep-alive|
07-17 14:13:51.583 21277 23820 D HttpConnectionLogging:     Access-Control-Allow-Origin: |*|
07-17 14:13:51.584 21277 23820 D HttpConnectionLogging:     Access-Control-Allow-Credentials: |true|
07-17 14:13:51.585 21277 23820 D HttpConnectionLogging:     Cache-Control: |no-cache|
07-17 14:13:51.585 21277 23820 D HttpConnectionLogging:     Pragma: |no-cache|
07-17 14:13:51.586 21277 23820 D HttpConnectionLogging:     Expires: |-1|
07-17 14:13:51.586 21277 23820 D HttpConnectionLogging:     Server: |SOWA|
07-17 14:13:51.586 21277 23820 D HttpConnectionLogging: Response headers end
07-17 14:13:51.587 21277 23820 D HttpConnectionLogging: Response body start
07-17 14:13:51.587 21277 23820 D HttpConnectionLogging: Body is empty
07-17 14:13:51.587 21277 23820 D HttpConnectionLogging: Response body end
07-17 14:13:51.588 21277 23820 D HttpConnectionLogging: End response
07-17 14:13:51.593 21277 21277 I NotificationManager: ru.sberbankmobile_alpha: notify(1138, null, Notification(channel=chucker_transactions shortcut=null contentView=null vibrate=null sound=null defaults=0 flags=AUTO_CANCEL|LOCAL_ONLY color=0xff01579b actions=1 vis=PRIVATE semFlags=0x0 semPriority=0 semMissedCount=0)) as user
07-17 14:13:51.720 16694 30803 I NearbyMediums: No BLE Fast/GATT advertisements found in the latest cycle.
07-17 14:13:51.730  1279  1279 I Telecom : SamsungTelecomServiceImpl : isInManagedCall - callingPackage : android / callingUser : UserHandle{0} / hasCrossUserAccess : true
07-17 14:13:51.743  2075  2075 D Bubbles : onEntryUpdated : shouldBubbleUp=false ,key=0|ru.sberbankmobile_alpha|1138|null|10144
07-17 14:13:51.744  1279  1279 D SmartAlertController: SmartAlert - Found Missed Event
07-17 14:13:51.744  2596  5427 I HoneySpace.NotificationListener: onNotificationPosted ru.sberbankmobile_alpha: 0|ru.sberbankmobile_alpha|1138|null|10144: 0
07-17 14:13:51.744  2596  5427 I HoneySpace.BadgeDataSourceImpl: Get notification count. PK(p='ru.sberbankmobile_alpha', u=UserHandle{0}) - forceBadgeCount: false, notification listener: 1, badge provider: 0
07-17 14:13:51.745  2596 23397 I HoneySpace.PackageEventOperator: [ApplistViewModel] badge count is updated. ru.sberbankmobile_alpha/ru.sberbank.mobile.auth.presentation.splash.SplashActivity#UserHandle{0}|6916 : 1
07-17 14:13:51.745  2596 23397 I HoneySpace.PackageEventOperator: [ApplistViewModel] badge count is updated. ru.sberbankmobile_alpha/leakcanary.internal.activity.LeakLauncherActivity#UserHandle{0}|6917 : 1
07-17 14:13:51.746  2075  2075 D InterruptionStateProvider:  no Heads up : edgelighting enabled app. 0|ru.sberbankmobile_alpha|1138|null|10144
07-17 14:13:51.747  2075  2075 D InterruptionStateProvider:  no Heads up : edgelighting enabled app. 0|ru.sberbankmobile_alpha|1138|null|10144
07-17 14:13:51.752  5201  5201 D NLService: The notifications buffer size has reached its maximum size of 100 items. Shrinking it in order to satisfy the constraints.
07-17 14:13:51.753  5201  5201 D NLService: Successfully stored the newly arrived notification identified by 1138
07-17 14:13:51.754  1100  1195 I VSyncReactor: Current= 60, Period= 60, Distance= 0
07-17 14:13:51.757 21019 21029 E ankmobile_alpha: Invalid resource ID 0x00000000.
07-17 14:13:51.758 21019 21029 D BmsCallerId: InnerStorageContentProvider:Not found optional file name for the SharedPreference, use the default name..
07-17 14:13:51.771  1100  1195 I VSyncReactor: Current= 60, Period= 60, Distance= 60
07-17 14:13:51.799  2075  2075 I LockscreenNotificationIconsOnlyController: onNotificationInfoUpdated 0
07-17 14:13:51.800  2075  2075 I AODNotificationManager: updateNotification() 
07-17 14:13:51.801  4389  4389 I SDHMS:LOAD: type: LoadsFreqs, value: 0:12:1:677040:2600000:533000:905579:2808000:533000:31:403:0
07-17 14:13:51.803  1279  1279 I Telecom : SamsungTelecomServiceImpl : isInManagedCall - callingPackage : android / callingUser : UserHandle{0} / hasCrossUserAccess : true
07-17 14:13:51.808  2075  2652 D LocalImageResolver: Couldn't use ImageDecoder for drawable, falling back to non-resized load.
07-17 14:13:51.810  2075  2652 D LocalImageResolver: Couldn't use ImageDecoder for drawable, falling back to non-resized load.
07-17 14:13:51.815  2075  2075 I AppIconSolution: return adaptive icon for ru.sberbankmobile_alpha, isNight = false
07-17 14:13:51.824  1279  1279 D SmartAlertController: SmartAlert - Found Missed Event
07-17 14:13:51.825  2596  5427 I HoneySpace.NotificationListener: onNotificationPosted ru.sberbankmobile_alpha: 0|ru.sberbankmobile_alpha|1138|null|10144: 0
07-17 14:13:51.825  2596  5427 I HoneySpace.BadgeDataSourceImpl: Get notification count. PK(p='ru.sberbankmobile_alpha', u=UserHandle{0}) - forceBadgeCount: false, notification listener: 1, badge provider: 0
07-17 14:13:51.827  2596 30775 I HoneySpace.PackageEventOperator: [ApplistViewModel] badge count is updated. ru.sberbankmobile_alpha/ru.sberbank.mobile.auth.presentation.splash.SplashActivity#UserHandle{0}|6916 : 1
07-17 14:13:51.827  2596 30775 I HoneySpace.PackageEventOperator: [ApplistViewModel] badge count is updated. ru.sberbankmobile_alpha/leakcanary.internal.activity.LeakLauncherActivity#UserHandle{0}|6917 : 1
07-17 14:13:51.830  5201  5201 D NLService: The notifications buffer size has reached its maximum size of 100 items. Shrinking it in order to satisfy the constraints.
07-17 14:13:51.831 21019 21029 E ankmobile_alpha: Invalid resource ID 0x00000000.
07-17 14:13:51.831  5201  5201 D NLService: Successfully stored the newly arrived notification identified by 1138
07-17 14:13:51.831 21019 21029 D BmsCallerId: InnerStorageContentProvider:Not found optional file name for the SharedPreference, use the default name..
07-17 14:13:51.835  2075  2075 I AppIconSolution: return adaptive icon for ru.sberbankmobile_alpha, isNight = false
07-17 14:13:51.848  2075  2075 D Bubbles : onEntryUpdated : shouldBubbleUp=false ,key=0|ru.sberbankmobile_alpha|1138|null|10144
07-17 14:13:51.848  2075  2075 D InterruptionStateProvider:  no Heads up : edgelighting enabled app. 0|ru.sberbankmobile_alpha|1138|null|10144
07-17 14:13:51.848  2075  2075 D InterruptionStateProvider:  no Heads up : edgelighting enabled app. 0|ru.sberbankmobile_alpha|1138|null|10144
07-17 14:13:51.848  2075  2075 I LockscreenNotificationIconsOnlyController: onNotificationInfoUpdated 0
07-17 14:13:51.849  2075  2075 I AODNotificationManager: updateNotification() 
07-17 14:13:51.860  2075  2075 I LockscreenNotificationIconsOnlyController: onNotificationInfoUpdated 0
07-17 14:13:51.860  2075  2075 I AODNotificationManager: updateNotification() 
07-17 14:13:51.871  2075  2652 D LocalImageResolver: Couldn't use ImageDecoder for drawable, falling back to non-resized load.
07-17 14:13:51.872  2075  2652 D LocalImageResolver: Couldn't use ImageDecoder for drawable, falling back to non-resized load.
07-17 14:13:51.876  2075  2075 I AppIconSolution: return adaptive icon for ru.sberbankmobile_alpha, isNight = false
07-17 14:13:51.898  2075  2075 I AppIconSolution: return adaptive icon for ru.sberbankmobile_alpha, isNight = false
07-17 14:13:51.915  2075  2075 I LockscreenNotificationIconsOnlyController: onNotificationInfoUpdated 0
07-17 14:13:51.916  2075  2075 I AODNotificationManager: updateNotification() 
07-17 14:13:52.125   673   673 D io_stats: !@   8,0 r 5127441 225793320 w 4552491 66850144 d 867056 105110192 f 0 0 iot 4258204 0 th 0 0 0 pt 0 inp 0 0 77810.535
07-17 14:13:52.125   673   673 D io_stats: !@ Read_top(KB): m.android.phone(2054) 56
07-17 14:13:52.125   673   673 D io_stats: !@ Write_top(KB): kworker/u16:4(18712) 516 ankmobile_alpha(21019) 40
07-17 14:13:52.991  1279  3069 D FreecessController: ru.sberbankmobile_alpha(10144) is important[12]
07-17 14:13:53.053  1100  1195 I VSyncReactor: Current= 60, Period= 60, Distance= 1
07-17 14:13:53.070  1100  1195 I VSyncReactor: Current= 60, Period= 60, Distance= 59
07-17 14:13:53.808 14197 14197 I wpa_supplicant: Heartbeat 5549
07-17 14:13:54.102  1279  1499 E Watchdog: !@Sync: 2592 heap(MB): 124 / 151 FD: 1304 [2025-07-17 14:13:54.102]
07-17 14:13:54.127   673   673 D io_stats: !@   8,0 r 5127441 225793320 w 4552495 66850200 d 867056 105110192 f 0 0 iot 4258224 0 th 0 0 0 pt 0 inp 0 0 77812.537
07-17 14:13:54.309 31653 31697 I DGW     : I[sendRequest:85] StreamGroupConnectivityAwareNetworkLayer Request is queued for serviceId : {notifgateway}
07-17 14:13:55.244  1079  1204 I EDEN    : [Exynos][EDEN][v1.6.23][SERVICE] processAliveMointorMain:253: Try to check pid=(1025)...
07-17 14:13:56.128   673   673 D io_stats: !@   8,0 r 5127441 225793320 w 4552509 66850300 d 867056 105110192 f 0 0 iot 4258236 0 th 0 0 0 pt 0 inp 0 0 77814.538
07-17 14:13:56.128   673   673 D io_stats: !@ Write_top(KB): kworker/u16:1(28029) 100 ankmobile_alpha(21019) 56
07-17 14:13:56.306  1279  1794 D ActivityManager: freezing 29167 com.samsung.android.sm.provider
07-17 14:13:56.310  1279  1794 D ActivityManager: freezing 28516 com.samsung.android.forest
07-17 14:13:56.313  1279  1794 D ActivityManager: freezing 28551 com.samsung.android.provider.filterprovider
07-17 14:13:56.314  1279  1794 D ActivityManager: freezing 28365 com.android.keychain
07-17 14:13:56.317  1279  1794 D ActivityManager: freezing 28588 com.samsung.android.lool
07-17 14:13:56.319  1279  1794 D ActivityManager: freezing 3524 com.android.settings
07-17 14:13:56.320  1279  1794 D ActivityManager: freezing 25034 com.samsung.android.svcagent
07-17 14:13:56.457  1279  2168 I ActivityManager: Changes in 10271 3 to 10, 56 to 0
07-17 14:13:56.460 16368 16368 D BoundBrokerSvc: onUnbind: Intent { act=com.google.android.gms.measurement.START pkg=com.google.android.gms }
07-17 14:13:57.994  1279  3069 D FreecessController: ru.sberbankmobile_alpha(10144) is important[12]
07-17 14:13:58.760  1279  2016 D NetdEventListenerService: DNS Requested by 119, 10069(com.facebook.services), SUCCESS, 47ms
07-17 14:13:59.152  1100  1195 I VSyncReactor: Current= 60, Period= 60, Distance= 0
07-17 14:13:59.153  1100  1100 I SurfaceFlinger: SFWD update time=77817563722606
07-17 14:13:59.167  1100  1195 I VSyncReactor: Current= 60, Period= 60, Distance= 60
07-17 14:14:00.004  1279  1279 I EyeComfortSolutionService: action  :  android.intent.action.TIME_TICK
07-17 14:14:00.006  2075  2645 I DateTimeView: updateAll - getTimeFormat
07-17 14:14:00.009  2075  2075 D FaceWidgetPagesController: onTimeChanged()
07-17 14:14:00.010  2075  2645 D QSClockBellTower: onReceive(android.intent.action.TIME_TICK) mTimeZoneString:Europe/Moscow
07-17 14:14:00.024  2075  2075 D QSClockBellTower: He is ready to ring the bell. (((QSClockBellSound - TimeText:14:14, TimeContentDescription:14:14, DateText:, 17 , ShortDateText:, 17 ., Demo:false)))
07-17 14:14:00.027  2075  2075 D QSClock : StatusBar clock=14:14 notifyTimeChanged(QSClockBellSound - TimeText:14:14, TimeContentDescription:14:14, DateText:, 17 , ShortDateText:, 17 ., Demo:false) clockVisibleByPolicy=true, clockVisibleByUser=true, visible=true, parent=android.widget.LinearLayout{417db7e V.E...... ......ID 0,0-131,80 #7f0a061e app:id/left_clock_container} caller=com.android.systemui.statusbar.phone.fragment.CollapsedStatusBarFragment.animateShow:47 com.android.systemui.statusbar.phone.fragment.CollapsedStatusBarFragment.updateStatusBarVisibilitiesInner:207 com.android.systemui.statusbar.phone.fragment.CollapsedStatusBarFragment$$ExternalSyntheticLambda3.run:5 com.android.systemui.statusbar.phone.fragment.CollapsedStatusBarFragment.updateStatusBarVisibilities:47 com.android.systemui.statusbar.phone.ongoingactivity.OngoingActivityController.updateParentViewVisibility:99  
07-17 14:14:00.028  2075  2075 D QSClockBellTower: Everyone heard the bell. run(currentTime:1752750840022, getTime():Thu Jul 17 14:14:00 GMT+03:00 2025, getTimeZone():libcore.util.ZoneInfo[mDstSavings=0,mUseDst=false,mDelegate=[id="Europe/Moscow",mRawOffset=10800000,mEarliestRawOffset=9017000,transitions=78]])
07-17 14:14:00.033  1100  1195 I VSyncReactor: Current= 60, Period= 60, Distance= 1
07-17 14:14:00.050  1100  1195 I VSyncReactor: Current= 60, Period= 60, Distance= 60
07-17 14:14:00.094   803   933 V CpEventLog(u0): cp_state: [                 contacts = {contacts=4, raw_contacts=142, data=565, account={secphone(1)=2, google(2)=1, sim(3)=0, sim2(4)=0, agg(5)=0, whatsapp(12)=2, google(46)=0, google(216)=0, google(249)=0, google(250)=0, viber(269)=0, google(272)=1, telegram(376)=114, google(380)=0, com.yandex.passport(404)=0, com.yandex.passport(405)=0, com.yandex.passport(406)=0, telegram(432)=20, ru.mail(447)=0, com.vkontakte.account(455)=0, viber(456)=2}, trash=1, trash_acc={google=1}, trash_sync=0, database=contacts2.db} ]
07-17 14:14:00.094   803   933 V CpEventLog(u0): cp_state: [               aggregated = {[1,12,376,456]=1, [1,12,456]=1, [272]=1, [2]=1, [376,376,376,376,376,376,376,376,376,376,376,376,376,376,376,376,376]=1, [376,376]=5, [376,432,432,432,432,432]=1, [376,432]=2, [376]=82, [432,376]=1, [432,432]=2, [432]=8} ]
07-17 14:14:00.094   803   933 V CpEventLog(u0): cp_state: [                  request = {} ]
07-17 14:14:00.094   803   933 V CpEventLog(u0): cp_state: [                    calls = {types={[100]=105, [300]=55, [1000]=1228, [1150]=36}, database=calllog.db} ]
07-17 14:14:00.094   803   933 V CpEventLog(u0): cp_state: [                  profile = {contacts=0, raw_contacts=0, data=0, account={secphone(1)=0, google(2)=0, sim(3)=0, sim2(4)=0, agg(5)=0, whatsapp(12)=0, google(46)=0, google(216)=0, google(249)=0, google(250)=0, viber(269)=0, google(271)=0, telegram(327)=0, google(329)=0, com.yandex.passport(341)=0, com.yandex.passport(342)=0, com.yandex.passport(343)=0, telegram(357)=0, ru.mail(365)=0, com.vkontakte.account(369)=0}, trash=0, trash_acc={}, trash_sync=0, database=profile.db} ]
07-17 14:14:00.094   803   933 V CpEventLog(u0): cp_state: [               sa_profile = {contacts=1, raw_contacts=1, data=0, account={secphone(1)=1, google(2)=0, sim(3)=0, sim2(4)=0, agg(5)=0, whatsapp(12)=0, google(46)=0, google(216)=0, google(249)=0, google(250)=0, viber(269)=0, google(271)=0, telegram(327)=0, google(329)=0, com.yandex.passport(341)=0, com.yandex.passport(342)=0, com.yandex.passport(343)=0, telegram(357)=0, ru.mail(365)=0, com.vkontakte.account(369)=0}, trash=0, trash_acc={}, trash_sync=0, database=profile_sa.db} ]
07-17 14:14:00.094   803   933 V CpEventLog(u0): cp_state: [                      etc = {binders=0, country_iso=RU, version=15.4.34, db_version=1901, csc=SER/, sec_enabled=false, is_roaming=false} ]
07-17 14:14:00.094   803   933 V CpEventLog(u0): cp_state: ------------------------------------------------------------------------------
07-17 14:14:00.129   673   673 D io_stats: !@   8,0 r 5127517 225797348 w 4552509 66850300 d 867056 105110192 f 0 0 iot 4258276 0 th 0 0 0 pt 0 inp 0 0 77818.539
07-17 14:14:00.129   673   673 D io_stats: !@ Read_top(KB): per.android.app(30155) 4028
07-17 14:14:00.168  2258  3008 I BtGatt.ScanHelper: onScanResult to scannerId: 7- eventType=0x10, addressType=1, address=XX:XX:XX:XX:FA:80, primaryPhy=1, secondaryPhy=0, advertisingSid=0xff, txPower=127, rssi=-87, periodicAdvInt=0x0
07-17 14:14:00.171 16694 19605 I NearbyConnections: Found BleAdvertisement [ 0x23 0x39 0x37 0x55 0x31 0x11 0x32 0xa0 0xa0 0xd9 0xb6 0xef 0xb1 0x17 0x53 0x18 0x17 0xf0 0x6a 0x3a 0x81 0x54 0x68 ] (with EndpointId 97U1 and EndpointInfo [ 0x32 0xa0 0xa0 0xd9 0xb6 0xef 0xb1 0x17 0x53 0x18 0x17 0xf0 0x6a 0x3a 0x81 0x54 0x68 ])
07-17 14:14:00.172 16694 19605 I NearbyConnections: Unable to record discovered endpoint due to null currentDiscoveryPhase
07-17 14:14:00.172 16694 19605 I NearbyConnections: ClientProxy(15856325) reporting onEndpointFound(97U1)
07-17 14:14:00.173 16694 19605 I NearbyConnections: ClientProxy(15856325) reporting onEndpointDistanceChanged(97U1, UNKNOWN)
07-17 14:14:00.174 16694 30375 I NearbySharing: NearbySharing Internal event EndpointDiscovered(endpointId=97U1)
07-17 14:14:00.247  1079  1204 I EDEN    : [Exynos][EDEN][v1.6.23][SERVICE] processAliveMointorMain:253: Try to check pid=(1025)...
07-17 14:14:01.483  1279  1875 D InetDiagMessage: Destroyed 0 sockets, proto=IPPROTO_TCP, family=AF_INET, states=14
07-17 14:14:01.487  1279  1875 D InetDiagMessage: Destroyed 0 sockets, proto=IPPROTO_TCP, family=AF_INET6, states=14
07-17 14:14:01.487  1279  1875 D InetDiagMessage: Destroyed live tcp sockets for uids={10271} in 10ms
07-17 14:14:01.490  1279  1875 D InetDiagMessage: Destroyed 0 sockets, proto=IPPROTO_TCP, family=AF_INET, states=14
07-17 14:14:01.493  1279  1875 D InetDiagMessage: Destroyed 0 sockets, proto=IPPROTO_TCP, family=AF_INET6, states=14
07-17 14:14:01.493  1279  1875 D InetDiagMessage: Destroyed live tcp sockets for uids={20271} in 6ms
07-17 14:14:01.724 16694 19605 I NearbyMediums: Found Fast Ble Advertisements :
07-17 14:14:01.724 16694 19605 I NearbyMediums: BleAdvertisement { version=2, socketVersion=2, isFast=true, serviceIdHash=null, data=[ 0x23 0x39 0x37 0x55 0x31 0x11 0x32 0xa0 0xa0 0xd9 0xb6 0xef 0xb1 0x17 0x53 0x18 0x17 0xf0 0x6a 0x3a 0x81 0x54 0x68 ], deviceToken=[ 0x67 0x8e ], rxAdvertisement=null } : 1 times.
07-17 14:14:01.724 16694 19605 I NearbyMediums: Total 1 fast advertisements from 1 unique advertisers.
07-17 14:14:01.932  4389  4389 I SDHMS:LOAD: type: LoadsFreqs, value: 0:2:0:533000:533000:533000:646099:2808000:533000:2:130:0
07-17 14:14:02.130   673   673 D io_stats: !@   8,0 r 5127517 225797348 w 4552515 66850332 d 867056 105110192 f 0 0 iot 4258284 0 th 0 0 0 pt 0 inp 0 0 77820.541
07-17 14:14:02.166  1100  1195 I VSyncReactor: Current= 60, Period= 60, Distance= 0
07-17 14:14:02.182  1100  1195 I VSyncReactor: Current= 60, Period= 60, Distance= 61
07-17 14:14:02.996  1279  3069 D FreecessController: ru.sberbankmobile_alpha(10144) is important[12]
07-17 14:14:03.488  1279  8394 I AfterimageCompensationService: AfcThread mLuminance : 370 , AfpcPeriodCount : 1182 , rotation : 0 , AOD : false
07-17 14:14:03.500  1100  1167 D RenderEngine: [SEC_SF_EFFECTS] drawLayersInternal,1313, Rendering layer  at index 0
07-17 14:14:03.500  1100  1167 D RenderEngine: [SEC_SF_EFFECTS] drawLayersInternal,1313, Rendering layer ru.sberbankmobile_alpha/ru.sberbank.mobile.feature.bizone.callerid.impl.presentation.activity.CallerIdActivity$_21019#16430 at index 1
07-17 14:14:03.500  1100  1167 D RenderEngine: [SEC_SF_EFFECTS] drawLayersInternal,1313, Rendering layer StatusBar$_2075#90 at index 2
07-17 14:14:03.502  1100  1167 D RenderEngine: [SEC_SF_EFFECTS] drawLayersInternal,1313, Rendering layer NavigationBar0$_2075#86 at index 3
07-17 14:14:03.511  1279  8394 D system_server: mAFPC_Read - w = 1440, h = 3200, s = 0, f = 4, s_size = 18432000, luminance = 370, count = 1182, captureOrientation = 0
07-17 14:14:03.707 31653 31719 W DGW     : W[onPingFailure:497] ConnectivityManager ping failure Ping Timeout
07-17 14:14:03.810 14197 14197 I wpa_supplicant: Heartbeat 5550
07-17 14:14:04.132   673   673 D io_stats: !@ Write_top(KB): kworker/u16:1(28029) 32
07-17 14:14:04.199  1100  1195 I VSyncReactor: Current= 60, Period= 60, Distance= 0
07-17 14:14:04.215  1100  1195 I VSyncReactor: Current= 60, Period= 60, Distance= 60
07-17 14:14:04.705 31735 16603 I VkpnsPushProvider:CheckServiceAlive: Service is active
07-17 14:14:05.182 31735 16603 D VkpnsPushProvider:NotifierConnection: Can send message to web socket: true
07-17 14:14:05.239 31735 16603 D VkpnsPushProvider:Notifier: Parse request response: 754
07-17 14:14:05.248  1079  1204 I EDEN    : [Exynos][EDEN][v1.6.23][SERVICE] processAliveMointorMain:253: Try to check pid=(1025)...
07-17 14:14:07.138 21019 21026 D InputTransport: Input channel destroyed: 'ClientS', fd=420
07-17 14:14:07.142 21019 21026 D InputTransport: Input channel destroyed: 'ClientS', fd=316
07-17 14:14:07.144 21019 21026 D InputTransport: Input channel destroyed: 'ClientS', fd=380
07-17 14:14:07.149 21019 21026 D InputTransport: Input channel destroyed: 'ClientS', fd=365
07-17 14:14:07.233  1100  1195 I VSyncReactor: Current= 60, Period= 60, Distance= 0
07-17 14:14:07.250  1100  1195 I VSyncReactor: Current= 60, Period= 60, Distance= 58
07-17 14:14:07.999  1279  3069 D FreecessController: ru.sberbankmobile_alpha(10144) is important[12]
07-17 14:14:08.134   673   673 D io_stats: !@   8,0 r 5127517 225797348 w 4552522 66850396 d 867056 105110192 f 0 0 iot 4258300 0 th 0 0 0 pt 0 inp 0 0 77826.544
07-17 14:14:08.134   673   673 D io_stats: !@ Write_top(KB): ru.vk.store(31735) 40 kworker/u16:1(28029) 24
07-17 14:14:08.249  1100  1195 I VSyncReactor: Current= 60, Period= 60, Distance= 1
07-17 14:14:08.264  1100  1195 I VSyncReactor: Current= 60, Period= 60, Distance= 60
07-17 14:14:08.667  1279  1888 W DeviceStorageMonitorService: updateBroadcasts(/data) oldLevel:0, newLevel:0, seq:1
07-17 14:14:08.669  1279  1888 D DeviceStorageMonitorService: Available File Node Number is [13394188]
07-17 14:14:08.670  1279  1888 W DeviceStorageMonitorService: updateBroadcasts_filenode(/data) fn_oldLevel:0, fn_newLevel:0, seq:1
07-17 14:14:09.264  1100  1100 I SurfaceFlinger: SFWD update time=77827675119637
07-17 14:14:09.265  1100  1195 I VSyncReactor: Current= 60, Period= 60, Distance= 1
07-17 14:14:09.281  1100  1195 I VSyncReactor: Current= 60, Period= 60, Distance= 60
07-17 14:14:09.490  2258  3008 I BtGatt.ScanHelper: onScanResult to scannerId: 7- eventType=0x10, addressType=1, address=XX:XX:XX:XX:FA:80, primaryPhy=1, secondaryPhy=0, advertisingSid=0xff, txPower=127, rssi=-87, periodicAdvInt=0x0
07-17 14:14:09.533 21019 21241 E HttpConnectionLogging: LogPart[1/2]: HTTP Failed
07-17 14:14:09.533 21019 21241 E HttpConnectionLogging: java.net.SocketTimeoutException: timeout
07-17 14:14:09.533 21019 21241 E HttpConnectionLogging: 	at okio.SocketAsyncTimeout.newTimeoutException(JvmOkio.kt:146)
07-17 14:14:09.533 21019 21241 E HttpConnectionLogging: 	at okio.AsyncTimeout.access$newTimeoutException(AsyncTimeout.kt:186)
07-17 14:14:09.533 21019 21241 E HttpConnectionLogging: 	at okio.AsyncTimeout$source$1.read(AsyncTimeout.kt:390)
07-17 14:14:09.533 21019 21241 E HttpConnectionLogging: 	at okio.RealBufferedSource.indexOf(RealBufferedSource.kt:434)
07-17 14:14:09.533 21019 21241 E HttpConnectionLogging: 	at okio.RealBufferedSource.readUtf8LineStrict(RealBufferedSource.kt:327)
07-17 14:14:09.533 21019 21241 E HttpConnectionLogging: 	at okhttp3.internal.http1.HeadersReader.readLine(HeadersReader.kt:29)
07-17 14:14:09.533 21019 21241 E HttpConnectionLogging: 	at okhttp3.internal.http1.Http1ExchangeCodec.readResponseHeaders(Http1ExchangeCodec.kt:180)
07-17 14:14:09.533 21019 21241 E HttpConnectionLogging: 	at okhttp3.internal.connection.Exchange.readResponseHeaders(Exchange.kt:110)
07-17 14:14:09.533 21019 21241 E HttpConnectionLogging: 	at okhttp3.internal.http.CallServerInterceptor.intercept(CallServerInterceptor.kt:93)
07-17 14:14:09.533 21019 21241 E HttpConnectionLogging: 	at okhttp3.internal.http.RealInterceptorChain.proceed(RealInterceptorChain.kt:109)
07-17 14:14:09.533 21019 21241 E HttpConnectionLogging: 	at com.chuckerteam.chucker.api.ChuckerInterceptor.intercept(ChuckerInterceptor.kt:79)
07-17 14:14:09.533 21019 21241 E HttpConnectionLogging: 	at okhttp3.internal.http.RealInterceptorChain.proceed(RealInterceptorChain.kt:109)
07-17 14:14:09.533 21019 21241 E HttpConnectionLogging: 	at ru.sberbank.mobile.core.network.interceptors.HttpLoggingInterceptor.intercept(HttpLoggingInterceptor.kt:35)
07-17 14:14:09.533 21019 21241 E HttpConnectionLogging: 	at okhttp3.internal.http.RealInterceptorChain.proceed(RealInterceptorChain.kt:109)
07-17 14:14:09.533 21019 21241 E HttpConnectionLogging: 	at okhttp3.internal.connection.ConnectInterceptor.intercept(ConnectInterceptor.kt:34)
07-17 14:14:09.533 21019 21241 E HttpConnectionLogging: 	at okhttp3.internal.http.RealInterceptorChain.proceed(RealInterceptorChain.kt:109)
07-17 14:14:09.533 21019 21241 E HttpConnectionLogging: 	at okhttp3.internal.cache.CacheInterceptor.intercept(CacheInterceptor.kt:95)
07-17 14:14:09.533 21019 21241 E HttpConnectionLogging: 	at okhttp3.internal.http.RealInterceptorChain.proceed(RealInterceptorChain.kt:109)
07-17 14:14:09.533 21019 21241 E HttpConnectionLogging: 	at okhttp3.internal.http.BridgeInterceptor.intercept(BridgeInterceptor.kt:83)
07-17 14:14:09.533 21019 21241 E HttpConnectionLogging: 	at okhttp3.internal.http.RealInterceptorChain.proceed(RealInterceptorChain.kt:109)
07-17 14:14:09.533 21019 21241 E HttpConnectionLogging: 	at okhttp3.internal.http.RetryAndFollowUpInterceptor.intercept(RetryAndFollowUpInterceptor.kt:76)
07-17 14:14:09.533 21019 21241 E HttpConnectionLogging: 	at okhttp3.internal.http.RealInterceptorChain.proceed(RealInterceptorChain.kt:109)
07-17 14:14:09.533 21019 21241 E HttpConnectionLogging: 	at ru.sberbank.mobile.core.network.interceptors.TlsErrorHandleInterceptor.intercept(TlsErrorHandleInterceptor.kt:35)
07-17 14:14:09.533 21019 21241 E HttpConnectionLogging: 	at okhttp3.internal.http.RealInterceptorChain.proceed(RealInterceptorChain.kt:109)
07-17 14:14:09.533 21019 21241 E HttpConnectionLogging: 	at ru.sberbank.mobile.core.network.interceptors.SetRequiredHeadersInterceptor.intercept(SetRequiredHeadersInterceptor.kt:17)
07-17 14:14:09.533 21019 21241 E HttpConnectionLogging: 	at okhttp3.internal.http.RealInterceptorChain.proceed(RealInterceptorChain.kt:109)
07-17 14:14:09.533 21019 21241 E HttpConnectionLogging: 	at ru.sberbank.mobile.core.network.interceptors.MockProInterceptor.intercept(MockProInterceptor.kt:24)
07-17 14:14:09.533 21019 21241 E HttpConnectionLogging: 	at okhttp3.internal.http.RealInterceptorChain.proceed(RealInterceptorChain.kt:109)
07-17 14:14:09.533 21019 21241 E HttpConnectionLogging: 	at ru.sberbank.mobile.core.network.interceptors.RequestsDia
07-17 14:14:09.533 21019 21241 E HttpConnectionLogging: LogPart[2/2]: gnosticInterceptor.intercept(RequestsDiagnosticInterceptor.kt:33)
07-17 14:14:09.533 21019 21241 E HttpConnectionLogging: 	at okhttp3.internal.http.RealInterceptorChain.proceed(RealInterceptorChain.kt:109)
07-17 14:14:09.533 21019 21241 E HttpConnectionLogging: 	at okhttp3.internal.connection.RealCall.getResponseWithInterceptorChain$okhttp(RealCall.kt:201)
07-17 14:14:09.533 21019 21241 E HttpConnectionLogging: 	at okhttp3.internal.connection.RealCall.execute(RealCall.kt:154)
07-17 14:14:09.533 21019 21241 E HttpConnectionLogging: 	at ru.sberbank.mobile.core.clickstream.network.ClickstreamEventSenderImpl.send(ClickstreamEventSenderImpl.kt:39)
07-17 14:14:09.533 21019 21241 E HttpConnectionLogging: 	at platform.mobile.clickstream.network.NetworkGatewayImpl.send(NetworkGatewayImpl.kt:63)
07-17 14:14:09.533 21019 21241 E HttpConnectionLogging: 	at platform.mobile.clickstream.network.NetworkGatewayImpl.sendEventToNetwork$lambda$1(NetworkGatewayImpl.kt:28)
07-17 14:14:09.533 21019 21241 E HttpConnectionLogging: 	at platform.mobile.clickstream.network.NetworkGatewayImpl.$r8$lambda$JqVKwX9U4Q48Ta3Obj-Y96-n2_o(Unknown Source:0)
07-17 14:14:09.533 21019 21241 E HttpConnectionLogging: 	at platform.mobile.clickstream.network.NetworkGatewayImpl$$ExternalSyntheticLambda3.run(D8$$SyntheticClass:0)
07-17 14:14:09.533 21019 21241 E HttpConnectionLogging: 	at java.util.concurrent.ThreadPoolExecutor.runWorker(ThreadPoolExecutor.java:1156)
07-17 14:14:09.533 21019 21241 E HttpConnectionLogging: 	at java.util.concurrent.ThreadPoolExecutor$Worker.run(ThreadPoolExecutor.java:651)
07-17 14:14:09.533 21019 21241 E HttpConnectionLogging: 	at java.lang.Thread.run(Thread.java:1119)
07-17 14:14:09.533 21019 21241 E HttpConnectionLogging: Caused by: java.net.SocketException: socket is closed
07-17 14:14:09.533 21019 21241 E HttpConnectionLogging: 	at com.google.android.gms.org.conscrypt.ConscryptFileDescriptorSocket$SSLInputStream.read(:com.google.android.gms@252533035@25.25.33 (260400-781214296):15)
07-17 14:14:09.533 21019 21241 E HttpConnectionLogging: 	at okio.InputStreamSource.read(JvmOkio.kt:93)
07-17 14:14:09.533 21019 21241 E HttpConnectionLogging: 	at okio.AsyncTimeout$source$1.read(AsyncTimeout.kt:153)
07-17 14:14:09.533 21019 21241 E HttpConnectionLogging: 	... 37 more
07-17 14:14:09.543 21019 21241 E ClickstreamEventSenderImpl: LogPart[1/2]:     
07-17 14:14:09.543 21019 21241 E ClickstreamEventSenderImpl: java.net.SocketTimeoutException: timeout
07-17 14:14:09.543 21019 21241 E ClickstreamEventSenderImpl: 	at okio.SocketAsyncTimeout.newTimeoutException(JvmOkio.kt:146)
07-17 14:14:09.543 21019 21241 E ClickstreamEventSenderImpl: 	at okio.AsyncTimeout.access$newTimeoutException(AsyncTimeout.kt:186)
07-17 14:14:09.543 21019 21241 E ClickstreamEventSenderImpl: 	at okio.AsyncTimeout$source$1.read(AsyncTimeout.kt:390)
07-17 14:14:09.543 21019 21241 E ClickstreamEventSenderImpl: 	at okio.RealBufferedSource.indexOf(RealBufferedSource.kt:434)
07-17 14:14:09.543 21019 21241 E ClickstreamEventSenderImpl: 	at okio.RealBufferedSource.readUtf8LineStrict(RealBufferedSource.kt:327)
07-17 14:14:09.543 21019 21241 E ClickstreamEventSenderImpl: 	at okhttp3.internal.http1.HeadersReader.readLine(HeadersReader.kt:29)
07-17 14:14:09.543 21019 21241 E ClickstreamEventSenderImpl: 	at okhttp3.internal.http1.Http1ExchangeCodec.readResponseHeaders(Http1ExchangeCodec.kt:180)
07-17 14:14:09.543 21019 21241 E ClickstreamEventSenderImpl: 	at okhttp3.internal.connection.Exchange.readResponseHeaders(Exchange.kt:110)
07-17 14:14:09.543 21019 21241 E ClickstreamEventSenderImpl: 	at okhttp3.internal.http.CallServerInterceptor.intercept(CallServerInterceptor.kt:93)
07-17 14:14:09.543 21019 21241 E ClickstreamEventSenderImpl: 	at okhttp3.internal.http.RealInterceptorChain.proceed(RealInterceptorChain.kt:109)
07-17 14:14:09.543 21019 21241 E ClickstreamEventSenderImpl: 	at com.chuckerteam.chucker.api.ChuckerInterceptor.intercept(ChuckerInterceptor.kt:79)
07-17 14:14:09.543 21019 21241 E ClickstreamEventSenderImpl: 	at okhttp3.internal.http.RealInterceptorChain.proceed(RealInterceptorChain.kt:109)
07-17 14:14:09.543 21019 21241 E ClickstreamEventSenderImpl: 	at ru.sberbank.mobile.core.network.interceptors.HttpLoggingInterceptor.intercept(HttpLoggingInterceptor.kt:35)
07-17 14:14:09.543 21019 21241 E ClickstreamEventSenderImpl: 	at okhttp3.internal.http.RealInterceptorChain.proceed(RealInterceptorChain.kt:109)
07-17 14:14:09.543 21019 21241 E ClickstreamEventSenderImpl: 	at okhttp3.internal.connection.ConnectInterceptor.intercept(ConnectInterceptor.kt:34)
07-17 14:14:09.543 21019 21241 E ClickstreamEventSenderImpl: 	at okhttp3.internal.http.RealInterceptorChain.proceed(RealInterceptorChain.kt:109)
07-17 14:14:09.543 21019 21241 E ClickstreamEventSenderImpl: 	at okhttp3.internal.cache.CacheInterceptor.intercept(CacheInterceptor.kt:95)
07-17 14:14:09.543 21019 21241 E ClickstreamEventSenderImpl: 	at okhttp3.internal.http.RealInterceptorChain.proceed(RealInterceptorChain.kt:109)
07-17 14:14:09.543 21019 21241 E ClickstreamEventSenderImpl: 	at okhttp3.internal.http.BridgeInterceptor.intercept(BridgeInterceptor.kt:83)
07-17 14:14:09.543 21019 21241 E ClickstreamEventSenderImpl: 	at okhttp3.internal.http.RealInterceptorChain.proceed(RealInterceptorChain.kt:109)
07-17 14:14:09.543 21019 21241 E ClickstreamEventSenderImpl: 	at okhttp3.internal.http.RetryAndFollowUpInterceptor.intercept(RetryAndFollowUpInterceptor.kt:76)
07-17 14:14:09.543 21019 21241 E ClickstreamEventSenderImpl: 	at okhttp3.internal.http.RealInterceptorChain.proceed(RealInterceptorChain.kt:109)
07-17 14:14:09.543 21019 21241 E ClickstreamEventSenderImpl: 	at ru.sberbank.mobile.core.network.interceptors.TlsErrorHandleInterceptor.intercept(TlsErrorHandleInterceptor.kt:35)
07-17 14:14:09.543 21019 21241 E ClickstreamEventSenderImpl: 	at okhttp3.internal.http.RealInterceptorChain.proceed(RealInterceptorChain.kt:109)
07-17 14:14:09.543 21019 21241 E ClickstreamEventSenderImpl: 	at ru.sberbank.mobile.core.network.interceptors.SetRequiredHeadersInterceptor.intercept(SetRequiredHeadersInterceptor.kt:17)
07-17 14:14:09.543 21019 21241 E ClickstreamEventSenderImpl: 	at okhttp3.internal.http.RealInterceptorChain.proceed(RealInterceptorChain.kt:109)
07-17 14:14:09.543 21019 21241 E ClickstreamEventSenderImpl: 	at ru.sberbank.mobile.core.network.interceptors.MockProInterceptor.intercept(MockProInterceptor.kt:24)
07-17 14:14:09.543 21019 21241 E ClickstreamEventSenderImpl: 	at okhttp3.internal.http.RealInterceptorChain.proceed(RealInterceptorChain.kt:109)
07-17 14:14:09.543 21019 21241 E ClickstreamEventSenderImpl: 	at ru.sberbank.mobile.core.network.i
07-17 14:14:09.543 21019 21241 E ClickstreamEventSenderImpl: LogPart[2/2]: nterceptors.RequestsDiagnosticInterceptor.intercept(RequestsDiagnosticInterceptor.kt:33)
07-17 14:14:09.543 21019 21241 E ClickstreamEventSenderImpl: 	at okhttp3.internal.http.RealInterceptorChain.proceed(RealInterceptorChain.kt:109)
07-17 14:14:09.543 21019 21241 E ClickstreamEventSenderImpl: 	at okhttp3.internal.connection.RealCall.getResponseWithInterceptorChain$okhttp(RealCall.kt:201)
07-17 14:14:09.543 21019 21241 E ClickstreamEventSenderImpl: 	at okhttp3.internal.connection.RealCall.execute(RealCall.kt:154)
