07-17 14:14:11.715 21277 23820 D HttpConnectionLogging:     Access-Control-Allow-Credentials: |true|
07-17 14:14:11.715 21277 23820 D HttpConnectionLogging:     Cache-Control: |no-cache|
07-17 14:14:11.715 21277 23820 D HttpConnectionLogging:     Pragma: |no-cache|
07-17 14:14:11.715 21277 23820 D HttpConnectionLogging:     Expires: |-1|
07-17 14:14:11.716 21277 23820 D HttpConnectionLogging:     Server: |SOWA|
07-17 14:14:11.716 21277 23820 D HttpConnectionLogging: Response headers end
07-17 14:14:11.716 21277 23820 D HttpConnectionLogging: Response body start
07-17 14:14:11.717 21277 23820 D HttpConnectionLogging: Body is empty
07-17 14:14:11.717 21277 23820 D HttpConnectionLogging: Response body end
07-17 14:14:11.717 21277 23820 D HttpConnectionLogging: End response
07-17 14:14:11.723 21277 21277 I NotificationManager: ru.sberbankmobile_alpha: notify(1138, null, Notification(channel=chucker_transactions shortcut=null contentView=null vibrate=null sound=null defaults=0 flags=AUTO_CANCEL|LOCAL_ONLY color=0xff01579b actions=1 vis=PRIVATE semFlags=0x0 semPriority=0 semMissedCount=0)) as user
07-17 14:14:11.724 21277 23820 D HttpConnectionLogging: Sending request; url = https://psiclickstream.testonline.sberbank.ru:8097/metrics/sbol; method = POST
07-17 14:14:11.724 21277 23820 D HttpConnectionLogging: Request headers start
07-17 14:14:11.724 21277 23820 D HttpConnectionLogging:     User-Agent:[Mobile Device]
07-17 14:14:11.725 21277 23820 D HttpConnectionLogging:     Referer:[Android/15/16.11.0.5300]
07-17 14:14:11.725 21277 23820 D HttpConnectionLogging:     Content-Type:[application/json; charset=utf-8]
07-17 14:14:11.725 21277 23820 D HttpConnectionLogging:     Content-Length:[1563]
07-17 14:14:11.725 21277 23820 D HttpConnectionLogging:     Host:[psiclickstream.testonline.sberbank.ru:8097]
07-17 14:14:11.725 21277 23820 D HttpConnectionLogging:     Connection:[Keep-Alive]
07-17 14:14:11.726 21277 23820 D HttpConnectionLogging:     Accept-Encoding:[gzip]
07-17 14:14:11.726 21277 23820 D HttpConnectionLogging: Request headers end
07-17 14:14:11.726 21277 23820 D HttpConnectionLogging: Request body start
07-17 14:14:11.726 21277 23820 D HttpConnectionLogging: {"meta":{"apiKey":"4faa2e69c853f26b144e0eaa06a6b5793df461bf439b68cfe856289510f850ef","sdkVersion":"2.5.0","deviceVendor":"samsung","deviceModel":"SM-G998B","deviceMemorySize":"113428639744","operationSystemVersion":"35","systemLanguage":"ru_RU","screenSize":"3200x1440","deviceAbi":"arm64-v8a","operationSystem":"Android","browser":"Android","platform":"MOBILE","timeStamp":"2025-07-17T14:14:11.720+03:00"},"profile":{"deviceId":"5e9bbf8c89f4261894085ce9c101f920197e3cbb58f5f9b571784fed2d82f707","sessionId":"2025-07-17T13:56:21.009+03:00 5e9bbf8c89f4261894085ce9c101f920197e3cbb58f5f9b571784fed2d82f707","hashUserLoginId":"25f003957edcf1281c47d4d039b2941c4641a967dae41caf1e1e192dc9460955","appBuild":"16.11.0_custom_5300_notSet_7d4c59c4-438e-42de-849c-902ea50b82c0","appDistributor":"notSet","clientBlock":"mobile-node1","appVersion":"16.11.0.5300","applicationLanguage":"ru","appVersionNumber":"2025060915"},"data":[{"timeStamp":"2025-07-17T14:11:08.527+03:00","eventType":"business","cellularProvider":"MTS RUS","batteryLevel":"100","connectionType":"CELLULAR","internalIP":"11.38.164.205","properties":[{"key":"external_source","value":"organic"},{"key":"internal_source","value":"profile"}],"eventAction":"Notifier Reconnect Started"},{"timeStamp":"2025-07-17T14:11:08.781+03:00","eventType":"business","cellularProvider":"MTS RUS","batteryLevel":"100","connectionType":"CELLULAR","internalIP":"11.38.164.205","properties":[{"key":"external_source","value":"organic"},{"key":"internal_source","value":"profile"}],"eventAction":"Notifier Reconnect Success"}]}
07-17 14:14:11.727 21277 23820 D HttpConnectionLogging: Request body end
07-17 14:14:11.727 21277 23820 D HttpConnectionLogging: End request
07-17 14:14:11.728 16694 19605 I NearbyMediums: Found Fast Ble Advertisements :
07-17 14:14:11.728 16694 19605 I NearbyMediums: BleAdvertisement { version=2, socketVersion=2, isFast=true, serviceIdHash=null, data=[ 0x23 0x39 0x37 0x55 0x31 0x11 0x32 0xa0 0xa0 0xd9 0xb6 0xef 0xb1 0x17 0x53 0x18 0x17 0xf0 0x6a 0x3a 0x81 0x54 0x68 ], deviceToken=[ 0x67 0x8e ], rxAdvertisement=null } : 1 times.
07-17 14:14:11.728 16694 19605 I NearbyMediums: Total 1 fast advertisements from 1 unique advertisers.
07-17 14:14:11.728 21277 23820 I Chucker : Decoding with: com.chuckerteam.chucker.internal.support.PlainTextDecoder@8eba5cc
07-17 14:14:11.736 21277 21277 I NotificationManager: ru.sberbankmobile_alpha: notify(1138, null, Notification(channel=chucker_transactions shortcut=null contentView=null vibrate=null sound=null defaults=0 flags=AUTO_CANCEL|LOCAL_ONLY color=0xff01579b actions=1 vis=PRIVATE semFlags=0x0 semPriority=0 semMissedCount=0)) as user
07-17 14:14:11.768  1279  1279 I Telecom : SamsungTelecomServiceImpl : isInManagedCall - callingPackage : android / callingUser : UserHandle{0} / hasCrossUserAccess : true
07-17 14:14:11.770 21277 23820 D HttpConnectionLogging: Response for url https://psiclickstream.testonline.sberbank.ru:8097/metrics/sbol; response code = 204; response message = No Content
07-17 14:14:11.773 21277 23820 D HttpConnectionLogging: Response headers start
07-17 14:14:11.775 21277 23820 D HttpConnectionLogging:     Date: |Thu, 17 Jul 2025 11:14:12 GMT|
07-17 14:14:11.776 21277 23820 D HttpConnectionLogging:     Connection: |keep-alive|
07-17 14:14:11.776 21277 23820 D HttpConnectionLogging:     Access-Control-Allow-Origin: |*|
07-17 14:14:11.777 21277 23820 D HttpConnectionLogging:     Access-Control-Allow-Credentials: |true|
07-17 14:14:11.778 21277 23820 D HttpConnectionLogging:     Cache-Control: |no-cache|
07-17 14:14:11.778 21277 23820 D HttpConnectionLogging:     Pragma: |no-cache|
07-17 14:14:11.779 21277 23820 D HttpConnectionLogging:     Expires: |-1|
07-17 14:14:11.779  2596  5427 I HoneySpace.NotificationListener: onNotificationPosted ru.sberbankmobile_alpha: 0|ru.sberbankmobile_alpha|1138|null|10144: 0
07-17 14:14:11.779  2596  5427 I HoneySpace.BadgeDataSourceImpl: Get notification count. PK(p='ru.sberbankmobile_alpha', u=UserHandle{0}) - forceBadgeCount: false, notification listener: 1, badge provider: 0
07-17 14:14:11.779  2596 23394 I HoneySpace.PackageEventOperator: [ApplistViewModel] badge count is updated. ru.sberbankmobile_alpha/ru.sberbank.mobile.auth.presentation.splash.SplashActivity#UserHandle{0}|6916 : 1
07-17 14:14:11.779  2596 23394 I HoneySpace.PackageEventOperator: [ApplistViewModel] badge count is updated. ru.sberbankmobile_alpha/leakcanary.internal.activity.LeakLauncherActivity#UserHandle{0}|6917 : 1
07-17 14:14:11.779 21277 23820 D HttpConnectionLogging:     Server: |SOWA|
07-17 14:14:11.780 21277 23820 D HttpConnectionLogging: Response headers end
07-17 14:14:11.780 21277 23820 D HttpConnectionLogging: Response body start
07-17 14:14:11.781 21277 23820 D HttpConnectionLogging: Body is empty
07-17 14:14:11.782 21277 23820 D HttpConnectionLogging: Response body end
07-17 14:14:11.782 21277 23820 D HttpConnectionLogging: End response
07-17 14:14:11.782  2075  2075 D Bubbles : onEntryUpdated : shouldBubbleUp=false ,key=0|ru.sberbankmobile_alpha|1138|null|10144
07-17 14:14:11.783  2075  2075 D InterruptionStateProvider:  no Heads up : edgelighting enabled app. 0|ru.sberbankmobile_alpha|1138|null|10144
07-17 14:14:11.783 21277 21277 I NotificationManager: ru.sberbankmobile_alpha: notify(1138, null, Notification(channel=chucker_transactions shortcut=null contentView=null vibrate=null sound=null defaults=0 flags=AUTO_CANCEL|LOCAL_ONLY color=0xff01579b actions=1 vis=PRIVATE semFlags=0x0 semPriority=0 semMissedCount=0)) as user
07-17 14:14:11.783  2075  2075 D InterruptionStateProvider:  no Heads up : edgelighting enabled app. 0|ru.sberbankmobile_alpha|1138|null|10144
07-17 14:14:11.785  1279  1279 D SmartAlertController: SmartAlert - Found Missed Event
07-17 14:14:11.789  5201  5201 D NLService: The notifications buffer size has reached its maximum size of 100 items. Shrinking it in order to satisfy the constraints.
07-17 14:14:11.789  5201  5201 D NLService: Successfully stored the newly arrived notification identified by 1138
07-17 14:14:11.795 21019 21029 E ankmobile_alpha: Invalid resource ID 0x00000000.
07-17 14:14:11.795 21019 21029 D BmsCallerId: InnerStorageContentProvider:Not found optional file name for the SharedPreference, use the default name..
07-17 14:14:11.795  1100  1195 I VSyncReactor: Current= 60, Period= 60, Distance= 0
07-17 14:14:11.802  1279  1279 I Telecom : SamsungTelecomServiceImpl : isInManagedCall - callingPackage : android / callingUser : UserHandle{0} / hasCrossUserAccess : true
07-17 14:14:11.808  2075  2075 I LockscreenNotificationIconsOnlyController: onNotificationInfoUpdated 0
07-17 14:14:11.808  2075  2075 I AODNotificationManager: updateNotification() 
07-17 14:14:11.811  1279  1279 D SmartAlertController: SmartAlert - Found Missed Event
07-17 14:14:11.812  1100  1195 I VSyncReactor: Current= 60, Period= 60, Distance= 60
07-17 14:14:11.814  2596  5427 I HoneySpace.NotificationListener: onNotificationPosted com.zoiper.android.app: 0|com.zoiper.android.app|4|null|10603: 0
07-17 14:14:11.814  2596  5427 I HoneySpace.NotificationListener: invalid notification: com.zoiper.android.app UserHandle{0}: canShowBadge is false
07-17 14:14:11.815  2075  2075 D Bubbles : onEntryUpdated : shouldBubbleUp=false ,key=0|com.zoiper.android.app|4|null|10603
07-17 14:14:11.815  2596 30776 I HoneySpace.PackageEventOperator: [ApplistViewModel] badge count is updated. com.zoiper.android.app/com.zoiper.android.ui.MainActivity#UserHandle{0}|7423 : 0
07-17 14:14:11.815  2075  2075 D InterruptionStateProvider:  no Heads up : edgelighting enabled app. 0|com.zoiper.android.app|4|null|10603
07-17 14:14:11.816  2075  2075 D InterruptionStateProvider:  no Heads up : edgelighting enabled app. 0|ru.sberbankmobile_alpha|1138|null|10144
07-17 14:14:11.816  2075  2075 D InterruptionStateProvider:  no Heads up : edgelighting enabled app. 0|com.zoiper.android.app|4|null|10603
07-17 14:14:11.817  2075  2652 D LocalImageResolver: Couldn't use ImageDecoder for drawable, falling back to non-resized load.
07-17 14:14:11.818  2075  2652 D LocalImageResolver: Couldn't use ImageDecoder for drawable, falling back to non-resized load.
07-17 14:14:11.823  5201  5201 D NLService: The notifications buffer size has reached its maximum size of 100 items. Shrinking it in order to satisfy the constraints.
07-17 14:14:11.823  5201  5201 D NLService: Successfully stored the newly arrived notification identified by 4
07-17 14:14:11.823  2075  2075 I AppIconSolution: return adaptive icon for ru.sberbankmobile_alpha, isNight = false
07-17 14:14:11.828 21019 21029 E ankmobile_alpha: Invalid resource ID 0x00000000.
07-17 14:14:11.829 21019 21029 D BmsCallerId: InnerStorageContentProvider:Not found optional file name for the SharedPreference, use the default name..
07-17 14:14:11.835  2075  2075 D PluginActionManager: stopListening
07-17 14:14:11.835  2075  2075 D PluginActionManager: startListening
07-17 14:14:11.835  2075  2205 D PluginActionManager: queryAll com.android.systemui.action.PLUGIN_NOTIFICATION_MENU_ROW
07-17 14:14:11.836  2075  2205 D PluginActionManager: Found 0 plugins
07-17 14:14:11.837  2075  2075 I View    : setRequestedFrameRate frameRate=-2.0, this=StatusBarIconView(slot='com.zoiper.android.app/0x4' alpha=1.0 icon=StatusBarIcon(icon=Icon(typ=RESOURCE pkg=com.zoiper.android.app id=0x7f08014b) visible user=0 ) visibleState=ICON iconColor=#99000000 staticDrawableColor=#99000000 decorColor=#99000000 animationStartColor=#0 currentSetColor=#99000000 notification=StatusBarNotification(pkg=com.zoiper.android.app user=UserHandle{0} id=4 tag=null key=0|com.zoiper.android.app|4|null|10603: Notification(channel=registration-channel shortcut=null contentView=null vibrate=null sound=null tick defaults=0 flags=ONGOING_EVENT|NO_CLEAR|FOREGROUND_SERVICE color=0xffff0000 vis=SECRET semFlags=0x0 semPriority=0 semMissedCount=0))), caller=com.android.systemui.statusbar.StatusBarIconView.onAttachedToWindow:6 android.view.View.dispatchAttachedToWindow:24133 android.view.ViewGroup.addViewInner:5556 android.view.ViewGroup.addView:5332 android.view.ViewGroup.addView:5272 
07-17 14:14:11.838  2075  2075 I View    : setRequestedFrameRate frameRate=-2.0, this=StatusBarIconView(slot='com.zoiper.android.app/0x4' alpha=1.0 icon=StatusBarIcon(icon=Icon(typ=RESOURCE pkg=com.zoiper.android.app id=0x7f08014b) visible user=0 ) visibleState=ICON iconColor=#ff252528 staticDrawableColor=#ffd40000 decorColor=#ff1b6cf7 animationStartColor=#0 currentSetColor=#ff252528 notification=StatusBarNotification(pkg=com.zoiper.android.app user=UserHandle{0} id=4 tag=null key=0|com.zoiper.android.app|4|null|10603: Notification(channel=registration-channel shortcut=null contentView=null vibrate=null sound=null tick defaults=0 flags=ONGOING_EVENT|NO_CLEAR|FOREGROUND_SERVICE color=0xffff0000 vis=SECRET semFlags=0x0 semPriority=0 semMissedCount=0))), caller=com.android.systemui.statusbar.StatusBarIconView.onAttachedToWindow:6 android.view.View.dispatchAttachedToWindow:24133 android.view.ViewGroup.addViewInner:5556 android.view.ViewGroup.addView:5332 android.view.ViewGroup.addView:5272 
07-17 14:14:11.848  2075  2075 I AppIconSolution: return adaptive icon for ru.sberbankmobile_alpha, isNight = false
07-17 14:14:11.854  2075  2075 I LockscreenNotificationIconsOnlyController: onNotificationInfoUpdated 0
07-17 14:14:11.854  2075  2075 I AODNotificationManager: updateNotification() 
07-17 14:14:11.860  2075  2075 I LockscreenNotificationIconsOnlyController: onNotificationInfoUpdated 0
07-17 14:14:11.860  2075  2075 I AODNotificationManager: updateNotification() 
07-17 14:14:11.870  2075  2075 I AppIconSolution: start to load, pkg=com.zoiper.android.app, bg=192-192, dr=180-180, forDefault=true, density=0
07-17 14:14:11.871  2075  2075 I AppIconSolution: getIconScale, pkg=com.zoiper.android.app, size=180, iconScale=IconScale[alpha=0, scale=0.72, isCrop=false]
07-17 14:14:11.872  2075  2075 I AppIconSolution: default container[Contain], pkg=com.zoiper.android.app, bg=250-250, dr=180-180, isNight = false
07-17 14:14:11.887  2075  2075 I AppIconSolution: start to load, pkg=com.zoiper.android.app, bg=192-192, dr=180-180, forDefault=true, density=0
07-17 14:14:11.887  2075  2075 I AppIconSolution: getIconScale, pkg=com.zoiper.android.app, size=180, iconScale=IconScale[alpha=0, scale=0.72, isCrop=false]
07-17 14:14:11.889  2075  2075 I AppIconSolution: default container[Contain], pkg=com.zoiper.android.app, bg=250-250, dr=180-180, isNight = false
07-17 14:14:11.903  2075  2075 I LockscreenNotificationIconsOnlyController: onNotificationInfoUpdated 0
07-17 14:14:11.903  2075  2075 I AODNotificationManager: updateNotification() 
07-17 14:14:11.936  1279  1279 I Telecom : SamsungTelecomServiceImpl : isInManagedCall - callingPackage : android / callingUser : UserHandle{0} / hasCrossUserAccess : true
07-17 14:14:11.947  2075  2075 D Bubbles : onEntryUpdated : shouldBubbleUp=false ,key=0|ru.sberbankmobile_alpha|1138|null|10144
07-17 14:14:11.949  1279  1279 D SmartAlertController: SmartAlert - Found Missed Event
07-17 14:14:11.950  2596  5427 I HoneySpace.NotificationListener: onNotificationPosted ru.sberbankmobile_alpha: 0|ru.sberbankmobile_alpha|1138|null|10144: 0
07-17 14:14:11.950  2596  5427 I HoneySpace.BadgeDataSourceImpl: Get notification count. PK(p='ru.sberbankmobile_alpha', u=UserHandle{0}) - forceBadgeCount: false, notification listener: 1, badge provider: 0
07-17 14:14:11.951  2596 30776 I HoneySpace.PackageEventOperator: [ApplistViewModel] badge count is updated. ru.sberbankmobile_alpha/ru.sberbank.mobile.auth.presentation.splash.SplashActivity#UserHandle{0}|6916 : 1
07-17 14:14:11.951  2596 30776 I HoneySpace.PackageEventOperator: [ApplistViewModel] badge count is updated. ru.sberbankmobile_alpha/leakcanary.internal.activity.LeakLauncherActivity#UserHandle{0}|6917 : 1
07-17 14:14:11.952  2075  2075 D InterruptionStateProvider:  no Heads up : edgelighting enabled app. 0|ru.sberbankmobile_alpha|1138|null|10144
07-17 14:14:11.953  5201  5201 D NLService: The notifications buffer size has reached its maximum size of 100 items. Shrinking it in order to satisfy the constraints.
07-17 14:14:11.953  5201  5201 D NLService: Successfully stored the newly arrived notification identified by 1138
07-17 14:14:11.955  2075  2075 D InterruptionStateProvider:  no Heads up : edgelighting enabled app. 0|ru.sberbankmobile_alpha|1138|null|10144
07-17 14:14:11.955 21019 21029 E ankmobile_alpha: Invalid resource ID 0x00000000.
07-17 14:14:11.955  2075  2075 D InterruptionStateProvider:  no Heads up : edgelighting enabled app. 0|com.zoiper.android.app|4|null|10603
07-17 14:14:11.955 21019 21029 D BmsCallerId: InnerStorageContentProvider:Not found optional file name for the SharedPreference, use the default name..
07-17 14:14:11.966  2075  2075 D PluginActionManager: stopListening
07-17 14:14:11.967  2075  2075 D PluginActionManager: startListening
07-17 14:14:11.967  2075  2205 D PluginActionManager: queryAll com.android.systemui.action.PLUGIN_NOTIFICATION_MENU_ROW
07-17 14:14:11.967  2075  2205 D PluginActionManager: Found 0 plugins
07-17 14:14:11.969  2075  2075 I View    : setRequestedFrameRate frameRate=-2.0, this=StatusBarIconView(slot='ru.sberbankmobile_alpha/0x472' alpha=1.0 icon=StatusBarIcon(icon=Icon(typ=RESOURCE pkg=ru.sberbankmobile_alpha id=0x7f080876) visible user=0 ) visibleState=ICON iconColor=#99000000 staticDrawableColor=#99000000 decorColor=#99000000 animationStartColor=#0 currentSetColor=#99000000 notification=StatusBarNotification(pkg=ru.sberbankmobile_alpha user=UserHandle{0} id=1138 tag=null key=0|ru.sberbankmobile_alpha|1138|null|10144: Notification(channel=chucker_transactions shortcut=null contentView=null vibrate=null sound=null defaults=0 flags=AUTO_CANCEL|LOCAL_ONLY color=0xff01579b actions=1 vis=PRIVATE semFlags=0x0 semPriority=0 semMissedCount=0))), caller=com.android.systemui.statusbar.StatusBarIconView.onAttachedToWindow:6 android.view.View.dispatchAttachedToWindow:24133 android.view.ViewGroup.addViewInner:5556 android.view.ViewGroup.addView:5332 android.view.ViewGroup.addView:5272 
07-17 14:14:11.970  2075  2075 I View    : setRequestedFrameRate frameRate=-2.0, this=StatusBarIconView(slot='ru.sberbankmobile_alpha/0x472' alpha=1.0 icon=StatusBarIcon(icon=Icon(typ=RESOURCE pkg=ru.sberbankmobile_alpha id=0x7f080876) visible user=0 ) visibleState=ICON iconColor=#ff252528 staticDrawableColor=#ff01579b decorColor=#ff1b6cf7 animationStartColor=#0 currentSetColor=#ff252528 notification=StatusBarNotification(pkg=ru.sberbankmobile_alpha user=UserHandle{0} id=1138 tag=null key=0|ru.sberbankmobile_alpha|1138|null|10144: Notification(channel=chucker_transactions shortcut=null contentView=null vibrate=null sound=null defaults=0 flags=AUTO_CANCEL|LOCAL_ONLY color=0xff01579b actions=1 vis=PRIVATE semFlags=0x0 semPriority=0 semMissedCount=0))), caller=com.android.systemui.statusbar.StatusBarIconView.onAttachedToWindow:6 android.view.View.dispatchAttachedToWindow:24133 android.view.ViewGroup.addViewInner:5556 android.view.ViewGroup.addView:5332 android.view.ViewGroup.addView:5272 
07-17 14:14:11.977  2075  2075 I LockscreenNotificationIconsOnlyController: onNotificationInfoUpdated 0
07-17 14:14:11.977  2075  2075 I AODNotificationManager: updateNotification() 
07-17 14:14:11.985  2075  2652 D LocalImageResolver: Couldn't use ImageDecoder for drawable, falling back to non-resized load.
07-17 14:14:11.988  2075  2652 D LocalImageResolver: Couldn't use ImageDecoder for drawable, falling back to non-resized load.
07-17 14:14:11.992  2075  2075 I AppIconSolution: return adaptive icon for ru.sberbankmobile_alpha, isNight = false
07-17 14:14:12.011  2075  2075 I AppIconSolution: return adaptive icon for ru.sberbankmobile_alpha, isNight = false
07-17 14:14:12.021  2075  2075 I LockscreenNotificationIconsOnlyController: onNotificationInfoUpdated 0
07-17 14:14:12.021  2075  2075 I AODNotificationManager: updateNotification() 
07-17 14:14:12.059  4389  4389 I SDHMS:LOAD: type: LoadsFreqs, value: 0:12:0:533000:533000:533000:853320:2600000:533000:10:130:0
07-17 14:14:12.137   673   673 D io_stats: !@   8,0 r 5127517 225797348 w 4554866 66860660 d 867056 105110192 f 0 0 iot 4259096 0 th 0 0 0 pt 0 inp 0 0 77830.547
07-17 14:14:12.137   673   673 D io_stats: !@ Write_top(KB): ankmobile_alpha(21019) 10208 kworker/u16:4(18712) 52
07-17 14:14:12.392   995   995 I android.hardware.health@2.1-service-samsung: updateLrpSysfs: write: 338
07-17 14:14:13.003  1279  3069 D FreecessController: ru.sberbankmobile_alpha(10144) is important[12]
07-17 14:14:13.054  1279  1524 D BatteryExternalStatsWorker: update stats : procstate-change (14)
07-17 14:14:13.054  1279  1524 D BatteryExternalStatsWorker: Fetch WiFi data
07-17 14:14:13.055  1279  1524 D BatteryExternalStatsWorker: Update Rail Energy data
07-17 14:14:13.056  1279  1524 D BatteryExternalStatsWorker: Fetch Bluetooth data
07-17 14:14:13.056  1279  1524 D BatteryExternalStatsWorker: Fetch modem data
07-17 14:14:13.072  1279  3891 D TelephonyManager: requestModemActivityInfo: Sending result to app: ModemActivityInfo{ mTimestamp=281022206 mSleepTimeMs=265521279 mIdleTimeMs=5028670 mActivityStatsTechSpecificInfo=[{mRat=UNKNOWN,mFrequencyRange=UNKNOWN,mTxTimeMs[]=[985319, 270453, 233557, 22104, 8295],mRxTimeMs=9779157}]}
07-17 14:14:13.076  2054  2212 D Am      : Broadcasting: Intent { act=com.samsung.intent.action.BIG_DATA_INFO (has extras) }
07-17 14:14:13.084  1279  1890 I NSLocationMonitor: Broadcast receiver, action=com.samsung.intent.action.BIG_DATA_INFO
07-17 14:14:13.091  2054  2054 D SemBigDataInfoController: Intent: com.samsung.intent.action.BIG_DATA_INFO
07-17 14:14:13.091  2054  2054 D SemBigDataInfoController: BIG_DATA insertLog slot: 0, feature: CMAI
07-17 14:14:13.091  4045  4045 I WM-RemoteWorkerService: Binding to RemoteWorkerService
07-17 14:14:13.092  1279  1522 D BatteryStatsImpl: SemModemActivityInfo{ SleepTimeMs=825 IdleTimeMs=1214 mNr=MobileActivity{ txTimeMs[]=[0, 0, 0, 0, 0] rxTimeMs=0 txBytes=0 rxBytes=0 } mLc=MobileActivity{ txTimeMs[]=[1017, 41, 44, 3, 0] rxTimeMs=780 txBytes=54537 rxBytes=5391 } }
07-17 14:14:13.093  2054  2054 D SemBigDataInfoController: Intent: com.samsung.intent.action.BIG_DATA_INFO
07-17 14:14:13.096  2054  2989 D Am      : Broadcast completed: result=0
07-17 14:14:13.101  4045  4534 I WM-WorkerWrapper: Worker result FAILURE for Work [ id=980e04ee-0531-41d3-9613-e7e01088d753, tags={ com.samsung.android.smartsuggestions.contentmanagement.screenshot.ScreenshotWorker } ]
07-17 14:14:13.152  1279  1524 D BatteryExternalStatsWorker: Update bluetooth state
07-17 14:14:13.153  1279  1524 D BatteryExternalStatsWorker: mStats lock released
07-17 14:14:13.167  1279  1524 D BatteryStatsImpl: NetworkStats size(wifi): 432
07-17 14:14:13.174  1279  1524 D BatteryExternalStatsWorker: Update wifi state
07-17 14:14:13.181  1279  1524 D BatteryStatsImpl: NetworkStats size(modem): 218
07-17 14:14:13.183  1279  1524 D BatteryExternalStatsWorker: Update modem state
07-17 14:14:13.183  1279  1524 D BatteryExternalStatsWorker: done updateExternalStatsLocked
07-17 14:14:13.311  1100  1195 I VSyncReactor: Current= 60, Period= 60, Distance= 1
07-17 14:14:13.328  1100  1195 I VSyncReactor: Current= 60, Period= 60, Distance= 60
07-17 14:14:13.817 14197 14197 I wpa_supplicant: Heartbeat 5551
07-17 14:14:13.907  1279  1800 D ActivityManager: Received BROADCAST intent 0xb94a74f Key{broadcastIntent pkg=android intent=act=com.android.server.action.NETWORK_STATS_POLL flags=0x4000000 u=0} requestCode=0 sent=0 from uid 1000
07-17 14:14:13.912  1279  1800 D ActivityManager: Received BROADCAST intent 0x7a07ffd Key{broadcastIntent pkg=com.sec.android.daemonapp intent=act=com.samsung.android.weather.intent.action.AUTOREFRESH pkg=com.sec.android.daemonapp flags=0x4000000 u=0} requestCode=1004 sent=0 from uid 1000
07-17 14:14:13.913  1279  1512 D CompatChangeReporter: Compat change id reported: 151861875; UID 10177; state: ENABLED
07-17 14:14:13.913  1279  1512 V GrammaticalInflectionUtils: AttributionSource: AttributionSource { uid = 10177, packageName = null, attributionTag = null, token = android.os.Binder@a6325b9, deviceId = 0, next = null } does not have READ_SYSTEM_GRAMMATICAL_GENDER permission.
07-17 14:14:13.918  1279  1800 D ActivityManager: Received BROADCAST intent 0xf1abcf9 Key{broadcastIntent pkg=com.android.providers.calendar intent=act=com.android.providers.calendar.intent.CalendarProvider2 cmp=com.android.providers.calendar/.CalendarProviderBroadcastReceiver flags=0x4000000 u=0} requestCode=100 sent=0 from uid 1000
07-17 14:14:13.924  1279  1800 D ActivityManager: Received SERVICE intent 0x7652e08 Key{startService pkg=com.samsung.android.game.gos intent=cmp=com.samsung.android.game.gos/.service.MainIntentService flags=0x2000000 u=0} requestCode=1000 from uid 1000
07-17 14:14:13.926  1279  1800 D ActivityManager: Received BROADCAST intent 0xb16f7f Key{broadcastIntent pkg=com.whatsapp intent=act=com.whatsapp.action.HOURLY_CRON cmp=com.whatsapp/.alarmservice.AlarmBroadcastReceiver flags=0x4000000 u=0} requestCode=0 sent=0 from uid 1000
07-17 14:14:13.928 18917 30957 I GOS:MainIntentService: onHandleIntent(). type(ON_ALARM) from 4
07-17 14:14:13.928 18917 30957 I GOS:MainIntentService: received UPDATE_ALARM type alarm: ON_ALARM
07-17 14:14:13.928  1279  1800 D ActivityManager: Received BROADCAST intent 0xdab92c Key{broadcastIntent pkg=com.vkontakte.android intent=act=SERVICE_SETTINGS_CHECK cat=[settings_action_type:TIMER] cmp=com.vkontakte.android/ru.mail.verify.core.utils.AlarmReceiver flags=0x4000000 u=0} requestCode=0 sent=0 from uid 1000
07-17 14:14:13.928  1279  4366 D SGM:GameManager: getVersion.
07-17 14:14:13.929  1279  1800 D ActivityManager: Received BROADCAST intent 0xc4cd98 Key{broadcastIntent pkg=com.sec.android.sdhms intent=act=com.sec.android.alarm.refresh.battery_stats flags=0x4000000 u=0} requestCode=0 sent=0 from uid 1000
07-17 14:14:13.951   963   963 D Zygote  : Forked child process 30958
07-17 14:14:13.952  1279  1513 I ActivityManager: Start proc 30958:com.sec.android.daemonapp/u0a177 for broadcast {com.sec.android.daemonapp/com.sec.android.daemonapp.receiver.SystemReceiver}
07-17 14:14:13.955  1279  1354 W SemBatteryUsageStatsProvider: ******** Except for the blocked tag or tableName=Abort: Callback failed on alarmtimer.4.auto in platform_pm_suspend.cfi_jt+0x0/0x4 returned -16
07-17 14:14:13.959  4389  4901 I SDHMS:t : Polling event handleUpdatedDeltaLocked will starts.
07-17 14:14:13.959  4389  4901 I SDHMS:t : handleUpdatedDeltaLocked : 2025-07-17 14:04:05.939 ~ 2025-07-17 14:14:13.959   reason=POLLING
07-17 14:14:13.959  4389  4901 I SDHMS:t : Polling event handleUpdatedDeltaLocked finished.
07-17 14:14:13.965 30958 30958 I droid.daemonapp: Using CollectorTypeCC GC.
07-17 14:14:13.969  8591  8596 I adbd    : jdwp connection from 30958
07-17 14:14:13.970  4389  4524 E SQLiteLog: (1) table all has no column named screen_doze_discharge in "INSERT INTO [all](screen_off_time,batterydelta,start_time,screen_power,condition,screen_off_discharge,batteryuptime,time,power,screen_doze_discharge,scre
07-17 14:14:13.971  4389  4524 E SQLiteDatabase: Error inserting screen_off_time=0 batterydelta=0 start_time=1752750245939 screen_power=0.0 condition=0 screen_off_discharge=0 batteryuptime=0 time=1752750853959 power=0.0 screen_doze_discharge=0 screen_on_time=0 screen_on_discharge=0
07-17 14:14:13.971  4389  4524 E SQLiteDatabase: android.database.sqlite.SQLiteException: table all has no column named screen_doze_discharge (code 1 SQLITE_ERROR[1]): , while compiling: INSERT INTO [all](screen_off_time,batterydelta,start_time,screen_power,condition,screen_off_discharge,batteryuptime,time,power,screen_doze_discharge,screen_on_time,screen_on_discharge) VALUES (?,?,?,?,?,?,?,?,?,?,?,?)
07-17 14:14:13.971  4389  4524 E SQLiteDatabase: 	at android.database.sqlite.SQLiteConnection.nativePrepareStatement(Native Method)
07-17 14:14:13.971  4389  4524 E SQLiteDatabase: 	at android.database.sqlite.SQLiteConnection.-$$Nest$smnativePrepareStatement(Unknown Source:0)
07-17 14:14:13.971  4389  4524 E SQLiteDatabase: 	at android.database.sqlite.SQLiteConnection$PreparedStatementCache.createStatement(SQLiteConnection.java:2012)
07-17 14:14:13.971  4389  4524 E SQLiteDatabase: 	at android.database.sqlite.SQLiteConnection.acquirePreparedStatementLI(SQLiteConnection.java:1548)
07-17 14:14:13.971  4389  4524 E SQLiteDatabase: 	at android.database.sqlite.SQLiteConnection.acquirePreparedStatement(SQLiteConnection.java:1576)
07-17 14:14:13.971  4389  4524 E SQLiteDatabase: 	at android.database.sqlite.SQLiteConnection.prepare(SQLiteConnection.java:994)
07-17 14:14:13.971  4389  4524 E SQLiteDatabase: 	at android.database.sqlite.SQLiteSession.prepare(SQLiteSession.java:614)
07-17 14:14:13.971  4389  4524 E SQLiteDatabase: 	at android.database.sqlite.SQLiteProgram.<init>(SQLiteProgram.java:63)
07-17 14:14:13.971  4389  4524 E SQLiteDatabase: 	at android.database.sqlite.SQLiteStatement.<init>(SQLiteStatement.java:34)
07-17 14:14:13.971  4389  4524 E SQLiteDatabase: 	at android.database.sqlite.SQLiteDatabase.insertWithOnConflict(SQLiteDatabase.java:2545)
07-17 14:14:13.971  4389  4524 E SQLiteDatabase: 	at android.database.sqlite.SQLiteDatabase.insert(SQLiteDatabase.java:2415)
07-17 14:14:13.971  4389  4524 E SQLiteDatabase: 	at com.sec.android.sdhms.power.poweranomaly.BatteryStatsDBProvider.insert(qb/96467066 feb2902d0b8c5941d36bb805d11d96d144a3d889ecdc7494259574dde32ec06c:112)
07-17 14:14:13.971  4389  4524 E SQLiteDatabase: 	at android.content.ContentProvider.insert(ContentProvider.java:1975)
07-17 14:14:13.971  4389  4524 E SQLiteDatabase: 	at android.content.ContentProvider$Transport.insert(ContentProvider.java:455)
07-17 14:14:13.971  4389  4524 E SQLiteDatabase: 	at android.content.ContentResolver.insert(ContentResolver.java:2222)
07-17 14:14:13.971  4389  4524 E SQLiteDatabase: 	at android.content.ContentResolver.insert(ContentResolver.java:2184)
07-17 14:14:13.971  4389  4524 E SQLiteDatabase: 	at D1.N.e(qb/96467066 feb2902d0b8c5941d36bb805d11d96d144a3d889ecdc7494259574dde32ec06c:739)
07-17 14:14:13.971  4389  4524 E SQLiteDatabase: 	at D1.q0.n(qb/96467066 feb2902d0b8c5941d36bb805d11d96d144a3d889ecdc7494259574dde32ec06c:20)
07-17 14:14:13.971  4389  4524 E SQLiteDatabase: 	at D1.h0.c(qb/96467066 feb2902d0b8c5941d36bb805d11d96d144a3d889ecdc7494259574dde32ec06c:28)
07-17 14:14:13.971  4389  4524 E SQLiteDatabase: 	at D1.h0.b(qb/96467066 feb2902d0b8c5941d36bb805d11d96d144a3d889ecdc7494259574dde32ec06c:1)
07-17 14:14:13.971  4389  4524 E SQLiteDatabase: 	at D1.g0.run(qb/96467066 feb2902d0b8c5941d36bb805d11d96d144a3d889ecdc7494259574dde32ec06c:5)
07-17 14:14:13.971  4389  4524 E SQLiteDatabase: 	at android.os.Handler.handleCallback(Handler.java:959)
07-17 14:14:13.971  4389  4524 E SQLiteDatabase: 	at android.os.Handler.dispatchMessage(Handler.java:100)
07-17 14:14:13.971  4389  4524 E SQLiteDatabase: 	at android.os.Looper.loopOnce(Looper.java:257)
07-17 14:14:13.971  4389  4524 E SQLiteDatabase: 	at android.os.Looper.loop(Looper.java:342)
07-17 14:14:13.971  4389  4524 E SQLiteDatabase: 	at android.os.HandlerThread.run(HandlerThread.java:85)
07-17 14:14:13.976 18917 30957 I GOS:AlarmController: onUpdateAlarm(), start!, IntentType: ON_ALARM
07-17 14:14:13.979 30958 30958 I ActivityThread: Relaunch all activities: onCoreSettingsChange
07-17 14:14:13.982 18917 30957 I GOS:AlarmController: onUpdateAlarm() - Wi-Fi not available, sync: true millisFromLastUpdate: 277410563
07-17 14:14:13.989 31735 31735 D WM-DelayedWorkTracker: Scheduling work 8a01e298-a600-448c-b7aa-3a9c0f5e1fca
07-17 14:14:13.989 31735 31735 D WM-GreedyScheduler: Starting tracking for 8a01e298-a600-448c-b7aa-3a9c0f5e1fca
07-17 14:14:13.991  4389  4524 E SQLiteLog: (1) no such column: screen_doze_discharge in "SELECT time, power, screen_on_time, screen_off_time, screen_on_discharge, screen_off_discharge, screen_doze_discharge FROM [all]"
07-17 14:14:13.991  4389  4524 I SDHMS:BatteryStatsDBProvider: query Exception : no such column: screen_doze_discharge (code 1 SQLITE_ERROR[1]): , while compiling: SELECT time, power, screen_on_time, screen_off_time, screen_on_discharge, screen_off_discharge, screen_doze_discharge FROM [all]
07-17 14:14:13.991  4389  4524 I SDHMS:BarTender:Gatherer:BatteryStats: BarTender addStats To DB (14 ms) ExtDB (13 ms)
07-17 14:14:13.991  4389  4524 I SDHMS:BarTender:Gatherer:BatteryStats:  BatteryStats refreshed (27 ms) analyzed (5 ms)
07-17 14:14:13.993 31735 31735 D WM-SystemJobService: onStartJob for WorkGenerationalId(workSpecId=8a01e298-a600-448c-b7aa-3a9c0f5e1fca, generation=0)
07-17 14:14:13.993 31735 31787 D WM-ConstraintTracker: j: initial state = NetworkState(isConnected=true, isValidated=true, isMetered=true, isNotRoaming=true)
07-17 14:14:13.993 31735 31787 D WM-NetworkStateTracker: Registering network callback
07-17 14:14:13.993 31735 31787 D ConnectivityManager: StackLog: [android.net.ConnectivityManager.sendRequestForNetwork(ConnectivityManager.java:4736)] [android.net.ConnectivityManager.registerDefaultNetworkCallbackForUid(ConnectivityManager.java:5461)] [android.net.ConnectivityManager.registerDefaultNetworkCallback(ConnectivityManager.java:5428)] [android.net.ConnectivityManager.registerDefaultNetworkCallback(ConnectivityManager.java:5402)] [androidx.work.impl.constraints.trackers.j.c(SourceFile:28)] [androidx.work.impl.constraints.controllers.a.invokeSuspend(SourceFile:106)] [androidx.work.impl.constraints.controllers.a.invoke(SourceFile:13)] [kotlinx.coroutines.flow.d.f(SourceFile:3)] [kotlinx.coroutines.flow.b.f(SourceFile:57)] [kotlinx.coroutines.flow.internal.f.invokeSuspend(SourceFile:33)] [kotlin.coroutines.jvm.internal.a.resumeWith(SourceFile:9)] [kotlinx.coroutines.W.run(SourceFile:111)] [androidx.work.impl.utils.B$a.run(SourceFile:3)] [java.util.concurrent.ThreadPoolExecutor.runWorker(ThreadPoolExecutor.java:1156)] [java.util.concurrent.ThreadPoolExecutor$Worker.run(ThreadPoolExecutor.java:651)] [java.lang.Thread.run(Thread.java:1119)]
07-17 14:14:13.994  1279  1354 D ConnectivityService: requestNetwork for uid/pid:10354/31735 activeRequest: null callbackRequest: 4439 [NetworkRequest [ REQUEST id=4440, [ Capabilities: INTERNET&NOT_RESTRICTED&TRUSTED&NOT_VCN_MANAGED&NOT_BANDWIDTH_CONSTRAINED Uid: 10354 RequestorUid: 10354 RequestorPkg: ru.vk.store UnderlyingNetworks: Null] ]] callback flags: 0 order: 2147483647 isUidTracked: false declaredMethods: AVAIL|LOST|NC
07-17 14:14:13.995  1279  1875 D ConnectivityService:    accepting network in place of null for NetworkRequest [ REQUEST id=4440, [ Capabilities: INTERNET&NOT_RESTRICTED&TRUSTED&NOT_VCN_MANAGED&NOT_BANDWIDTH_CONSTRAINED Uid: 10354 RequestorUid: 10354 RequestorPkg: ru.vk.store UnderlyingNetworks: Null] ]
07-17 14:14:13.998  1279  1863 D WifiNetworkFactory: got request NetworkRequest [ REQUEST id=4440, [ Capabilities: INTERNET&NOT_RESTRICTED&TRUSTED&NOT_VCN_MANAGED&NOT_BANDWIDTH_CONSTRAINED Uid: 10354 RequestorUid: 10354 RequestorPkg: ru.vk.store UnderlyingNetworks: Null] ]
07-17 14:14:13.998  1279  1863 D UntrustedWifiNetworkFactory: got request NetworkRequest [ REQUEST id=4440, [ Capabilities: INTERNET&NOT_RESTRICTED&TRUSTED&NOT_VCN_MANAGED&NOT_BANDWIDTH_CONSTRAINED Uid: 10354 RequestorUid: 10354 RequestorPkg: ru.vk.store UnderlyingNetworks: Null] ]
07-17 14:14:13.999  1279  1863 D OemPaidWifiNetworkFactory: got request NetworkRequest [ REQUEST id=4440, [ Capabilities: INTERNET&NOT_RESTRICTED&TRUSTED&NOT_VCN_MANAGED&NOT_BANDWIDTH_CONSTRAINED Uid: 10354 RequestorUid: 10354 RequestorPkg: ru.vk.store UnderlyingNetworks: Null] ]
07-17 14:14:13.999  1279  1863 D MultiInternetWifiNetworkFactory: got request NetworkRequest [ REQUEST id=4440, [ Capabilities: INTERNET&NOT_RESTRICTED&TRUSTED&NOT_VCN_MANAGED&NOT_BANDWIDTH_CONSTRAINED Uid: 10354 RequestorUid: 10354 RequestorPkg: ru.vk.store UnderlyingNetworks: Null] ]
07-17 14:14:13.999  1279  1875 D ConnectivityService: Rematched networks [computed 1ms] [applied 0ms] [issued 4]
07-17 14:14:14.000  1279  1875 D ConnectivityService: NetworkReassignment :
07-17 14:14:14.000  1279  1875 D ConnectivityService:   4440 : null  119
07-17 14:14:14.000 31735 31855 D WM-NetworkStateTracker: Network capabilities changed: [ Transports: CELLULAR Capabilities: SUPL&INTERNET&NOT_RESTRICTED&TRUSTED&NOT_VPN&VALIDATED&NOT_ROAMING&FOREGROUND&NOT_CONGESTED&NOT_SUSPENDED&NOT_VCN_MANAGED&NOT_BANDWIDTH_CONSTRAINED LinkUpBandwidth>=22200Kbps LinkDnBandwidth>=47126Kbps Specifier: <TelephonyNetworkSpecifier [mSubId = 2]> SubscriptionIds: {2} UnderlyingNetworks: Null]
07-17 14:14:14.001 31735 31839 D WM-Processor: q: processing WorkGenerationalId(workSpecId=8a01e298-a600-448c-b7aa-3a9c0f5e1fca, generation=0)
07-17 14:14:14.006 31735 31839 D WM-GreedyScheduler: Constraints met: Scheduling work ID WorkGenerationalId(workSpecId=8a01e298-a600-448c-b7aa-3a9c0f5e1fca, generation=0)
07-17 14:14:14.006 31735 31735 D WM-WorkerWrapper: Starting work for com.vk.push.pushsdk.work.OneTimePushReceiveWorker
07-17 14:14:14.007 31735 31839 D WM-Processor: Work WorkGenerationalId(workSpecId=8a01e298-a600-448c-b7aa-3a9c0f5e1fca, generation=0) is already enqueued for processing
07-17 14:14:14.008 31735 16603 I VkpnsPushProvider:OneTimePushReceiveWorker: Work has started
07-17 14:14:14.010 31735 16603 I VkpnsPushProvider:OneTimePushReceiveWorker:OneTimePushReceiveHelper: Sync pushes started, available timeout: 300
07-17 14:14:14.010 31735 16603 I VkpnsPushProvider:OneTimePushReceiveWorker:OneTimePushReceiveHelper:StateMachine: Consume event: com.vk.push.pushsdk.receiver.n$a$b@bc9ef54
07-17 14:14:14.010 31735 16603 I VkpnsPushProvider:OneTimePushReceiveWorker:OneTimePushReceiveHelper:StateMachine: New state is com.vk.push.pushsdk.receiver.n$b$e@adeaefd
07-17 14:14:14.010 31735 16603 D VkpnsPushProvider:CachingPushMessagesReceiver: Start receive messages
07-17 14:14:14.010 31735 16603 D VkpnsPushProvider:MergedReceiver: Start receive messages
07-17 14:14:14.010 31735 16603 D VkpnsPushProvider:VkpnsContinuousMessagesReceiver: Start receive messages
07-17 14:14:14.011 31735 32325 D VkpnsPushProvider:VkpnsContinuousMessagesReceiver: Start receive messages for 5 tokens
07-17 14:14:14.012 31735 32325 D VkpnsPushProvider:VkpnsContinuousMessagesReceiver: Receiving messages with 5 requests
07-17 14:14:14.043  1279  3891 I AppWidgetServiceImpl: getInstalledProvidersForProfiles() 
07-17 14:14:14.043  1279  3891 I AppWidgetServiceImpl: getInstalledProvidersForProfiles lock in
07-17 14:14:14.043  1279  3891 I AppWidgetServiceImpl: getInstalledProvidersForProfiles lock exit
07-17 14:14:14.048 30958 30958 I [WEATHER]: {[E26702849EBFCF17DF1D96E14295A03EF957558AA3146C39DE858FF31106FB3A1DA5236AAD2410E375375EF3325C5B09D71320456158D9198C7842B2FB02F963ECAA6D1FB95FFA0C5E8AEF347366F87486121FEC38C756CF51895D1D8677752C]}
07-17 14:14:14.049  1279  3891 D PackageManager: setEnabledSetting : userId = 0 packageName = com.sec.android.daemonapp cmp = androidx.work.impl.background.systemjob.SystemJobService newState = 1 callingPackage = com.sec.android.daemonapp
07-17 14:14:14.050  1279  3891 D ApplicationPolicy: getApplicationStateEnabled : pkg = com.sec.android.daemonapp userId : 0
07-17 14:14:14.050  1279  3891 D ApplicationPolicy: getApplicationComponentState : pkg = com.sec.android.daemonapp userId : 0
07-17 14:14:14.052  1279  1512 D CompatChangeReporter: Compat change id reported: 151861875; UID 10102; state: ENABLED
07-17 14:14:14.052  1279  1512 V GrammaticalInflectionUtils: AttributionSource: AttributionSource { uid = 10102, packageName = null, attributionTag = null, token = android.os.Binder@a6325b9, deviceId = 0, next = null } does not have READ_SYSTEM_GRAMMATICAL_GENDER permission.
07-17 14:14:14.053 30958 30958 I [WEATHER]: {[59682FFB40DA8060A52AE78B14923E5C0398A67EB4786D5B3837A16BF66D4BCAFE42BC4DB976ACFC6FC0F4B1ADC050DF]}
07-17 14:14:14.058 30958 30958 I [WEATHER]: {[5CAEC63DB7B89B740F5D2E5F13D44DE197100659505B3A01404F59ADFF32AF776B2253EA606C3E5E338CF7CFECE32812]}
07-17 14:14:14.063  1279  2016 D NetdEventListenerService: DNS Requested by 119, 10354(ru.vk.store), SUCCESS, 43ms
07-17 14:14:14.064   963   963 D Zygote  : Forked child process 31010
07-17 14:14:14.064  1279  1513 I ActivityManager: Start proc 31010:com.android.providers.calendar/u0a102 for broadcast {com.android.providers.calendar/com.android.providers.calendar.CalendarProviderBroadcastReceiver}
07-17 14:14:14.069   691   691 W keymaster_tee: [WRN]begin req PARAMS: A32 B2 P64 
07-17 14:14:14.070   690  8041 I keystore2: system/security/keystore2/src/security_level.rs:454 - In create_operation. Success to create IKeystoreOperation. 10177, None
07-17 14:14:14.070   691   691 W keymaster_tee: [WRN]begin req PARAMS: A32 B2 P64 
07-17 14:14:14.071 30958 31004 W [WEATHER]: {[A08BA6851A213021D5F82BBB338225EB897EC186AC45D639653CBD5F2F2CC862EEDBA57770EFB92DDE1596CD2EB1B9AB737252565B72C7056E83F19C033C31257FE7DC8E59103DD72B79017002F8AC96]}
07-17 14:14:14.071 30958 31004 E [WEATHER]: {[4D63BA3A7171858DA5D3F9375C43492DDF25E5A1AD7D8FEF26A2A3C27FCA533645F81B5C97AD32F6DE1997D8427A3FBDAC4FE3B3432AA7141CC13B626036C6FA]}
07-17 14:14:14.072   690 12134 I keystore2: system/security/keystore2/src/security_level.rs:454 - In create_operation. Success to create IKeystoreOperation. 10177, None
07-17 14:14:14.072   691   691 W keymaster_tee: [WRN]begin req PARAMS: A32 B2 P64 
07-17 14:14:14.073   690  5169 I keystore2: system/security/keystore2/src/security_level.rs:454 - In create_operation. Success to create IKeystoreOperation. 10177, None
07-17 14:14:14.073 31010 31010 I viders.calendar: Using CollectorTypeCC GC.
07-17 14:14:14.077 31010 31010 E viders.calendar: Not starting debugger since process cannot load the jdwp agent.
07-17 14:14:14.079 31010 31010 D nativeloader: Load libframework-connectivity-tiramisu-jni.so using APEX ns com_android_tethering for caller /apex/com.android.tethering/javalib/framework-connectivity-t.jar: ok
07-17 14:14:14.081  1279  1354 D CompatChangeReporter: Compat change id reported: 311402873; UID 10177; state: ENABLED
07-17 14:14:14.081  1279  1354 D CompatChangeReporter: Compat change id reported: 323349338; UID 10177; state: ENABLED
07-17 14:14:14.081 31010 31010 D ActivityThread: setConscryptValidator
07-17 14:14:14.081 31010 31010 D ActivityThread: setConscryptValidator - put
07-17 14:14:14.081   691   691 W keymaster_tee: [WRN]begin req PARAMS: A32 B2 P64 
07-17 14:14:14.081 30958 30958 I [WEATHER]: {[6B51E1BC241DAA63BF9EF648EB409F62E2D7979E7BFDEE3D3E90B39C1B8694DCCB76730526972689189F3467232F5F47FDE53E2C3BD6C5633ADB1B53DB6CB23B]}
07-17 14:14:14.082 30958 30958 I [WEATHER]: {[5619F5ABD1569929AF1B36B49B84B798DEF9965AB19EA0A56DDB537B44BC72E3]}
07-17 14:14:14.083   690  8041 I keystore2: system/security/keystore2/src/security_level.rs:454 - In create_operation. Success to create IKeystoreOperation. 10177, None
07-17 14:14:14.084   691   691 W keymaster_tee: [WRN]begin req PARAMS: A32 B2 P64 
07-17 14:14:14.086 31010 31010 I ActivityThread: Relaunch all activities: onCoreSettingsChange
07-17 14:14:14.086   690 12134 I keystore2: system/security/keystore2/src/security_level.rs:454 - In create_operation. Success to create IKeystoreOperation. 10177, None
07-17 14:14:14.088   691   691 W keymaster_tee: [WRN]begin req PARAMS: A32 B2 P64 
07-17 14:14:14.089 30575 30608 I appium  : channel read: DELETE /session/2b4450f7-fa3f-4b9c-9149-4b258ea532e3
07-17 14:14:14.090   690  5169 I keystore2: system/security/keystore2/src/security_level.rs:454 - In create_operation. Success to create IKeystoreOperation. 10177, None
07-17 14:14:14.090 30575 30608 I appium  : DeleteSession command
07-17 14:14:14.091 30575 30608 I appium  : AppiumResponse: {"sessionId":"2b4450f7-fa3f-4b9c-9149-4b258ea532e3","value":null}
07-17 14:14:14.094 31010 31010 D nativeloader: Configuring clns-shared-7 for other apk /system/priv-app/SamsungCalendarProvider/SamsungCalendarProvider.apk. target_sdk_version=35, uses_libraries=, library_path=/system/priv-app/SamsungCalendarProvider/lib/arm64:/system/lib64, permitted_path=/data:/mnt/expand:/data/user/0/com.android.providers.calendar:/system/priv-app/SamsungCalendarProvider:/system/lib64
07-17 14:14:14.095 31010 31010 D CompatChangeReporter: Compat change id reported: 202956589; UID 10102; state: ENABLED
07-17 14:14:14.096   691   691 W keymaster_tee: [WRN]begin req PARAMS: A32 B2 P64 
07-17 14:14:14.098   690  2056 I keystore2: system/security/keystore2/src/security_level.rs:454 - In create_operation. Success to create IKeystoreOperation. 10177, None
07-17 14:14:14.098   691   691 W keymaster_tee: [WRN]begin req PARAMS: A32 B2 P64 
07-17 14:14:14.099   690  5169 I keystore2: system/security/keystore2/src/security_level.rs:454 - In create_operation. Success to create IKeystoreOperation. 10177, None
07-17 14:14:14.100   691   691 W keymaster_tee: [WRN]begin req PARAMS: A32 B2 P64 
07-17 14:14:14.100 31010 31010 V GraphicsEnvironment: Currently set values for:
07-17 14:14:14.100 31010 31010 V GraphicsEnvironment:   angle_gl_driver_selection_pkgs=[]
07-17 14:14:14.100 31010 31010 V GraphicsEnvironment:   angle_gl_driver_selection_values=[]
07-17 14:14:14.100 31010 31010 V GraphicsEnvironment: Global.Settings values are invalid: number of packages: 0, number of values: 0
07-17 14:14:14.101   690   690 I keystore2: system/security/keystore2/src/security_level.rs:454 - In create_operation. Success to create IKeystoreOperation. 10177, None
07-17 14:14:14.101   691   691 W keymaster_tee: [WRN]begin req PARAMS: A32 B2 P64 
07-17 14:14:14.102   690  2056 I keystore2: system/security/keystore2/src/security_level.rs:454 - In create_operation. Success to create IKeystoreOperation. 10177, None
07-17 14:14:14.102   691   691 W keymaster_tee: [WRN]begin req PARAMS: A32 B2 P64 
07-17 14:14:14.103   690  8041 I keystore2: system/security/keystore2/src/security_level.rs:454 - In create_operation. Success to create IKeystoreOperation. 10177, None
07-17 14:14:14.104 31010 31010 I TasksProvider: TaskProvider Constructor
07-17 14:14:14.104 30575 30575 I appium  : Stopping ServerInstrumentation
07-17 14:14:14.105 30575 30575 I appium  : Stopping MJPEG Server
07-17 14:14:14.106 30575 30598 E appium  : Socket Server failed to open connection.
07-17 14:14:14.106 30575 30598 E appium  : java.net.SocketException: Socket closed
07-17 14:14:14.106 30575 30598 E appium  : 	at java.net.PlainSocketImpl.socketAccept(PlainSocketImpl.java:213)
07-17 14:14:14.106 30575 30598 E appium  : 	at java.net.AbstractPlainSocketImpl.accept(AbstractPlainSocketImpl.java:451)
07-17 14:14:14.106 30575 30598 E appium  : 	at java.net.ServerSocket.implAccept(ServerSocket.java:569)
07-17 14:14:14.106 30575 30598 E appium  : 	at java.net.ServerSocket.accept(ServerSocket.java:537)
07-17 14:14:14.106 30575 30598 E appium  : 	at io.appium.uiautomator2.server.mjpeg.MjpegScreenshotServer.run(MjpegScreenshotServer.java:66)
07-17 14:14:14.106 30575 30598 E appium  : Caused by: android.system.ErrnoException: accept failed: EINVAL (Invalid argument)
07-17 14:14:14.106 30575 30598 E appium  : 	at libcore.io.Linux.accept(Native Method)
07-17 14:14:14.106 30575 30598 E appium  : 	at libcore.io.ForwardingOs.accept(ForwardingOs.java:91)
07-17 14:14:14.106 30575 30598 E appium  : 	at libcore.io.BlockGuardOs.accept(BlockGuardOs.java:66)
07-17 14:14:14.106 30575 30598 E appium  : 	at libcore.io.ForwardingOs.accept(ForwardingOs.java:91)
07-17 14:14:14.106 30575 30598 E appium  : 	at java.net.PlainSocketImpl.socketAccept(PlainSocketImpl.java:201)
07-17 14:14:14.106 30575 30598 E appium  : 	... 4 more
07-17 14:14:14.106 30575 30575 I appium  : MJPEG Server stopped
07-17 14:14:14.106  1279  3891 D PowerManagerService: [api] release WakeLock SCREEN_DIM_WAKE_LOCK              'UiAutomator2:ScreenKeeper' ACQ=-1m44s531ms (uid=10644 pid=30575 displayId=-1 lock=461901a)
07-17 14:14:14.106  1279  3891 D EdgeLightingManager: hideForWakeLock packageName=io.appium.uiautomator2.server
07-17 14:14:14.107  1279  3891 D EdgeLightingManager: hideForWakeLock is no more used
07-17 14:14:14.107   691   691 W keymaster_tee: [WRN]begin req PARAMS: A32 B2 P64 
07-17 14:14:14.108   690   690 I keystore2: system/security/keystore2/src/security_level.rs:454 - In create_operation. Success to create IKeystoreOperation. 10177, None
07-17 14:14:14.109 31010 31010 I CalendarProvider$CalendarProvider2: CalendarProvider Started.
07-17 14:14:14.111 30575 30575 I appium  : ServerInstrumentation stopped
07-17 14:14:14.114 30575 30592 I appium  : >>>Entry point finish<<<
07-17 14:14:14.114 30575 30592 I TestRunner: finished: startServer(io.appium.uiautomator2.server.test.AppiumUiAutomator2Server)
07-17 14:14:14.116 30575 30592 I TestRunner: run finished: 1 tests, 0 failed, 0 ignored
07-17 14:14:14.117 30958 30958 I [WEATHER]: {[1A7C9B8650FB1F35B52F94320E7D9E70AEFFE2AB3631F67F98CACCAF9655522617145E7B1447ED27B14F5FBA93F4111145E2E0FE0A9BA6F61E30F2CF337ADFE24FD01935E414E87833DEDEDCF3A3DB5D50B73D9AD87FB61136AE801879AA24F54EC0BF24C0AC48F32DF92AE99C8B1685805BC58A6CE89D8856A548CF0D53E88A]}
07-17 14:14:14.119 30958 30958 I [WEATHER]: {[0760F1CA2EBE9795FF9A185E46C02F8A98F4E3AA12A58A0B1D43739FC0FEA568D39C2B9418C4DF4E134DE953605C03B43AD05BE4DCAF369E1EFE3D3AAE11212C59C7601AF240605476AFC8A7BBD43A41B06FA902F5C1F6D4CCDBCD8B55EC8309BF5FEE0F0DB93E15CCC86E10A8D9851B82DD7244C905CACFF26371CE160D40C1556A7FAD97C1928FBB6FA9B86BB0EEC95508D2D450AF58FB7E0A356B2393F3236E500B95CF5898CD7F574D3B18B36E88]}
07-17 14:14:14.120 31010 31010 I CalendarProvider$CalendarProvider2: registerIntentFilter
07-17 14:14:14.120  1279  3891 D KNOX_MDM_SettingsProvider: isChangeAllowed() : name = accessibility_enabled
